ARM GAS  C:\Users\Henrique\AppData\Local\Temp\ccwpOHL1.s 			page 1


   1              		.syntax unified
   2              		.cpu cortex-m0
   3              		.fpu softvfp
   4              		.eabi_attribute 20, 1
   5              		.eabi_attribute 21, 1
   6              		.eabi_attribute 23, 3
   7              		.eabi_attribute 24, 1
   8              		.eabi_attribute 25, 1
   9              		.eabi_attribute 26, 1
  10              		.eabi_attribute 30, 1
  11              		.eabi_attribute 34, 0
  12              		.eabi_attribute 18, 4
  13              		.thumb
  14              		.syntax unified
  15              		.file	"cyfitter_cfg.c"
  16              		.text
  17              	.Ltext0:
  18              		.cfi_sections	.debug_frame
  19              		.section	.text.CYMEMZERO,"ax",%progbits
  20              		.align	2
  21              		.code	16
  22              		.thumb_func
  23              		.type	CYMEMZERO, %function
  24              	CYMEMZERO:
  25              	.LFB0:
  26              		.file 1 "Generated_Source\\PSoC4\\cyfitter_cfg.c"
   1:Generated_Source\PSoC4/cyfitter_cfg.c **** 
   2:Generated_Source\PSoC4/cyfitter_cfg.c **** /*******************************************************************************
   3:Generated_Source\PSoC4/cyfitter_cfg.c **** * File Name: cyfitter_cfg.c
   4:Generated_Source\PSoC4/cyfitter_cfg.c **** * 
   5:Generated_Source\PSoC4/cyfitter_cfg.c **** * PSoC Creator  4.4
   6:Generated_Source\PSoC4/cyfitter_cfg.c **** *
   7:Generated_Source\PSoC4/cyfitter_cfg.c **** * Description:
   8:Generated_Source\PSoC4/cyfitter_cfg.c **** * This file contains device initialization code.
   9:Generated_Source\PSoC4/cyfitter_cfg.c **** * Except for the user defined sections in CyClockStartupError(), this file should not be modified.
  10:Generated_Source\PSoC4/cyfitter_cfg.c **** * This file is automatically generated by PSoC Creator.
  11:Generated_Source\PSoC4/cyfitter_cfg.c **** *
  12:Generated_Source\PSoC4/cyfitter_cfg.c **** ********************************************************************************
  13:Generated_Source\PSoC4/cyfitter_cfg.c **** * Copyright (c) 2007-2020 Cypress Semiconductor.  All rights reserved.
  14:Generated_Source\PSoC4/cyfitter_cfg.c **** * You may use this file only in accordance with the license, terms, conditions, 
  15:Generated_Source\PSoC4/cyfitter_cfg.c **** * disclaimers, and limitations in the end user license agreement accompanying 
  16:Generated_Source\PSoC4/cyfitter_cfg.c **** * the software package with which this file was provided.
  17:Generated_Source\PSoC4/cyfitter_cfg.c **** ********************************************************************************/
  18:Generated_Source\PSoC4/cyfitter_cfg.c **** 
  19:Generated_Source\PSoC4/cyfitter_cfg.c **** #include <string.h>
  20:Generated_Source\PSoC4/cyfitter_cfg.c **** #include "cytypes.h"
  21:Generated_Source\PSoC4/cyfitter_cfg.c **** #include "cydevice_trm.h"
  22:Generated_Source\PSoC4/cyfitter_cfg.c **** #include "cyfitter.h"
  23:Generated_Source\PSoC4/cyfitter_cfg.c **** #include "CyLib.h"
  24:Generated_Source\PSoC4/cyfitter_cfg.c **** #include "CyLFClk.h"
  25:Generated_Source\PSoC4/cyfitter_cfg.c **** #include "cyfitter_cfg.h"
  26:Generated_Source\PSoC4/cyfitter_cfg.c **** #include "cyapicallbacks.h"
  27:Generated_Source\PSoC4/cyfitter_cfg.c **** 
  28:Generated_Source\PSoC4/cyfitter_cfg.c **** 
  29:Generated_Source\PSoC4/cyfitter_cfg.c **** #if defined(__GNUC__) || defined(__ARMCC_VERSION)
  30:Generated_Source\PSoC4/cyfitter_cfg.c ****     #define CYPACKED 
  31:Generated_Source\PSoC4/cyfitter_cfg.c ****     #define CYPACKED_ATTR __attribute__ ((packed))
ARM GAS  C:\Users\Henrique\AppData\Local\Temp\ccwpOHL1.s 			page 2


  32:Generated_Source\PSoC4/cyfitter_cfg.c ****     #define CYALIGNED __attribute__ ((aligned))
  33:Generated_Source\PSoC4/cyfitter_cfg.c ****     #define CY_CFG_UNUSED __attribute__ ((unused))
  34:Generated_Source\PSoC4/cyfitter_cfg.c ****     #ifndef CY_CFG_SECTION
  35:Generated_Source\PSoC4/cyfitter_cfg.c ****         #define CY_CFG_SECTION __attribute__ ((section(".psocinit")))
  36:Generated_Source\PSoC4/cyfitter_cfg.c ****     #endif
  37:Generated_Source\PSoC4/cyfitter_cfg.c ****     
  38:Generated_Source\PSoC4/cyfitter_cfg.c ****     #if defined(__ARMCC_VERSION)
  39:Generated_Source\PSoC4/cyfitter_cfg.c ****         #define CY_CFG_MEMORY_BARRIER() __memory_changed()
  40:Generated_Source\PSoC4/cyfitter_cfg.c ****     #else
  41:Generated_Source\PSoC4/cyfitter_cfg.c ****         #define CY_CFG_MEMORY_BARRIER() __sync_synchronize()
  42:Generated_Source\PSoC4/cyfitter_cfg.c ****     #endif
  43:Generated_Source\PSoC4/cyfitter_cfg.c ****     
  44:Generated_Source\PSoC4/cyfitter_cfg.c **** #elif defined(__ICCARM__)
  45:Generated_Source\PSoC4/cyfitter_cfg.c ****     #include <intrinsics.h>
  46:Generated_Source\PSoC4/cyfitter_cfg.c **** 
  47:Generated_Source\PSoC4/cyfitter_cfg.c ****     #define CYPACKED __packed
  48:Generated_Source\PSoC4/cyfitter_cfg.c ****     #define CYPACKED_ATTR 
  49:Generated_Source\PSoC4/cyfitter_cfg.c ****     #define CYALIGNED _Pragma("data_alignment=4")
  50:Generated_Source\PSoC4/cyfitter_cfg.c ****     #define CY_CFG_UNUSED _Pragma("diag_suppress=Pe177")
  51:Generated_Source\PSoC4/cyfitter_cfg.c ****     #define CY_CFG_SECTION _Pragma("location=\".psocinit\"")
  52:Generated_Source\PSoC4/cyfitter_cfg.c ****     
  53:Generated_Source\PSoC4/cyfitter_cfg.c ****     #define CY_CFG_MEMORY_BARRIER() __DMB()
  54:Generated_Source\PSoC4/cyfitter_cfg.c ****     
  55:Generated_Source\PSoC4/cyfitter_cfg.c **** #else
  56:Generated_Source\PSoC4/cyfitter_cfg.c ****     #error Unsupported toolchain
  57:Generated_Source\PSoC4/cyfitter_cfg.c **** #endif
  58:Generated_Source\PSoC4/cyfitter_cfg.c **** 
  59:Generated_Source\PSoC4/cyfitter_cfg.c **** #ifndef CYCODE
  60:Generated_Source\PSoC4/cyfitter_cfg.c ****     #define CYCODE
  61:Generated_Source\PSoC4/cyfitter_cfg.c **** #endif
  62:Generated_Source\PSoC4/cyfitter_cfg.c **** #ifndef CYDATA
  63:Generated_Source\PSoC4/cyfitter_cfg.c ****     #define CYDATA
  64:Generated_Source\PSoC4/cyfitter_cfg.c **** #endif
  65:Generated_Source\PSoC4/cyfitter_cfg.c **** #ifndef CYFAR
  66:Generated_Source\PSoC4/cyfitter_cfg.c ****     #define CYFAR
  67:Generated_Source\PSoC4/cyfitter_cfg.c **** #endif
  68:Generated_Source\PSoC4/cyfitter_cfg.c **** #ifndef CYXDATA
  69:Generated_Source\PSoC4/cyfitter_cfg.c ****     #define CYXDATA
  70:Generated_Source\PSoC4/cyfitter_cfg.c **** #endif
  71:Generated_Source\PSoC4/cyfitter_cfg.c **** 
  72:Generated_Source\PSoC4/cyfitter_cfg.c **** 
  73:Generated_Source\PSoC4/cyfitter_cfg.c **** CY_CFG_UNUSED
  74:Generated_Source\PSoC4/cyfitter_cfg.c **** static void CYMEMZERO(void *s, size_t n);
  75:Generated_Source\PSoC4/cyfitter_cfg.c **** CY_CFG_UNUSED
  76:Generated_Source\PSoC4/cyfitter_cfg.c **** static void CYMEMZERO(void *s, size_t n)
  77:Generated_Source\PSoC4/cyfitter_cfg.c **** {
  27              		.loc 1 77 0
  28              		.cfi_startproc
  29              		@ args = 0, pretend = 0, frame = 0
  30              		@ frame_needed = 0, uses_anonymous_args = 0
  31              	.LVL0:
  32 0000 10B5     		push	{r4, lr}
  33              		.cfi_def_cfa_offset 8
  34              		.cfi_offset 4, -8
  35              		.cfi_offset 14, -4
  36 0002 0A00     		movs	r2, r1
  78:Generated_Source\PSoC4/cyfitter_cfg.c **** 	(void)memset(s, 0, n);
ARM GAS  C:\Users\Henrique\AppData\Local\Temp\ccwpOHL1.s 			page 3


  37              		.loc 1 78 0
  38 0004 0021     		movs	r1, #0
  39              	.LVL1:
  40 0006 FFF7FEFF 		bl	memset
  41              	.LVL2:
  79:Generated_Source\PSoC4/cyfitter_cfg.c **** }
  42              		.loc 1 79 0
  43              		@ sp needed
  44 000a 10BD     		pop	{r4, pc}
  45              		.cfi_endproc
  46              	.LFE0:
  47              		.size	CYMEMZERO, .-CYMEMZERO
  48              		.section	.psocinit,"ax",%progbits
  49              		.align	2
  50              		.code	16
  51              		.thumb_func
  52              		.type	ClockSetup, %function
  53              	ClockSetup:
  54              	.LFB3:
  80:Generated_Source\PSoC4/cyfitter_cfg.c **** CY_CFG_UNUSED
  81:Generated_Source\PSoC4/cyfitter_cfg.c **** static void CYCONFIGCPY(void *dest, const void *src, size_t n);
  82:Generated_Source\PSoC4/cyfitter_cfg.c **** CY_CFG_UNUSED
  83:Generated_Source\PSoC4/cyfitter_cfg.c **** static void CYCONFIGCPY(void *dest, const void *src, size_t n)
  84:Generated_Source\PSoC4/cyfitter_cfg.c **** {
  85:Generated_Source\PSoC4/cyfitter_cfg.c **** 	(void)memcpy(dest, src, n);
  86:Generated_Source\PSoC4/cyfitter_cfg.c **** }
  87:Generated_Source\PSoC4/cyfitter_cfg.c **** CY_CFG_UNUSED
  88:Generated_Source\PSoC4/cyfitter_cfg.c **** static void CYCONFIGCPYCODE(void *dest, const void *src, size_t n);
  89:Generated_Source\PSoC4/cyfitter_cfg.c **** CY_CFG_UNUSED
  90:Generated_Source\PSoC4/cyfitter_cfg.c **** static void CYCONFIGCPYCODE(void *dest, const void *src, size_t n)
  91:Generated_Source\PSoC4/cyfitter_cfg.c **** {
  92:Generated_Source\PSoC4/cyfitter_cfg.c **** 	(void)memcpy(dest, src, n);
  93:Generated_Source\PSoC4/cyfitter_cfg.c **** }
  94:Generated_Source\PSoC4/cyfitter_cfg.c **** 
  95:Generated_Source\PSoC4/cyfitter_cfg.c **** 
  96:Generated_Source\PSoC4/cyfitter_cfg.c **** 
  97:Generated_Source\PSoC4/cyfitter_cfg.c **** 
  98:Generated_Source\PSoC4/cyfitter_cfg.c **** /* Clock startup error codes                                                   */
  99:Generated_Source\PSoC4/cyfitter_cfg.c **** #define CYCLOCKSTART_NO_ERROR    0u
 100:Generated_Source\PSoC4/cyfitter_cfg.c **** #define CYCLOCKSTART_XTAL_ERROR  1u
 101:Generated_Source\PSoC4/cyfitter_cfg.c **** #define CYCLOCKSTART_32KHZ_ERROR 2u
 102:Generated_Source\PSoC4/cyfitter_cfg.c **** #define CYCLOCKSTART_PLL_ERROR   3u
 103:Generated_Source\PSoC4/cyfitter_cfg.c **** #define CYCLOCKSTART_FLL_ERROR   4u
 104:Generated_Source\PSoC4/cyfitter_cfg.c **** #define CYCLOCKSTART_WCO_ERROR   5u
 105:Generated_Source\PSoC4/cyfitter_cfg.c **** 
 106:Generated_Source\PSoC4/cyfitter_cfg.c **** 
 107:Generated_Source\PSoC4/cyfitter_cfg.c **** #ifdef CY_NEED_CYCLOCKSTARTUPERROR
 108:Generated_Source\PSoC4/cyfitter_cfg.c **** /*******************************************************************************
 109:Generated_Source\PSoC4/cyfitter_cfg.c **** * Function Name: CyClockStartupError
 110:Generated_Source\PSoC4/cyfitter_cfg.c **** ********************************************************************************
 111:Generated_Source\PSoC4/cyfitter_cfg.c **** * Summary:
 112:Generated_Source\PSoC4/cyfitter_cfg.c **** *  If an error is encountered during clock configuration (crystal startup error,
 113:Generated_Source\PSoC4/cyfitter_cfg.c **** *  PLL lock error, etc.), the system will end up here.  Unless reimplemented by
 114:Generated_Source\PSoC4/cyfitter_cfg.c **** *  the customer, this function will stop in an infinite loop.
 115:Generated_Source\PSoC4/cyfitter_cfg.c **** *
 116:Generated_Source\PSoC4/cyfitter_cfg.c **** * Parameters:
 117:Generated_Source\PSoC4/cyfitter_cfg.c **** *   void
ARM GAS  C:\Users\Henrique\AppData\Local\Temp\ccwpOHL1.s 			page 4


 118:Generated_Source\PSoC4/cyfitter_cfg.c **** *
 119:Generated_Source\PSoC4/cyfitter_cfg.c **** * Return:
 120:Generated_Source\PSoC4/cyfitter_cfg.c **** *   void
 121:Generated_Source\PSoC4/cyfitter_cfg.c **** *
 122:Generated_Source\PSoC4/cyfitter_cfg.c **** *******************************************************************************/
 123:Generated_Source\PSoC4/cyfitter_cfg.c **** CY_CFG_UNUSED
 124:Generated_Source\PSoC4/cyfitter_cfg.c **** static void CyClockStartupError(uint8 errorCode);
 125:Generated_Source\PSoC4/cyfitter_cfg.c **** CY_CFG_UNUSED
 126:Generated_Source\PSoC4/cyfitter_cfg.c **** static void CyClockStartupError(uint8 errorCode)
 127:Generated_Source\PSoC4/cyfitter_cfg.c **** {
 128:Generated_Source\PSoC4/cyfitter_cfg.c ****     /* To remove the compiler warning if errorCode not used.                */
 129:Generated_Source\PSoC4/cyfitter_cfg.c ****     errorCode = errorCode;
 130:Generated_Source\PSoC4/cyfitter_cfg.c **** 
 131:Generated_Source\PSoC4/cyfitter_cfg.c ****     /* If we have a clock startup error (bad MHz crystal, PLL lock, etc.),  */
 132:Generated_Source\PSoC4/cyfitter_cfg.c ****     /* we will end up here to allow the customer to implement something to  */
 133:Generated_Source\PSoC4/cyfitter_cfg.c ****     /* deal with the clock condition.                                       */
 134:Generated_Source\PSoC4/cyfitter_cfg.c **** 
 135:Generated_Source\PSoC4/cyfitter_cfg.c **** #ifdef CY_CFG_CLOCK_STARTUP_ERROR_CALLBACK
 136:Generated_Source\PSoC4/cyfitter_cfg.c ****     CY_CFG_Clock_Startup_ErrorCallback();
 137:Generated_Source\PSoC4/cyfitter_cfg.c **** #else
 138:Generated_Source\PSoC4/cyfitter_cfg.c ****     /*  If not using CY_CFG_CLOCK_STARTUP_ERROR_CALLBACK, place your clock startup code here. */
 139:Generated_Source\PSoC4/cyfitter_cfg.c ****     /* `#START CyClockStartupError` */
 140:Generated_Source\PSoC4/cyfitter_cfg.c **** 
 141:Generated_Source\PSoC4/cyfitter_cfg.c **** 
 142:Generated_Source\PSoC4/cyfitter_cfg.c **** 
 143:Generated_Source\PSoC4/cyfitter_cfg.c ****     /* `#END` */
 144:Generated_Source\PSoC4/cyfitter_cfg.c **** 
 145:Generated_Source\PSoC4/cyfitter_cfg.c ****     while(1) {}
 146:Generated_Source\PSoC4/cyfitter_cfg.c **** #endif /* CY_CFG_CLOCK_STARTUP_ERROR_CALLBACK */
 147:Generated_Source\PSoC4/cyfitter_cfg.c **** }
 148:Generated_Source\PSoC4/cyfitter_cfg.c **** #endif
 149:Generated_Source\PSoC4/cyfitter_cfg.c **** 
 150:Generated_Source\PSoC4/cyfitter_cfg.c **** 
 151:Generated_Source\PSoC4/cyfitter_cfg.c **** 
 152:Generated_Source\PSoC4/cyfitter_cfg.c **** /*******************************************************************************
 153:Generated_Source\PSoC4/cyfitter_cfg.c **** * Function Name: ClockSetup
 154:Generated_Source\PSoC4/cyfitter_cfg.c **** ********************************************************************************
 155:Generated_Source\PSoC4/cyfitter_cfg.c **** *
 156:Generated_Source\PSoC4/cyfitter_cfg.c **** * Summary:
 157:Generated_Source\PSoC4/cyfitter_cfg.c **** *   Performs the initialization of all of the clocks in the device based on the
 158:Generated_Source\PSoC4/cyfitter_cfg.c **** *   settings in the Clock tab of the DWR.  This includes enabling the requested
 159:Generated_Source\PSoC4/cyfitter_cfg.c **** *   clocks and setting the necessary dividers to produce the desired frequency. 
 160:Generated_Source\PSoC4/cyfitter_cfg.c **** *
 161:Generated_Source\PSoC4/cyfitter_cfg.c **** * Parameters:
 162:Generated_Source\PSoC4/cyfitter_cfg.c **** *   void
 163:Generated_Source\PSoC4/cyfitter_cfg.c **** *
 164:Generated_Source\PSoC4/cyfitter_cfg.c **** * Return:
 165:Generated_Source\PSoC4/cyfitter_cfg.c **** *   void
 166:Generated_Source\PSoC4/cyfitter_cfg.c **** *
 167:Generated_Source\PSoC4/cyfitter_cfg.c **** *******************************************************************************/
 168:Generated_Source\PSoC4/cyfitter_cfg.c **** static void ClockSetup(void);
 169:Generated_Source\PSoC4/cyfitter_cfg.c **** CY_CFG_SECTION
 170:Generated_Source\PSoC4/cyfitter_cfg.c **** static void ClockSetup(void)
 171:Generated_Source\PSoC4/cyfitter_cfg.c **** {
  55              		.loc 1 171 0
  56              		.cfi_startproc
  57              		@ args = 0, pretend = 0, frame = 0
ARM GAS  C:\Users\Henrique\AppData\Local\Temp\ccwpOHL1.s 			page 5


  58              		@ frame_needed = 0, uses_anonymous_args = 0
  59 0000 70B5     		push	{r4, r5, r6, lr}
  60              		.cfi_def_cfa_offset 16
  61              		.cfi_offset 4, -16
  62              		.cfi_offset 5, -12
  63              		.cfi_offset 6, -8
  64              		.cfi_offset 14, -4
 172:Generated_Source\PSoC4/cyfitter_cfg.c **** 	/* Enable HALF_EN before trimming for the flash accelerator. */
 173:Generated_Source\PSoC4/cyfitter_cfg.c **** 	CY_SET_REG32((void CYXDATA *)(CYREG_CLK_SELECT), (CY_GET_REG32((void *)CYREG_CLK_SELECT) | 0x00040
  65              		.loc 1 173 0
  66 0002 134C     		ldr	r4, .L3
  67 0004 2368     		ldr	r3, [r4]
  68 0006 8022     		movs	r2, #128
  69 0008 D202     		lsls	r2, r2, #11
  70 000a 1343     		orrs	r3, r2
  71 000c 2360     		str	r3, [r4]
 174:Generated_Source\PSoC4/cyfitter_cfg.c **** 
 175:Generated_Source\PSoC4/cyfitter_cfg.c **** 	/* Setup and trim IMO based on desired frequency. */
 176:Generated_Source\PSoC4/cyfitter_cfg.c **** 	CySysClkWriteImoFreq(24u);
  72              		.loc 1 176 0
  73 000e 1820     		movs	r0, #24
  74 0010 FFF7FEFF 		bl	CySysClkWriteImoFreq
  75              	.LVL3:
 177:Generated_Source\PSoC4/cyfitter_cfg.c **** 
 178:Generated_Source\PSoC4/cyfitter_cfg.c **** 	/* Disable HALF_EN since it is not required at this IMO frequency. */
 179:Generated_Source\PSoC4/cyfitter_cfg.c **** 	CY_SET_REG32((void CYXDATA *)(CYREG_CLK_SELECT), (CY_GET_REG32((void *)CYREG_CLK_SELECT) & 0xFFFBF
  76              		.loc 1 179 0
  77 0014 2268     		ldr	r2, [r4]
  78 0016 0F4B     		ldr	r3, .L3+4
  79 0018 1340     		ands	r3, r2
  80 001a 2360     		str	r3, [r4]
 180:Generated_Source\PSoC4/cyfitter_cfg.c **** 	/* CYDEV_CLK_ILO_CONFIG Starting address: CYDEV_CLK_ILO_CONFIG */
 181:Generated_Source\PSoC4/cyfitter_cfg.c **** 	CY_SET_REG32((void *)(CYREG_CLK_ILO_CONFIG), 0x80000006u);
  81              		.loc 1 181 0
  82 001c 0E4A     		ldr	r2, .L3+8
  83 001e 0F4B     		ldr	r3, .L3+12
  84 0020 1A60     		str	r2, [r3]
 182:Generated_Source\PSoC4/cyfitter_cfg.c **** 
 183:Generated_Source\PSoC4/cyfitter_cfg.c **** 
 184:Generated_Source\PSoC4/cyfitter_cfg.c **** 	/* CYDEV_CLK_SELECT00 Starting address: CYDEV_CLK_SELECT00 */
 185:Generated_Source\PSoC4/cyfitter_cfg.c **** 	CY_SET_REG32((void *)(CYREG_CLK_SELECT08), 0x00000010u);
  85              		.loc 1 185 0
  86 0022 1022     		movs	r2, #16
  87 0024 0E4B     		ldr	r3, .L3+16
  88 0026 1A60     		str	r2, [r3]
 186:Generated_Source\PSoC4/cyfitter_cfg.c **** 
 187:Generated_Source\PSoC4/cyfitter_cfg.c **** 	/* CYDEV_CLK_IMO_CONFIG Starting address: CYDEV_CLK_IMO_CONFIG */
 188:Generated_Source\PSoC4/cyfitter_cfg.c **** 	CY_SET_REG32((void *)(CYREG_CLK_IMO_CONFIG), 0x80000000u);
  89              		.loc 1 188 0
  90 0028 8022     		movs	r2, #128
  91 002a 1206     		lsls	r2, r2, #24
  92 002c 0D4B     		ldr	r3, .L3+20
  93 002e 1A60     		str	r2, [r3]
 189:Generated_Source\PSoC4/cyfitter_cfg.c **** 
 190:Generated_Source\PSoC4/cyfitter_cfg.c **** 	/* CYDEV_CLK_SELECT Starting address: CYDEV_CLK_SELECT */
 191:Generated_Source\PSoC4/cyfitter_cfg.c **** 	CY_SET_REG32((void *)(CYREG_CLK_SELECT), 0x00000000u);
  94              		.loc 1 191 0
ARM GAS  C:\Users\Henrique\AppData\Local\Temp\ccwpOHL1.s 			page 6


  95 0030 0025     		movs	r5, #0
  96 0032 2560     		str	r5, [r4]
 192:Generated_Source\PSoC4/cyfitter_cfg.c **** 
 193:Generated_Source\PSoC4/cyfitter_cfg.c **** 	/* CYDEV_CLK_DIVIDER_A00 Starting address: CYDEV_CLK_DIVIDER_A00 */
 194:Generated_Source\PSoC4/cyfitter_cfg.c **** 	CY_SET_REG32((void *)(CYREG_CLK_DIVIDER_A00), 0x80005DBFu);
  97              		.loc 1 194 0
  98 0034 0C4A     		ldr	r2, .L3+24
  99 0036 0D4B     		ldr	r3, .L3+28
 100 0038 1A60     		str	r2, [r3]
 195:Generated_Source\PSoC4/cyfitter_cfg.c **** 
 196:Generated_Source\PSoC4/cyfitter_cfg.c **** 	(void)CyIntSetVector(9u, &CySysWdtIsr);
 101              		.loc 1 196 0
 102 003a 0D49     		ldr	r1, .L3+32
 103 003c 0920     		movs	r0, #9
 104 003e FFF7FEFF 		bl	CyIntSetVector
 105              	.LVL4:
 197:Generated_Source\PSoC4/cyfitter_cfg.c **** 	CyIntEnable(9u);
 106              		.loc 1 197 0
 107 0042 0920     		movs	r0, #9
 108 0044 FFF7FEFF 		bl	CyIntEnable
 109              	.LVL5:
 198:Generated_Source\PSoC4/cyfitter_cfg.c **** 	CY_SET_REG32((void *)(CYREG_WDT_CONFIG), 0x00000000u);
 110              		.loc 1 198 0
 111 0048 0A4B     		ldr	r3, .L3+36
 112 004a 1D60     		str	r5, [r3]
 199:Generated_Source\PSoC4/cyfitter_cfg.c **** }
 113              		.loc 1 199 0
 114              		@ sp needed
 115 004c 70BD     		pop	{r4, r5, r6, pc}
 116              	.L4:
 117 004e C046     		.align	2
 118              	.L3:
 119 0050 00010B40 		.word	1074462976
 120 0054 FFFFFBFF 		.word	-262145
 121 0058 06000080 		.word	-2147483642
 122 005c 04010B40 		.word	1074462980
 123 0060 20020240 		.word	1073873440
 124 0064 08010B40 		.word	1074462984
 125 0068 BF5D0080 		.word	-2147459649
 126 006c 00000240 		.word	1073872896
 127 0070 00000000 		.word	CySysWdtIsr
 128 0074 0C020B40 		.word	1074463244
 129              		.cfi_endproc
 130              	.LFE3:
 131              		.size	ClockSetup, .-ClockSetup
 132              		.align	2
 133              		.global	cyfitter_cfg
 134              		.code	16
 135              		.thumb_func
 136              		.type	cyfitter_cfg, %function
 137              	cyfitter_cfg:
 138              	.LFB5:
 200:Generated_Source\PSoC4/cyfitter_cfg.c **** 
 201:Generated_Source\PSoC4/cyfitter_cfg.c **** 
 202:Generated_Source\PSoC4/cyfitter_cfg.c **** /* Analog API Functions */
 203:Generated_Source\PSoC4/cyfitter_cfg.c **** 
 204:Generated_Source\PSoC4/cyfitter_cfg.c **** 
ARM GAS  C:\Users\Henrique\AppData\Local\Temp\ccwpOHL1.s 			page 7


 205:Generated_Source\PSoC4/cyfitter_cfg.c **** /*******************************************************************************
 206:Generated_Source\PSoC4/cyfitter_cfg.c **** * Function Name: AnalogSetDefault
 207:Generated_Source\PSoC4/cyfitter_cfg.c **** ********************************************************************************
 208:Generated_Source\PSoC4/cyfitter_cfg.c **** *
 209:Generated_Source\PSoC4/cyfitter_cfg.c **** * Summary:
 210:Generated_Source\PSoC4/cyfitter_cfg.c **** *  Sets up the analog portions of the chip to default values based on chip
 211:Generated_Source\PSoC4/cyfitter_cfg.c **** *  configuration options from the project.
 212:Generated_Source\PSoC4/cyfitter_cfg.c **** *
 213:Generated_Source\PSoC4/cyfitter_cfg.c **** * Parameters:
 214:Generated_Source\PSoC4/cyfitter_cfg.c **** *  void
 215:Generated_Source\PSoC4/cyfitter_cfg.c **** *
 216:Generated_Source\PSoC4/cyfitter_cfg.c **** * Return:
 217:Generated_Source\PSoC4/cyfitter_cfg.c **** *  void
 218:Generated_Source\PSoC4/cyfitter_cfg.c **** *
 219:Generated_Source\PSoC4/cyfitter_cfg.c **** *******************************************************************************/
 220:Generated_Source\PSoC4/cyfitter_cfg.c **** static void AnalogSetDefault(void);
 221:Generated_Source\PSoC4/cyfitter_cfg.c **** static void AnalogSetDefault(void)
 222:Generated_Source\PSoC4/cyfitter_cfg.c **** {
 223:Generated_Source\PSoC4/cyfitter_cfg.c **** }
 224:Generated_Source\PSoC4/cyfitter_cfg.c **** 
 225:Generated_Source\PSoC4/cyfitter_cfg.c **** 
 226:Generated_Source\PSoC4/cyfitter_cfg.c **** 
 227:Generated_Source\PSoC4/cyfitter_cfg.c **** 
 228:Generated_Source\PSoC4/cyfitter_cfg.c **** /*******************************************************************************
 229:Generated_Source\PSoC4/cyfitter_cfg.c **** * Function Name: cyfitter_cfg
 230:Generated_Source\PSoC4/cyfitter_cfg.c **** ********************************************************************************
 231:Generated_Source\PSoC4/cyfitter_cfg.c **** * Summary:
 232:Generated_Source\PSoC4/cyfitter_cfg.c **** *  This function is called by the start-up code for the selected device. It
 233:Generated_Source\PSoC4/cyfitter_cfg.c **** *  performs all of the necessary device configuration based on the design
 234:Generated_Source\PSoC4/cyfitter_cfg.c **** *  settings.  This includes settings from the Design Wide Resources (DWR) such
 235:Generated_Source\PSoC4/cyfitter_cfg.c **** *  as Clocks and Pins as well as any component configuration that is necessary.
 236:Generated_Source\PSoC4/cyfitter_cfg.c **** *
 237:Generated_Source\PSoC4/cyfitter_cfg.c **** * Parameters:
 238:Generated_Source\PSoC4/cyfitter_cfg.c **** *   void
 239:Generated_Source\PSoC4/cyfitter_cfg.c **** *
 240:Generated_Source\PSoC4/cyfitter_cfg.c **** * Return:
 241:Generated_Source\PSoC4/cyfitter_cfg.c **** *   void
 242:Generated_Source\PSoC4/cyfitter_cfg.c **** *
 243:Generated_Source\PSoC4/cyfitter_cfg.c **** *******************************************************************************/
 244:Generated_Source\PSoC4/cyfitter_cfg.c **** CY_CFG_SECTION
 245:Generated_Source\PSoC4/cyfitter_cfg.c **** void cyfitter_cfg(void)
 246:Generated_Source\PSoC4/cyfitter_cfg.c **** {
 139              		.loc 1 246 0
 140              		.cfi_startproc
 141              		@ args = 0, pretend = 0, frame = 0
 142              		@ frame_needed = 0, uses_anonymous_args = 0
 143 0078 10B5     		push	{r4, lr}
 144              		.cfi_def_cfa_offset 8
 145              		.cfi_offset 4, -8
 146              		.cfi_offset 14, -4
 247:Generated_Source\PSoC4/cyfitter_cfg.c **** 	/* Disable interrupts by default. Let user enable if/when they want. */
 248:Generated_Source\PSoC4/cyfitter_cfg.c **** 	CyGlobalIntDisable;
 147              		.loc 1 248 0
 148              		.syntax divided
 149              	@ 248 "Generated_Source\PSoC4\cyfitter_cfg.c" 1
 150 007a 72B6     		CPSID   i
 151              	@ 0 "" 2
ARM GAS  C:\Users\Henrique\AppData\Local\Temp\ccwpOHL1.s 			page 8


 152              	.LVL6:
 153              		.thumb
 154              		.syntax unified
 155              	.LBB2:
 249:Generated_Source\PSoC4/cyfitter_cfg.c **** 
 250:Generated_Source\PSoC4/cyfitter_cfg.c **** 	{
 251:Generated_Source\PSoC4/cyfitter_cfg.c **** 
 252:Generated_Source\PSoC4/cyfitter_cfg.c **** 		CYPACKED typedef struct {
 253:Generated_Source\PSoC4/cyfitter_cfg.c **** 			void CYFAR *address;
 254:Generated_Source\PSoC4/cyfitter_cfg.c **** 			uint16 size;
 255:Generated_Source\PSoC4/cyfitter_cfg.c **** 		} CYPACKED_ATTR cfg_memset_t;
 256:Generated_Source\PSoC4/cyfitter_cfg.c **** 
 257:Generated_Source\PSoC4/cyfitter_cfg.c **** 		static const cfg_memset_t CYCODE cfg_memset_list[] = {
 258:Generated_Source\PSoC4/cyfitter_cfg.c **** 			/* address, size */
 259:Generated_Source\PSoC4/cyfitter_cfg.c **** 			{(void CYFAR *)(CYDEV_UDB_P0_U0_BASE), 1024u},
 260:Generated_Source\PSoC4/cyfitter_cfg.c **** 			{(void CYFAR *)(CYDEV_UDB_DSI0_BASE), 1024u},
 261:Generated_Source\PSoC4/cyfitter_cfg.c **** 		};
 262:Generated_Source\PSoC4/cyfitter_cfg.c **** 
 263:Generated_Source\PSoC4/cyfitter_cfg.c **** 		uint8 CYDATA i;
 264:Generated_Source\PSoC4/cyfitter_cfg.c **** 
 265:Generated_Source\PSoC4/cyfitter_cfg.c **** 		/* Zero out critical memory blocks before beginning configuration */
 266:Generated_Source\PSoC4/cyfitter_cfg.c **** 		for (i = 0u; i < (sizeof(cfg_memset_list)/sizeof(cfg_memset_list[0])); i++)
 156              		.loc 1 266 0
 157 007c 0024     		movs	r4, #0
 158 007e 0FE0     		b	.L6
 159              	.LVL7:
 160              	.L7:
 161              	.LBB3:
 267:Generated_Source\PSoC4/cyfitter_cfg.c **** 		{
 268:Generated_Source\PSoC4/cyfitter_cfg.c **** 			const cfg_memset_t CYCODE * CYDATA ms = &cfg_memset_list[i];
 269:Generated_Source\PSoC4/cyfitter_cfg.c **** 			CYMEMZERO(ms->address, (size_t)(uint32)(ms->size));
 162              		.loc 1 269 0 discriminator 3
 163 0080 1E48     		ldr	r0, .L8
 164 0082 6200     		lsls	r2, r4, #1
 165 0084 1319     		adds	r3, r2, r4
 166 0086 5900     		lsls	r1, r3, #1
 167 0088 0B00     		movs	r3, r1
 168 008a 4118     		adds	r1, r0, r1
 169 008c 8988     		ldrh	r1, [r1, #4]
 170 008e 1A5A     		ldrh	r2, [r3, r0]
 171 0090 C318     		adds	r3, r0, r3
 172 0092 5888     		ldrh	r0, [r3, #2]
 173 0094 0004     		lsls	r0, r0, #16
 174 0096 1043     		orrs	r0, r2
 175 0098 FFF7FEFF 		bl	CYMEMZERO
 176              	.LVL8:
 177              	.LBE3:
 266:Generated_Source\PSoC4/cyfitter_cfg.c **** 		{
 178              		.loc 1 266 0 discriminator 3
 179 009c 0134     		adds	r4, r4, #1
 180              	.LVL9:
 181 009e E4B2     		uxtb	r4, r4
 182              	.LVL10:
 183              	.L6:
 266:Generated_Source\PSoC4/cyfitter_cfg.c **** 		{
 184              		.loc 1 266 0 is_stmt 0 discriminator 1
 185 00a0 012C     		cmp	r4, #1
ARM GAS  C:\Users\Henrique\AppData\Local\Temp\ccwpOHL1.s 			page 9


 186 00a2 EDD9     		bls	.L7
 270:Generated_Source\PSoC4/cyfitter_cfg.c **** 		}
 271:Generated_Source\PSoC4/cyfitter_cfg.c **** 
 272:Generated_Source\PSoC4/cyfitter_cfg.c **** 		/* HSIOM Starting address: CYDEV_HSIOM_BASE */
 273:Generated_Source\PSoC4/cyfitter_cfg.c **** 		CY_SET_REG32((void *)(CYREG_HSIOM_PORT_SEL2), 0x00080000u);
 187              		.loc 1 273 0 is_stmt 1
 188 00a4 8022     		movs	r2, #128
 189 00a6 1203     		lsls	r2, r2, #12
 190 00a8 154B     		ldr	r3, .L8+4
 191 00aa 1A60     		str	r2, [r3]
 274:Generated_Source\PSoC4/cyfitter_cfg.c **** 		CY_SET_REG32((void *)(CYREG_HSIOM_PORT_SEL3), 0x0000EE00u);
 192              		.loc 1 274 0
 193 00ac EE22     		movs	r2, #238
 194 00ae 1202     		lsls	r2, r2, #8
 195 00b0 144B     		ldr	r3, .L8+8
 196 00b2 1A60     		str	r2, [r3]
 275:Generated_Source\PSoC4/cyfitter_cfg.c **** 
 276:Generated_Source\PSoC4/cyfitter_cfg.c **** 		/* UDB_PA_0 Starting address: CYDEV_UDB_PA0_BASE */
 277:Generated_Source\PSoC4/cyfitter_cfg.c **** 		CY_SET_REG32((void *)(CYDEV_UDB_PA0_BASE), 0x00990000u);
 197              		.loc 1 277 0
 198 00b4 9923     		movs	r3, #153
 199 00b6 1B04     		lsls	r3, r3, #16
 200 00b8 134A     		ldr	r2, .L8+12
 201 00ba 1360     		str	r3, [r2]
 278:Generated_Source\PSoC4/cyfitter_cfg.c **** 
 279:Generated_Source\PSoC4/cyfitter_cfg.c **** 		/* UDB_PA_2 Starting address: CYDEV_UDB_PA2_BASE */
 280:Generated_Source\PSoC4/cyfitter_cfg.c **** 		CY_SET_REG32((void *)(CYDEV_UDB_PA2_BASE), 0x00990000u);
 202              		.loc 1 280 0
 203 00bc 134A     		ldr	r2, .L8+16
 204 00be 1360     		str	r3, [r2]
 281:Generated_Source\PSoC4/cyfitter_cfg.c **** 
 282:Generated_Source\PSoC4/cyfitter_cfg.c **** 		/* UDB_PA_3 Starting address: CYDEV_UDB_PA3_BASE */
 283:Generated_Source\PSoC4/cyfitter_cfg.c **** 		CY_SET_REG32((void *)(CYDEV_UDB_PA3_BASE), 0x00990000u);
 205              		.loc 1 283 0
 206 00c0 134A     		ldr	r2, .L8+20
 207 00c2 1360     		str	r3, [r2]
 284:Generated_Source\PSoC4/cyfitter_cfg.c **** 
 285:Generated_Source\PSoC4/cyfitter_cfg.c **** 		/* Enable digital routing */
 286:Generated_Source\PSoC4/cyfitter_cfg.c **** 		CY_SET_XTND_REG8((void *)CYREG_UDB_UDBIF_BANK_CTL, (uint8)(CY_GET_XTND_REG8((void *)CYREG_UDB_UDB
 208              		.loc 1 286 0
 209 00c4 134A     		ldr	r2, .L8+24
 210 00c6 1178     		ldrb	r1, [r2]
 211 00c8 0623     		movs	r3, #6
 212 00ca 0B43     		orrs	r3, r1
 213 00cc DBB2     		uxtb	r3, r3
 214 00ce 1370     		strb	r3, [r2]
 215              	.LBE2:
 287:Generated_Source\PSoC4/cyfitter_cfg.c **** 	}
 288:Generated_Source\PSoC4/cyfitter_cfg.c **** 
 289:Generated_Source\PSoC4/cyfitter_cfg.c **** 	/* Perform second pass device configuration. These items must be configured in specific order afte
 290:Generated_Source\PSoC4/cyfitter_cfg.c **** 	/* IOPINS0_0 Starting address: CYDEV_PRT0_BASE */
 291:Generated_Source\PSoC4/cyfitter_cfg.c **** 	CY_SET_REG32((void *)(CYDEV_PRT0_BASE), 0x00000080u);
 216              		.loc 1 291 0
 217 00d0 8022     		movs	r2, #128
 218 00d2 114B     		ldr	r3, .L8+28
 219 00d4 1A60     		str	r2, [r3]
 292:Generated_Source\PSoC4/cyfitter_cfg.c **** 	CY_SET_REG32((void *)(CYREG_PRT0_PC), 0x00400000u);
ARM GAS  C:\Users\Henrique\AppData\Local\Temp\ccwpOHL1.s 			page 10


 220              		.loc 1 292 0
 221 00d6 8022     		movs	r2, #128
 222 00d8 D203     		lsls	r2, r2, #15
 223 00da 104B     		ldr	r3, .L8+32
 224 00dc 1A60     		str	r2, [r3]
 293:Generated_Source\PSoC4/cyfitter_cfg.c **** 
 294:Generated_Source\PSoC4/cyfitter_cfg.c **** 	/* IOPINS0_2 Starting address: CYDEV_PRT2_BASE */
 295:Generated_Source\PSoC4/cyfitter_cfg.c **** 	CY_SET_REG32((void *)(CYDEV_PRT2_BASE), 0x00000010u);
 225              		.loc 1 295 0
 226 00de 1022     		movs	r2, #16
 227 00e0 0F4B     		ldr	r3, .L8+36
 228 00e2 1A60     		str	r2, [r3]
 296:Generated_Source\PSoC4/cyfitter_cfg.c **** 	CY_SET_REG32((void *)(CYREG_PRT2_PC), 0x00006000u);
 229              		.loc 1 296 0
 230 00e4 C022     		movs	r2, #192
 231 00e6 D201     		lsls	r2, r2, #7
 232 00e8 0E4B     		ldr	r3, .L8+40
 233 00ea 1A60     		str	r2, [r3]
 297:Generated_Source\PSoC4/cyfitter_cfg.c **** 
 298:Generated_Source\PSoC4/cyfitter_cfg.c **** 	/* IOPINS0_3 Starting address: CYDEV_PRT3_BASE */
 299:Generated_Source\PSoC4/cyfitter_cfg.c **** 	CY_SET_REG32((void *)(CYREG_PRT3_PC), 0x00000D80u);
 234              		.loc 1 299 0
 235 00ec D822     		movs	r2, #216
 236 00ee 1201     		lsls	r2, r2, #4
 237 00f0 0D4B     		ldr	r3, .L8+44
 238 00f2 1A60     		str	r2, [r3]
 300:Generated_Source\PSoC4/cyfitter_cfg.c **** 
 301:Generated_Source\PSoC4/cyfitter_cfg.c **** 
 302:Generated_Source\PSoC4/cyfitter_cfg.c **** 	/* Setup clocks based on selections from Clock DWR */
 303:Generated_Source\PSoC4/cyfitter_cfg.c **** 	ClockSetup();
 239              		.loc 1 303 0
 240 00f4 FFF784FF 		bl	ClockSetup
 241              	.LVL11:
 304:Generated_Source\PSoC4/cyfitter_cfg.c **** 
 305:Generated_Source\PSoC4/cyfitter_cfg.c **** 	/* Perform basic analog initialization to defaults */
 306:Generated_Source\PSoC4/cyfitter_cfg.c **** 	AnalogSetDefault();
 307:Generated_Source\PSoC4/cyfitter_cfg.c **** 
 308:Generated_Source\PSoC4/cyfitter_cfg.c **** }
 242              		.loc 1 308 0
 243              		@ sp needed
 244              	.LVL12:
 245 00f8 10BD     		pop	{r4, pc}
 246              	.L9:
 247 00fa C046     		.align	2
 248              	.L8:
 249 00fc 00000000 		.word	.LANCHOR0
 250 0100 08000140 		.word	1073807368
 251 0104 0C000140 		.word	1073807372
 252 0108 00500F40 		.word	1074745344
 253 010c 20500F40 		.word	1074745376
 254 0110 30500F40 		.word	1074745392
 255 0114 00700F40 		.word	1074753536
 256 0118 00000440 		.word	1074003968
 257 011c 08000440 		.word	1074003976
 258 0120 00020440 		.word	1074004480
 259 0124 08020440 		.word	1074004488
 260 0128 08030440 		.word	1074004744
ARM GAS  C:\Users\Henrique\AppData\Local\Temp\ccwpOHL1.s 			page 11


 261              		.cfi_endproc
 262              	.LFE5:
 263              		.size	cyfitter_cfg, .-cyfitter_cfg
 264              		.section	.rodata
 265              		.align	2
 266              		.set	.LANCHOR0,. + 0
 267              		.type	cfg_memset_list.4847, %object
 268              		.size	cfg_memset_list.4847, 12
 269              	cfg_memset_list.4847:
 270 0000 00300F40 		.word	1074737152
 271 0004 0004     		.short	1024
 272 0006 00400F40 		.4byte	1074741248
 273 000a 0004     		.short	1024
 274              		.text
 275              	.Letext0:
 276              		.file 2 "c:\\program files (x86)\\cypress\\psoc creator\\4.4\\psoc creator\\import\\gnu\\arm\\5.4.
 277              		.file 3 "Generated_Source\\PSoC4\\cytypes.h"
 278              		.file 4 "Generated_Source\\PSoC4\\CyLib.h"
 279              		.section	.debug_info,"",%progbits
 280              	.Ldebug_info0:
 281 0000 75020000 		.4byte	0x275
 282 0004 0400     		.2byte	0x4
 283 0006 00000000 		.4byte	.Ldebug_abbrev0
 284 000a 04       		.byte	0x4
 285 000b 01       		.uleb128 0x1
 286 000c 38010000 		.4byte	.LASF29
 287 0010 0C       		.byte	0xc
 288 0011 2F020000 		.4byte	.LASF30
 289 0015 50000000 		.4byte	.LASF31
 290 0019 00000000 		.4byte	.Ldebug_ranges0+0
 291 001d 00000000 		.4byte	0
 292 0021 00000000 		.4byte	.Ldebug_line0
 293 0025 02       		.uleb128 0x2
 294 0026 04       		.byte	0x4
 295 0027 05       		.byte	0x5
 296 0028 696E7400 		.ascii	"int\000"
 297 002c 03       		.uleb128 0x3
 298 002d 06000000 		.4byte	.LASF12
 299 0031 02       		.byte	0x2
 300 0032 D8       		.byte	0xd8
 301 0033 37000000 		.4byte	0x37
 302 0037 04       		.uleb128 0x4
 303 0038 04       		.byte	0x4
 304 0039 07       		.byte	0x7
 305 003a FF000000 		.4byte	.LASF0
 306 003e 04       		.uleb128 0x4
 307 003f 08       		.byte	0x8
 308 0040 05       		.byte	0x5
 309 0041 DC010000 		.4byte	.LASF1
 310 0045 04       		.uleb128 0x4
 311 0046 08       		.byte	0x8
 312 0047 04       		.byte	0x4
 313 0048 17020000 		.4byte	.LASF2
 314 004c 04       		.uleb128 0x4
 315 004d 01       		.byte	0x1
 316 004e 06       		.byte	0x6
 317 004f 23020000 		.4byte	.LASF3
ARM GAS  C:\Users\Henrique\AppData\Local\Temp\ccwpOHL1.s 			page 12


 318 0053 04       		.uleb128 0x4
 319 0054 01       		.byte	0x1
 320 0055 08       		.byte	0x8
 321 0056 C9000000 		.4byte	.LASF4
 322 005a 04       		.uleb128 0x4
 323 005b 02       		.byte	0x2
 324 005c 05       		.byte	0x5
 325 005d EF010000 		.4byte	.LASF5
 326 0061 04       		.uleb128 0x4
 327 0062 02       		.byte	0x2
 328 0063 07       		.byte	0x7
 329 0064 37000000 		.4byte	.LASF6
 330 0068 04       		.uleb128 0x4
 331 0069 04       		.byte	0x4
 332 006a 05       		.byte	0x5
 333 006b 0E020000 		.4byte	.LASF7
 334 006f 04       		.uleb128 0x4
 335 0070 04       		.byte	0x4
 336 0071 07       		.byte	0x7
 337 0072 A7000000 		.4byte	.LASF8
 338 0076 04       		.uleb128 0x4
 339 0077 08       		.byte	0x8
 340 0078 07       		.byte	0x7
 341 0079 21010000 		.4byte	.LASF9
 342 007d 04       		.uleb128 0x4
 343 007e 04       		.byte	0x4
 344 007f 07       		.byte	0x7
 345 0080 D3010000 		.4byte	.LASF10
 346 0084 05       		.uleb128 0x5
 347 0085 04       		.byte	0x4
 348 0086 04       		.uleb128 0x4
 349 0087 01       		.byte	0x1
 350 0088 08       		.byte	0x8
 351 0089 EA010000 		.4byte	.LASF11
 352 008d 06       		.uleb128 0x6
 353 008e B9000000 		.4byte	.LASF13
 354 0092 03       		.byte	0x3
 355 0093 FB01     		.2byte	0x1fb
 356 0095 53000000 		.4byte	0x53
 357 0099 06       		.uleb128 0x6
 358 009a F1000000 		.4byte	.LASF14
 359 009e 03       		.byte	0x3
 360 009f FC01     		.2byte	0x1fc
 361 00a1 61000000 		.4byte	0x61
 362 00a5 06       		.uleb128 0x6
 363 00a6 F8000000 		.4byte	.LASF15
 364 00aa 03       		.byte	0x3
 365 00ab FD01     		.2byte	0x1fd
 366 00ad 6F000000 		.4byte	0x6f
 367 00b1 04       		.uleb128 0x4
 368 00b2 04       		.byte	0x4
 369 00b3 04       		.byte	0x4
 370 00b4 4A000000 		.4byte	.LASF16
 371 00b8 04       		.uleb128 0x4
 372 00b9 08       		.byte	0x8
 373 00ba 04       		.byte	0x4
 374 00bb DE000000 		.4byte	.LASF17
ARM GAS  C:\Users\Henrique\AppData\Local\Temp\ccwpOHL1.s 			page 13


 375 00bf 06       		.uleb128 0x6
 376 00c0 A2000000 		.4byte	.LASF18
 377 00c4 03       		.byte	0x3
 378 00c5 A502     		.2byte	0x2a5
 379 00c7 CB000000 		.4byte	0xcb
 380 00cb 07       		.uleb128 0x7
 381 00cc 8D000000 		.4byte	0x8d
 382 00d0 06       		.uleb128 0x6
 383 00d1 00000000 		.4byte	.LASF19
 384 00d5 03       		.byte	0x3
 385 00d6 A702     		.2byte	0x2a7
 386 00d8 DC000000 		.4byte	0xdc
 387 00dc 07       		.uleb128 0x7
 388 00dd A5000000 		.4byte	0xa5
 389 00e1 08       		.uleb128 0x8
 390 00e2 BF000000 		.4byte	.LASF20
 391 00e6 01       		.byte	0x1
 392 00e7 4C       		.byte	0x4c
 393 00e8 00000000 		.4byte	.LFB0
 394 00ec 0C000000 		.4byte	.LFE0-.LFB0
 395 00f0 01       		.uleb128 0x1
 396 00f1 9C       		.byte	0x9c
 397 00f2 2E010000 		.4byte	0x12e
 398 00f6 09       		.uleb128 0x9
 399 00f7 7300     		.ascii	"s\000"
 400 00f9 01       		.byte	0x1
 401 00fa 4C       		.byte	0x4c
 402 00fb 84000000 		.4byte	0x84
 403 00ff 00000000 		.4byte	.LLST0
 404 0103 09       		.uleb128 0x9
 405 0104 6E00     		.ascii	"n\000"
 406 0106 01       		.byte	0x1
 407 0107 4C       		.byte	0x4c
 408 0108 2C000000 		.4byte	0x2c
 409 010c 21000000 		.4byte	.LLST1
 410 0110 0A       		.uleb128 0xa
 411 0111 0A000000 		.4byte	.LVL2
 412 0115 4E020000 		.4byte	0x24e
 413 0119 0B       		.uleb128 0xb
 414 011a 01       		.uleb128 0x1
 415 011b 50       		.byte	0x50
 416 011c 03       		.uleb128 0x3
 417 011d F3       		.byte	0xf3
 418 011e 01       		.uleb128 0x1
 419 011f 50       		.byte	0x50
 420 0120 0B       		.uleb128 0xb
 421 0121 01       		.uleb128 0x1
 422 0122 51       		.byte	0x51
 423 0123 01       		.uleb128 0x1
 424 0124 30       		.byte	0x30
 425 0125 0B       		.uleb128 0xb
 426 0126 01       		.uleb128 0x1
 427 0127 52       		.byte	0x52
 428 0128 03       		.uleb128 0x3
 429 0129 F3       		.byte	0xf3
 430 012a 01       		.uleb128 0x1
 431 012b 51       		.byte	0x51
ARM GAS  C:\Users\Henrique\AppData\Local\Temp\ccwpOHL1.s 			page 14


 432 012c 00       		.byte	0
 433 012d 00       		.byte	0
 434 012e 08       		.uleb128 0x8
 435 012f 2C000000 		.4byte	.LASF21
 436 0133 01       		.byte	0x1
 437 0134 AA       		.byte	0xaa
 438 0135 00000000 		.4byte	.LFB3
 439 0139 78000000 		.4byte	.LFE3-.LFB3
 440 013d 01       		.uleb128 0x1
 441 013e 9C       		.byte	0x9c
 442 013f 79010000 		.4byte	0x179
 443 0143 0C       		.uleb128 0xc
 444 0144 14000000 		.4byte	.LVL3
 445 0148 57020000 		.4byte	0x257
 446 014c 56010000 		.4byte	0x156
 447 0150 0B       		.uleb128 0xb
 448 0151 01       		.uleb128 0x1
 449 0152 50       		.byte	0x50
 450 0153 01       		.uleb128 0x1
 451 0154 48       		.byte	0x48
 452 0155 00       		.byte	0
 453 0156 0C       		.uleb128 0xc
 454 0157 42000000 		.4byte	.LVL4
 455 015b 62020000 		.4byte	0x262
 456 015f 69010000 		.4byte	0x169
 457 0163 0B       		.uleb128 0xb
 458 0164 01       		.uleb128 0x1
 459 0165 50       		.byte	0x50
 460 0166 01       		.uleb128 0x1
 461 0167 39       		.byte	0x39
 462 0168 00       		.byte	0
 463 0169 0A       		.uleb128 0xa
 464 016a 48000000 		.4byte	.LVL5
 465 016e 6D020000 		.4byte	0x26d
 466 0172 0B       		.uleb128 0xb
 467 0173 01       		.uleb128 0x1
 468 0174 50       		.byte	0x50
 469 0175 01       		.uleb128 0x1
 470 0176 39       		.byte	0x39
 471 0177 00       		.byte	0
 472 0178 00       		.byte	0
 473 0179 0D       		.uleb128 0xd
 474 017a 0C010000 		.4byte	.LASF32
 475 017e 01       		.byte	0x1
 476 017f F5       		.byte	0xf5
 477 0180 78000000 		.4byte	.LFB5
 478 0184 B4000000 		.4byte	.LFE5-.LFB5
 479 0188 01       		.uleb128 0x1
 480 0189 9C       		.byte	0x9c
 481 018a 4E020000 		.4byte	0x24e
 482 018e 0E       		.uleb128 0xe
 483 018f 7C000000 		.4byte	.LBB2
 484 0193 54000000 		.4byte	.LBE2-.LBB2
 485 0197 44020000 		.4byte	0x244
 486 019b 0F       		.uleb128 0xf
 487 019c 06       		.byte	0x6
 488 019d 01       		.byte	0x1
ARM GAS  C:\Users\Henrique\AppData\Local\Temp\ccwpOHL1.s 			page 15


 489 019e FC       		.byte	0xfc
 490 019f BC010000 		.4byte	0x1bc
 491 01a3 10       		.uleb128 0x10
 492 01a4 19010000 		.4byte	.LASF22
 493 01a8 01       		.byte	0x1
 494 01a9 FD       		.byte	0xfd
 495 01aa 84000000 		.4byte	0x84
 496 01ae 00       		.byte	0
 497 01af 10       		.uleb128 0x10
 498 01b0 9D000000 		.4byte	.LASF23
 499 01b4 01       		.byte	0x1
 500 01b5 FE       		.byte	0xfe
 501 01b6 99000000 		.4byte	0x99
 502 01ba 04       		.byte	0x4
 503 01bb 00       		.byte	0
 504 01bc 03       		.uleb128 0x3
 505 01bd C6010000 		.4byte	.LASF24
 506 01c1 01       		.byte	0x1
 507 01c2 FF       		.byte	0xff
 508 01c3 9B010000 		.4byte	0x19b
 509 01c7 11       		.uleb128 0x11
 510 01c8 D7010000 		.4byte	0x1d7
 511 01cc D7010000 		.4byte	0x1d7
 512 01d0 12       		.uleb128 0x12
 513 01d1 7D000000 		.4byte	0x7d
 514 01d5 01       		.byte	0x1
 515 01d6 00       		.byte	0
 516 01d7 13       		.uleb128 0x13
 517 01d8 BC010000 		.4byte	0x1bc
 518 01dc 14       		.uleb128 0x14
 519 01dd 1C000000 		.4byte	.LASF25
 520 01e1 01       		.byte	0x1
 521 01e2 0101     		.2byte	0x101
 522 01e4 EE010000 		.4byte	0x1ee
 523 01e8 05       		.uleb128 0x5
 524 01e9 03       		.byte	0x3
 525 01ea 00000000 		.4byte	cfg_memset_list.4847
 526 01ee 13       		.uleb128 0x13
 527 01ef C7010000 		.4byte	0x1c7
 528 01f3 15       		.uleb128 0x15
 529 01f4 6900     		.ascii	"i\000"
 530 01f6 01       		.byte	0x1
 531 01f7 0701     		.2byte	0x107
 532 01f9 8D000000 		.4byte	0x8d
 533 01fd 4D000000 		.4byte	.LLST2
 534 0201 16       		.uleb128 0x16
 535 0202 80000000 		.4byte	.LBB3
 536 0206 1C000000 		.4byte	.LBE3-.LBB3
 537 020a 15       		.uleb128 0x15
 538 020b 6D7300   		.ascii	"ms\000"
 539 020e 01       		.byte	0x1
 540 020f 0C01     		.2byte	0x10c
 541 0211 19020000 		.4byte	0x219
 542 0215 77000000 		.4byte	.LLST3
 543 0219 17       		.uleb128 0x17
 544 021a 04       		.byte	0x4
 545 021b D7010000 		.4byte	0x1d7
ARM GAS  C:\Users\Henrique\AppData\Local\Temp\ccwpOHL1.s 			page 16


 546 021f 0A       		.uleb128 0xa
 547 0220 9C000000 		.4byte	.LVL8
 548 0224 E1000000 		.4byte	0xe1
 549 0228 0B       		.uleb128 0xb
 550 0229 01       		.uleb128 0x1
 551 022a 51       		.byte	0x51
 552 022b 15       		.uleb128 0x15
 553 022c 74       		.byte	0x74
 554 022d 00       		.sleb128 0
 555 022e 31       		.byte	0x31
 556 022f 24       		.byte	0x24
 557 0230 74       		.byte	0x74
 558 0231 00       		.sleb128 0
 559 0232 22       		.byte	0x22
 560 0233 31       		.byte	0x31
 561 0234 24       		.byte	0x24
 562 0235 03       		.byte	0x3
 563 0236 04000000 		.4byte	.LANCHOR0+4
 564 023a 22       		.byte	0x22
 565 023b 94       		.byte	0x94
 566 023c 02       		.byte	0x2
 567 023d 0A       		.byte	0xa
 568 023e FFFF     		.2byte	0xffff
 569 0240 1A       		.byte	0x1a
 570 0241 00       		.byte	0
 571 0242 00       		.byte	0
 572 0243 00       		.byte	0
 573 0244 18       		.uleb128 0x18
 574 0245 F8000000 		.4byte	.LVL11
 575 0249 2E010000 		.4byte	0x12e
 576 024d 00       		.byte	0
 577 024e 19       		.uleb128 0x19
 578 024f D7000000 		.4byte	.LASF33
 579 0253 D7000000 		.4byte	.LASF33
 580 0257 1A       		.uleb128 0x1a
 581 0258 F9010000 		.4byte	.LASF26
 582 025c F9010000 		.4byte	.LASF26
 583 0260 04       		.byte	0x4
 584 0261 6C       		.byte	0x6c
 585 0262 1A       		.uleb128 0x1a
 586 0263 0D000000 		.4byte	.LASF27
 587 0267 0D000000 		.4byte	.LASF27
 588 026b 04       		.byte	0x4
 589 026c D0       		.byte	0xd0
 590 026d 1A       		.uleb128 0x1a
 591 026e E5000000 		.4byte	.LASF28
 592 0272 E5000000 		.4byte	.LASF28
 593 0276 04       		.byte	0x4
 594 0277 D6       		.byte	0xd6
 595 0278 00       		.byte	0
 596              		.section	.debug_abbrev,"",%progbits
 597              	.Ldebug_abbrev0:
 598 0000 01       		.uleb128 0x1
 599 0001 11       		.uleb128 0x11
 600 0002 01       		.byte	0x1
 601 0003 25       		.uleb128 0x25
 602 0004 0E       		.uleb128 0xe
ARM GAS  C:\Users\Henrique\AppData\Local\Temp\ccwpOHL1.s 			page 17


 603 0005 13       		.uleb128 0x13
 604 0006 0B       		.uleb128 0xb
 605 0007 03       		.uleb128 0x3
 606 0008 0E       		.uleb128 0xe
 607 0009 1B       		.uleb128 0x1b
 608 000a 0E       		.uleb128 0xe
 609 000b 55       		.uleb128 0x55
 610 000c 17       		.uleb128 0x17
 611 000d 11       		.uleb128 0x11
 612 000e 01       		.uleb128 0x1
 613 000f 10       		.uleb128 0x10
 614 0010 17       		.uleb128 0x17
 615 0011 00       		.byte	0
 616 0012 00       		.byte	0
 617 0013 02       		.uleb128 0x2
 618 0014 24       		.uleb128 0x24
 619 0015 00       		.byte	0
 620 0016 0B       		.uleb128 0xb
 621 0017 0B       		.uleb128 0xb
 622 0018 3E       		.uleb128 0x3e
 623 0019 0B       		.uleb128 0xb
 624 001a 03       		.uleb128 0x3
 625 001b 08       		.uleb128 0x8
 626 001c 00       		.byte	0
 627 001d 00       		.byte	0
 628 001e 03       		.uleb128 0x3
 629 001f 16       		.uleb128 0x16
 630 0020 00       		.byte	0
 631 0021 03       		.uleb128 0x3
 632 0022 0E       		.uleb128 0xe
 633 0023 3A       		.uleb128 0x3a
 634 0024 0B       		.uleb128 0xb
 635 0025 3B       		.uleb128 0x3b
 636 0026 0B       		.uleb128 0xb
 637 0027 49       		.uleb128 0x49
 638 0028 13       		.uleb128 0x13
 639 0029 00       		.byte	0
 640 002a 00       		.byte	0
 641 002b 04       		.uleb128 0x4
 642 002c 24       		.uleb128 0x24
 643 002d 00       		.byte	0
 644 002e 0B       		.uleb128 0xb
 645 002f 0B       		.uleb128 0xb
 646 0030 3E       		.uleb128 0x3e
 647 0031 0B       		.uleb128 0xb
 648 0032 03       		.uleb128 0x3
 649 0033 0E       		.uleb128 0xe
 650 0034 00       		.byte	0
 651 0035 00       		.byte	0
 652 0036 05       		.uleb128 0x5
 653 0037 0F       		.uleb128 0xf
 654 0038 00       		.byte	0
 655 0039 0B       		.uleb128 0xb
 656 003a 0B       		.uleb128 0xb
 657 003b 00       		.byte	0
 658 003c 00       		.byte	0
 659 003d 06       		.uleb128 0x6
ARM GAS  C:\Users\Henrique\AppData\Local\Temp\ccwpOHL1.s 			page 18


 660 003e 16       		.uleb128 0x16
 661 003f 00       		.byte	0
 662 0040 03       		.uleb128 0x3
 663 0041 0E       		.uleb128 0xe
 664 0042 3A       		.uleb128 0x3a
 665 0043 0B       		.uleb128 0xb
 666 0044 3B       		.uleb128 0x3b
 667 0045 05       		.uleb128 0x5
 668 0046 49       		.uleb128 0x49
 669 0047 13       		.uleb128 0x13
 670 0048 00       		.byte	0
 671 0049 00       		.byte	0
 672 004a 07       		.uleb128 0x7
 673 004b 35       		.uleb128 0x35
 674 004c 00       		.byte	0
 675 004d 49       		.uleb128 0x49
 676 004e 13       		.uleb128 0x13
 677 004f 00       		.byte	0
 678 0050 00       		.byte	0
 679 0051 08       		.uleb128 0x8
 680 0052 2E       		.uleb128 0x2e
 681 0053 01       		.byte	0x1
 682 0054 03       		.uleb128 0x3
 683 0055 0E       		.uleb128 0xe
 684 0056 3A       		.uleb128 0x3a
 685 0057 0B       		.uleb128 0xb
 686 0058 3B       		.uleb128 0x3b
 687 0059 0B       		.uleb128 0xb
 688 005a 27       		.uleb128 0x27
 689 005b 19       		.uleb128 0x19
 690 005c 11       		.uleb128 0x11
 691 005d 01       		.uleb128 0x1
 692 005e 12       		.uleb128 0x12
 693 005f 06       		.uleb128 0x6
 694 0060 40       		.uleb128 0x40
 695 0061 18       		.uleb128 0x18
 696 0062 9742     		.uleb128 0x2117
 697 0064 19       		.uleb128 0x19
 698 0065 01       		.uleb128 0x1
 699 0066 13       		.uleb128 0x13
 700 0067 00       		.byte	0
 701 0068 00       		.byte	0
 702 0069 09       		.uleb128 0x9
 703 006a 05       		.uleb128 0x5
 704 006b 00       		.byte	0
 705 006c 03       		.uleb128 0x3
 706 006d 08       		.uleb128 0x8
 707 006e 3A       		.uleb128 0x3a
 708 006f 0B       		.uleb128 0xb
 709 0070 3B       		.uleb128 0x3b
 710 0071 0B       		.uleb128 0xb
 711 0072 49       		.uleb128 0x49
 712 0073 13       		.uleb128 0x13
 713 0074 02       		.uleb128 0x2
 714 0075 17       		.uleb128 0x17
 715 0076 00       		.byte	0
 716 0077 00       		.byte	0
ARM GAS  C:\Users\Henrique\AppData\Local\Temp\ccwpOHL1.s 			page 19


 717 0078 0A       		.uleb128 0xa
 718 0079 898201   		.uleb128 0x4109
 719 007c 01       		.byte	0x1
 720 007d 11       		.uleb128 0x11
 721 007e 01       		.uleb128 0x1
 722 007f 31       		.uleb128 0x31
 723 0080 13       		.uleb128 0x13
 724 0081 00       		.byte	0
 725 0082 00       		.byte	0
 726 0083 0B       		.uleb128 0xb
 727 0084 8A8201   		.uleb128 0x410a
 728 0087 00       		.byte	0
 729 0088 02       		.uleb128 0x2
 730 0089 18       		.uleb128 0x18
 731 008a 9142     		.uleb128 0x2111
 732 008c 18       		.uleb128 0x18
 733 008d 00       		.byte	0
 734 008e 00       		.byte	0
 735 008f 0C       		.uleb128 0xc
 736 0090 898201   		.uleb128 0x4109
 737 0093 01       		.byte	0x1
 738 0094 11       		.uleb128 0x11
 739 0095 01       		.uleb128 0x1
 740 0096 31       		.uleb128 0x31
 741 0097 13       		.uleb128 0x13
 742 0098 01       		.uleb128 0x1
 743 0099 13       		.uleb128 0x13
 744 009a 00       		.byte	0
 745 009b 00       		.byte	0
 746 009c 0D       		.uleb128 0xd
 747 009d 2E       		.uleb128 0x2e
 748 009e 01       		.byte	0x1
 749 009f 3F       		.uleb128 0x3f
 750 00a0 19       		.uleb128 0x19
 751 00a1 03       		.uleb128 0x3
 752 00a2 0E       		.uleb128 0xe
 753 00a3 3A       		.uleb128 0x3a
 754 00a4 0B       		.uleb128 0xb
 755 00a5 3B       		.uleb128 0x3b
 756 00a6 0B       		.uleb128 0xb
 757 00a7 27       		.uleb128 0x27
 758 00a8 19       		.uleb128 0x19
 759 00a9 11       		.uleb128 0x11
 760 00aa 01       		.uleb128 0x1
 761 00ab 12       		.uleb128 0x12
 762 00ac 06       		.uleb128 0x6
 763 00ad 40       		.uleb128 0x40
 764 00ae 18       		.uleb128 0x18
 765 00af 9742     		.uleb128 0x2117
 766 00b1 19       		.uleb128 0x19
 767 00b2 01       		.uleb128 0x1
 768 00b3 13       		.uleb128 0x13
 769 00b4 00       		.byte	0
 770 00b5 00       		.byte	0
 771 00b6 0E       		.uleb128 0xe
 772 00b7 0B       		.uleb128 0xb
 773 00b8 01       		.byte	0x1
ARM GAS  C:\Users\Henrique\AppData\Local\Temp\ccwpOHL1.s 			page 20


 774 00b9 11       		.uleb128 0x11
 775 00ba 01       		.uleb128 0x1
 776 00bb 12       		.uleb128 0x12
 777 00bc 06       		.uleb128 0x6
 778 00bd 01       		.uleb128 0x1
 779 00be 13       		.uleb128 0x13
 780 00bf 00       		.byte	0
 781 00c0 00       		.byte	0
 782 00c1 0F       		.uleb128 0xf
 783 00c2 13       		.uleb128 0x13
 784 00c3 01       		.byte	0x1
 785 00c4 0B       		.uleb128 0xb
 786 00c5 0B       		.uleb128 0xb
 787 00c6 3A       		.uleb128 0x3a
 788 00c7 0B       		.uleb128 0xb
 789 00c8 3B       		.uleb128 0x3b
 790 00c9 0B       		.uleb128 0xb
 791 00ca 01       		.uleb128 0x1
 792 00cb 13       		.uleb128 0x13
 793 00cc 00       		.byte	0
 794 00cd 00       		.byte	0
 795 00ce 10       		.uleb128 0x10
 796 00cf 0D       		.uleb128 0xd
 797 00d0 00       		.byte	0
 798 00d1 03       		.uleb128 0x3
 799 00d2 0E       		.uleb128 0xe
 800 00d3 3A       		.uleb128 0x3a
 801 00d4 0B       		.uleb128 0xb
 802 00d5 3B       		.uleb128 0x3b
 803 00d6 0B       		.uleb128 0xb
 804 00d7 49       		.uleb128 0x49
 805 00d8 13       		.uleb128 0x13
 806 00d9 38       		.uleb128 0x38
 807 00da 0B       		.uleb128 0xb
 808 00db 00       		.byte	0
 809 00dc 00       		.byte	0
 810 00dd 11       		.uleb128 0x11
 811 00de 01       		.uleb128 0x1
 812 00df 01       		.byte	0x1
 813 00e0 49       		.uleb128 0x49
 814 00e1 13       		.uleb128 0x13
 815 00e2 01       		.uleb128 0x1
 816 00e3 13       		.uleb128 0x13
 817 00e4 00       		.byte	0
 818 00e5 00       		.byte	0
 819 00e6 12       		.uleb128 0x12
 820 00e7 21       		.uleb128 0x21
 821 00e8 00       		.byte	0
 822 00e9 49       		.uleb128 0x49
 823 00ea 13       		.uleb128 0x13
 824 00eb 2F       		.uleb128 0x2f
 825 00ec 0B       		.uleb128 0xb
 826 00ed 00       		.byte	0
 827 00ee 00       		.byte	0
 828 00ef 13       		.uleb128 0x13
 829 00f0 26       		.uleb128 0x26
 830 00f1 00       		.byte	0
ARM GAS  C:\Users\Henrique\AppData\Local\Temp\ccwpOHL1.s 			page 21


 831 00f2 49       		.uleb128 0x49
 832 00f3 13       		.uleb128 0x13
 833 00f4 00       		.byte	0
 834 00f5 00       		.byte	0
 835 00f6 14       		.uleb128 0x14
 836 00f7 34       		.uleb128 0x34
 837 00f8 00       		.byte	0
 838 00f9 03       		.uleb128 0x3
 839 00fa 0E       		.uleb128 0xe
 840 00fb 3A       		.uleb128 0x3a
 841 00fc 0B       		.uleb128 0xb
 842 00fd 3B       		.uleb128 0x3b
 843 00fe 05       		.uleb128 0x5
 844 00ff 49       		.uleb128 0x49
 845 0100 13       		.uleb128 0x13
 846 0101 02       		.uleb128 0x2
 847 0102 18       		.uleb128 0x18
 848 0103 00       		.byte	0
 849 0104 00       		.byte	0
 850 0105 15       		.uleb128 0x15
 851 0106 34       		.uleb128 0x34
 852 0107 00       		.byte	0
 853 0108 03       		.uleb128 0x3
 854 0109 08       		.uleb128 0x8
 855 010a 3A       		.uleb128 0x3a
 856 010b 0B       		.uleb128 0xb
 857 010c 3B       		.uleb128 0x3b
 858 010d 05       		.uleb128 0x5
 859 010e 49       		.uleb128 0x49
 860 010f 13       		.uleb128 0x13
 861 0110 02       		.uleb128 0x2
 862 0111 17       		.uleb128 0x17
 863 0112 00       		.byte	0
 864 0113 00       		.byte	0
 865 0114 16       		.uleb128 0x16
 866 0115 0B       		.uleb128 0xb
 867 0116 01       		.byte	0x1
 868 0117 11       		.uleb128 0x11
 869 0118 01       		.uleb128 0x1
 870 0119 12       		.uleb128 0x12
 871 011a 06       		.uleb128 0x6
 872 011b 00       		.byte	0
 873 011c 00       		.byte	0
 874 011d 17       		.uleb128 0x17
 875 011e 0F       		.uleb128 0xf
 876 011f 00       		.byte	0
 877 0120 0B       		.uleb128 0xb
 878 0121 0B       		.uleb128 0xb
 879 0122 49       		.uleb128 0x49
 880 0123 13       		.uleb128 0x13
 881 0124 00       		.byte	0
 882 0125 00       		.byte	0
 883 0126 18       		.uleb128 0x18
 884 0127 898201   		.uleb128 0x4109
 885 012a 00       		.byte	0
 886 012b 11       		.uleb128 0x11
 887 012c 01       		.uleb128 0x1
ARM GAS  C:\Users\Henrique\AppData\Local\Temp\ccwpOHL1.s 			page 22


 888 012d 31       		.uleb128 0x31
 889 012e 13       		.uleb128 0x13
 890 012f 00       		.byte	0
 891 0130 00       		.byte	0
 892 0131 19       		.uleb128 0x19
 893 0132 2E       		.uleb128 0x2e
 894 0133 00       		.byte	0
 895 0134 3F       		.uleb128 0x3f
 896 0135 19       		.uleb128 0x19
 897 0136 3C       		.uleb128 0x3c
 898 0137 19       		.uleb128 0x19
 899 0138 6E       		.uleb128 0x6e
 900 0139 0E       		.uleb128 0xe
 901 013a 03       		.uleb128 0x3
 902 013b 0E       		.uleb128 0xe
 903 013c 00       		.byte	0
 904 013d 00       		.byte	0
 905 013e 1A       		.uleb128 0x1a
 906 013f 2E       		.uleb128 0x2e
 907 0140 00       		.byte	0
 908 0141 3F       		.uleb128 0x3f
 909 0142 19       		.uleb128 0x19
 910 0143 3C       		.uleb128 0x3c
 911 0144 19       		.uleb128 0x19
 912 0145 6E       		.uleb128 0x6e
 913 0146 0E       		.uleb128 0xe
 914 0147 03       		.uleb128 0x3
 915 0148 0E       		.uleb128 0xe
 916 0149 3A       		.uleb128 0x3a
 917 014a 0B       		.uleb128 0xb
 918 014b 3B       		.uleb128 0x3b
 919 014c 0B       		.uleb128 0xb
 920 014d 00       		.byte	0
 921 014e 00       		.byte	0
 922 014f 00       		.byte	0
 923              		.section	.debug_loc,"",%progbits
 924              	.Ldebug_loc0:
 925              	.LLST0:
 926 0000 00000000 		.4byte	.LVL0
 927 0004 09000000 		.4byte	.LVL2-1
 928 0008 0100     		.2byte	0x1
 929 000a 50       		.byte	0x50
 930 000b 09000000 		.4byte	.LVL2-1
 931 000f 0C000000 		.4byte	.LFE0
 932 0013 0400     		.2byte	0x4
 933 0015 F3       		.byte	0xf3
 934 0016 01       		.uleb128 0x1
 935 0017 50       		.byte	0x50
 936 0018 9F       		.byte	0x9f
 937 0019 00000000 		.4byte	0
 938 001d 00000000 		.4byte	0
 939              	.LLST1:
 940 0021 00000000 		.4byte	.LVL0
 941 0025 06000000 		.4byte	.LVL1
 942 0029 0100     		.2byte	0x1
 943 002b 51       		.byte	0x51
 944 002c 06000000 		.4byte	.LVL1
ARM GAS  C:\Users\Henrique\AppData\Local\Temp\ccwpOHL1.s 			page 23


 945 0030 09000000 		.4byte	.LVL2-1
 946 0034 0100     		.2byte	0x1
 947 0036 52       		.byte	0x52
 948 0037 09000000 		.4byte	.LVL2-1
 949 003b 0C000000 		.4byte	.LFE0
 950 003f 0400     		.2byte	0x4
 951 0041 F3       		.byte	0xf3
 952 0042 01       		.uleb128 0x1
 953 0043 51       		.byte	0x51
 954 0044 9F       		.byte	0x9f
 955 0045 00000000 		.4byte	0
 956 0049 00000000 		.4byte	0
 957              	.LLST2:
 958 004d 7C000000 		.4byte	.LVL6
 959 0051 80000000 		.4byte	.LVL7
 960 0055 0200     		.2byte	0x2
 961 0057 30       		.byte	0x30
 962 0058 9F       		.byte	0x9f
 963 0059 80000000 		.4byte	.LVL7
 964 005d 9E000000 		.4byte	.LVL9
 965 0061 0100     		.2byte	0x1
 966 0063 54       		.byte	0x54
 967 0064 A0000000 		.4byte	.LVL10
 968 0068 F8000000 		.4byte	.LVL12
 969 006c 0100     		.2byte	0x1
 970 006e 54       		.byte	0x54
 971 006f 00000000 		.4byte	0
 972 0073 00000000 		.4byte	0
 973              	.LLST3:
 974 0077 80000000 		.4byte	.LVL7
 975 007b 9E000000 		.4byte	.LVL9
 976 007f 0B00     		.2byte	0xb
 977 0081 74       		.byte	0x74
 978 0082 00       		.sleb128 0
 979 0083 36       		.byte	0x36
 980 0084 1E       		.byte	0x1e
 981 0085 03       		.byte	0x3
 982 0086 00000000 		.4byte	cfg_memset_list.4847
 983 008a 22       		.byte	0x22
 984 008b 9F       		.byte	0x9f
 985 008c 9E000000 		.4byte	.LVL9
 986 0090 A0000000 		.4byte	.LVL10
 987 0094 0B00     		.2byte	0xb
 988 0096 74       		.byte	0x74
 989 0097 7F       		.sleb128 -1
 990 0098 36       		.byte	0x36
 991 0099 1E       		.byte	0x1e
 992 009a 03       		.byte	0x3
 993 009b 00000000 		.4byte	cfg_memset_list.4847
 994 009f 22       		.byte	0x22
 995 00a0 9F       		.byte	0x9f
 996 00a1 00000000 		.4byte	0
 997 00a5 00000000 		.4byte	0
 998              		.section	.debug_aranges,"",%progbits
 999 0000 2C000000 		.4byte	0x2c
 1000 0004 0200     		.2byte	0x2
 1001 0006 00000000 		.4byte	.Ldebug_info0
ARM GAS  C:\Users\Henrique\AppData\Local\Temp\ccwpOHL1.s 			page 24


 1002 000a 04       		.byte	0x4
 1003 000b 00       		.byte	0
 1004 000c 0000     		.2byte	0
 1005 000e 0000     		.2byte	0
 1006 0010 00000000 		.4byte	.LFB0
 1007 0014 0C000000 		.4byte	.LFE0-.LFB0
 1008 0018 00000000 		.4byte	.LFB3
 1009 001c 78000000 		.4byte	.LFE3-.LFB3
 1010 0020 78000000 		.4byte	.LFB5
 1011 0024 B4000000 		.4byte	.LFE5-.LFB5
 1012 0028 00000000 		.4byte	0
 1013 002c 00000000 		.4byte	0
 1014              		.section	.debug_ranges,"",%progbits
 1015              	.Ldebug_ranges0:
 1016 0000 00000000 		.4byte	.LFB0
 1017 0004 0C000000 		.4byte	.LFE0
 1018 0008 00000000 		.4byte	.LFB3
 1019 000c 78000000 		.4byte	.LFE3
 1020 0010 78000000 		.4byte	.LFB5
 1021 0014 2C010000 		.4byte	.LFE5
 1022 0018 00000000 		.4byte	0
 1023 001c 00000000 		.4byte	0
 1024              		.section	.debug_line,"",%progbits
 1025              	.Ldebug_line0:
 1026 0000 30010000 		.section	.debug_str,"MS",%progbits,1
 1026      0200D600 
 1026      00000201 
 1026      FB0E0D00 
 1026      01010101 
 1027              	.LASF19:
 1028 0000 72656733 		.ascii	"reg32\000"
 1028      3200
 1029              	.LASF12:
 1030 0006 73697A65 		.ascii	"size_t\000"
 1030      5F7400
 1031              	.LASF27:
 1032 000d 4379496E 		.ascii	"CyIntSetVector\000"
 1032      74536574 
 1032      56656374 
 1032      6F7200
 1033              	.LASF25:
 1034 001c 6366675F 		.ascii	"cfg_memset_list\000"
 1034      6D656D73 
 1034      65745F6C 
 1034      69737400 
 1035              	.LASF21:
 1036 002c 436C6F63 		.ascii	"ClockSetup\000"
 1036      6B536574 
 1036      757000
 1037              	.LASF6:
 1038 0037 73686F72 		.ascii	"short unsigned int\000"
 1038      7420756E 
 1038      7369676E 
 1038      65642069 
 1038      6E7400
 1039              	.LASF16:
 1040 004a 666C6F61 		.ascii	"float\000"
ARM GAS  C:\Users\Henrique\AppData\Local\Temp\ccwpOHL1.s 			page 25


 1040      7400
 1041              	.LASF31:
 1042 0050 433A5C55 		.ascii	"C:\\Users\\Henrique\\Documents\\PSoC Creator\\LAB7_"
 1042      73657273 
 1042      5C48656E 
 1042      72697175 
 1042      655C446F 
 1043 007e 335F325F 		.ascii	"3_2_2_PWM\\LAB7_3_2_2_PWM.cydsn\000"
 1043      325F5057 
 1043      4D5C4C41 
 1043      42375F33 
 1043      5F325F32 
 1044              	.LASF23:
 1045 009d 73697A65 		.ascii	"size\000"
 1045      00
 1046              	.LASF18:
 1047 00a2 72656738 		.ascii	"reg8\000"
 1047      00
 1048              	.LASF8:
 1049 00a7 6C6F6E67 		.ascii	"long unsigned int\000"
 1049      20756E73 
 1049      69676E65 
 1049      6420696E 
 1049      7400
 1050              	.LASF13:
 1051 00b9 75696E74 		.ascii	"uint8\000"
 1051      3800
 1052              	.LASF20:
 1053 00bf 43594D45 		.ascii	"CYMEMZERO\000"
 1053      4D5A4552 
 1053      4F00
 1054              	.LASF4:
 1055 00c9 756E7369 		.ascii	"unsigned char\000"
 1055      676E6564 
 1055      20636861 
 1055      7200
 1056              	.LASF33:
 1057 00d7 6D656D73 		.ascii	"memset\000"
 1057      657400
 1058              	.LASF17:
 1059 00de 646F7562 		.ascii	"double\000"
 1059      6C6500
 1060              	.LASF28:
 1061 00e5 4379496E 		.ascii	"CyIntEnable\000"
 1061      74456E61 
 1061      626C6500 
 1062              	.LASF14:
 1063 00f1 75696E74 		.ascii	"uint16\000"
 1063      313600
 1064              	.LASF15:
 1065 00f8 75696E74 		.ascii	"uint32\000"
 1065      333200
 1066              	.LASF0:
 1067 00ff 756E7369 		.ascii	"unsigned int\000"
 1067      676E6564 
 1067      20696E74 
 1067      00
ARM GAS  C:\Users\Henrique\AppData\Local\Temp\ccwpOHL1.s 			page 26


 1068              	.LASF32:
 1069 010c 63796669 		.ascii	"cyfitter_cfg\000"
 1069      74746572 
 1069      5F636667 
 1069      00
 1070              	.LASF22:
 1071 0119 61646472 		.ascii	"address\000"
 1071      65737300 
 1072              	.LASF9:
 1073 0121 6C6F6E67 		.ascii	"long long unsigned int\000"
 1073      206C6F6E 
 1073      6720756E 
 1073      7369676E 
 1073      65642069 
 1074              	.LASF29:
 1075 0138 474E5520 		.ascii	"GNU C11 5.4.1 20160609 (release) [ARM/embedded-5-br"
 1075      43313120 
 1075      352E342E 
 1075      31203230 
 1075      31363036 
 1076 016b 616E6368 		.ascii	"anch revision 237715] -mcpu=cortex-m0 -mthumb -g -O"
 1076      20726576 
 1076      6973696F 
 1076      6E203233 
 1076      37373135 
 1077 019e 67202D66 		.ascii	"g -ffunction-sections -ffat-lto-objects\000"
 1077      66756E63 
 1077      74696F6E 
 1077      2D736563 
 1077      74696F6E 
 1078              	.LASF24:
 1079 01c6 6366675F 		.ascii	"cfg_memset_t\000"
 1079      6D656D73 
 1079      65745F74 
 1079      00
 1080              	.LASF10:
 1081 01d3 73697A65 		.ascii	"sizetype\000"
 1081      74797065 
 1081      00
 1082              	.LASF1:
 1083 01dc 6C6F6E67 		.ascii	"long long int\000"
 1083      206C6F6E 
 1083      6720696E 
 1083      7400
 1084              	.LASF11:
 1085 01ea 63686172 		.ascii	"char\000"
 1085      00
 1086              	.LASF5:
 1087 01ef 73686F72 		.ascii	"short int\000"
 1087      7420696E 
 1087      7400
 1088              	.LASF26:
 1089 01f9 43795379 		.ascii	"CySysClkWriteImoFreq\000"
 1089      73436C6B 
 1089      57726974 
 1089      65496D6F 
 1089      46726571 
ARM GAS  C:\Users\Henrique\AppData\Local\Temp\ccwpOHL1.s 			page 27


 1090              	.LASF7:
 1091 020e 6C6F6E67 		.ascii	"long int\000"
 1091      20696E74 
 1091      00
 1092              	.LASF2:
 1093 0217 6C6F6E67 		.ascii	"long double\000"
 1093      20646F75 
 1093      626C6500 
 1094              	.LASF3:
 1095 0223 7369676E 		.ascii	"signed char\000"
 1095      65642063 
 1095      68617200 
 1096              	.LASF30:
 1097 022f 47656E65 		.ascii	"Generated_Source\\PSoC4\\cyfitter_cfg.c\000"
 1097      72617465 
 1097      645F536F 
 1097      75726365 
 1097      5C50536F 
 1098              		.ident	"GCC: (GNU Tools for ARM Embedded Processors) 5.4.1 20160609 (release) [ARM/embedded-5-bran
