Archive member included to satisfy reference by file (symbol)

.\CortexM0\ARM_GCC_541\Debug\LAB7_3_2_2_PWM.a(PWM_1.o)
                              .\CortexM0\ARM_GCC_541\Debug\main.o (PWM_1_WriteCompare)
.\CortexM0\ARM_GCC_541\Debug\LAB7_3_2_2_PWM.a(BT.o)
                              .\CortexM0\ARM_GCC_541\Debug\main.o (BT_Read)
.\CortexM0\ARM_GCC_541\Debug\LAB7_3_2_2_PWM.a(Clock.o)
                              .\CortexM0\ARM_GCC_541\Debug\main.o (Clock_Start)
.\CortexM0\ARM_GCC_541\Debug\LAB7_3_2_2_PWM.a(CyLib.o)
                              .\CortexM0\ARM_GCC_541\Debug\cyfitter_cfg.o (CyIntEnable)
.\CortexM0\ARM_GCC_541\Debug\LAB7_3_2_2_PWM.a(CyLFClk.o)
                              .\CortexM0\ARM_GCC_541\Debug\cyfitter_cfg.o (CySysWdtIsr)
.\CortexM0\ARM_GCC_541\Debug\LAB7_3_2_2_PWM.a(CyBootAsmGnu.o)
                              .\CortexM0\ARM_GCC_541\Debug\LAB7_3_2_2_PWM.a(CyLib.o) (CyDelayCycles)
c:/program files (x86)/cypress/psoc creator/4.4/psoc creator/import/gnu/arm/5.4.1/bin/../lib/gcc/arm-none-eabi/5.4.1/armv6-m\libgcc.a(_udivsi3.o)
                              .\CortexM0\ARM_GCC_541\Debug\LAB7_3_2_2_PWM.a(CyLib.o) (__aeabi_uidiv)
c:/program files (x86)/cypress/psoc creator/4.4/psoc creator/import/gnu/arm/5.4.1/bin/../lib/gcc/arm-none-eabi/5.4.1/armv6-m\libgcc.a(_dvmd_tls.o)
                              c:/program files (x86)/cypress/psoc creator/4.4/psoc creator/import/gnu/arm/5.4.1/bin/../lib/gcc/arm-none-eabi/5.4.1/armv6-m\libgcc.a(_udivsi3.o) (__aeabi_idiv0)
c:/program files (x86)/cypress/psoc creator/4.4/psoc creator/import/gnu/arm/5.4.1/bin/../lib/gcc/arm-none-eabi/5.4.1/../../../../arm-none-eabi/lib/armv6-m\libg_nano.a(lib_a-errno.o)
                              .\CortexM0\ARM_GCC_541\Debug\Cm0Start.o (__errno)
c:/program files (x86)/cypress/psoc creator/4.4/psoc creator/import/gnu/arm/5.4.1/bin/../lib/gcc/arm-none-eabi/5.4.1/../../../../arm-none-eabi/lib/armv6-m\libg_nano.a(lib_a-exit.o)
                              c:/program files (x86)/cypress/psoc creator/4.4/psoc creator/import/gnu/arm/5.4.1/bin/../lib/gcc/arm-none-eabi/5.4.1/../../../../arm-none-eabi/lib/armv6-m/crt0.o (exit)
c:/program files (x86)/cypress/psoc creator/4.4/psoc creator/import/gnu/arm/5.4.1/bin/../lib/gcc/arm-none-eabi/5.4.1/../../../../arm-none-eabi/lib/armv6-m\libg_nano.a(lib_a-impure.o)
                              c:/program files (x86)/cypress/psoc creator/4.4/psoc creator/import/gnu/arm/5.4.1/bin/../lib/gcc/arm-none-eabi/5.4.1/../../../../arm-none-eabi/lib/armv6-m\libg_nano.a(lib_a-exit.o) (_global_impure_ptr)
c:/program files (x86)/cypress/psoc creator/4.4/psoc creator/import/gnu/arm/5.4.1/bin/../lib/gcc/arm-none-eabi/5.4.1/../../../../arm-none-eabi/lib/armv6-m\libg_nano.a(lib_a-init.o)
                              c:/program files (x86)/cypress/psoc creator/4.4/psoc creator/import/gnu/arm/5.4.1/bin/../lib/gcc/arm-none-eabi/5.4.1/../../../../arm-none-eabi/lib/armv6-m/crt0.o (__libc_init_array)
c:/program files (x86)/cypress/psoc creator/4.4/psoc creator/import/gnu/arm/5.4.1/bin/../lib/gcc/arm-none-eabi/5.4.1/../../../../arm-none-eabi/lib/armv6-m\libg_nano.a(lib_a-memset.o)
                              c:/program files (x86)/cypress/psoc creator/4.4/psoc creator/import/gnu/arm/5.4.1/bin/../lib/gcc/arm-none-eabi/5.4.1/../../../../arm-none-eabi/lib/armv6-m/crt0.o (memset)

Allocating common symbols
Common symbol       size              file

led_state           0x1               .\CortexM0\ARM_GCC_541\Debug\main.o

Discarded input sections

 .text          0x00000000        0x0 c:/program files (x86)/cypress/psoc creator/4.4/psoc creator/import/gnu/arm/5.4.1/bin/../lib/gcc/arm-none-eabi/5.4.1/armv6-m/crti.o
 .data          0x00000000        0x0 c:/program files (x86)/cypress/psoc creator/4.4/psoc creator/import/gnu/arm/5.4.1/bin/../lib/gcc/arm-none-eabi/5.4.1/armv6-m/crti.o
 .bss           0x00000000        0x0 c:/program files (x86)/cypress/psoc creator/4.4/psoc creator/import/gnu/arm/5.4.1/bin/../lib/gcc/arm-none-eabi/5.4.1/armv6-m/crti.o
 .data          0x00000000        0x4 c:/program files (x86)/cypress/psoc creator/4.4/psoc creator/import/gnu/arm/5.4.1/bin/../lib/gcc/arm-none-eabi/5.4.1/armv6-m/crtbegin.o
 .text          0x00000000       0x78 c:/program files (x86)/cypress/psoc creator/4.4/psoc creator/import/gnu/arm/5.4.1/bin/../lib/gcc/arm-none-eabi/5.4.1/../../../../arm-none-eabi/lib/armv6-m/crt0.o
 .data          0x00000000        0x0 c:/program files (x86)/cypress/psoc creator/4.4/psoc creator/import/gnu/arm/5.4.1/bin/../lib/gcc/arm-none-eabi/5.4.1/../../../../arm-none-eabi/lib/armv6-m/crt0.o
 .bss           0x00000000        0x0 c:/program files (x86)/cypress/psoc creator/4.4/psoc creator/import/gnu/arm/5.4.1/bin/../lib/gcc/arm-none-eabi/5.4.1/../../../../arm-none-eabi/lib/armv6-m/crt0.o
 .ARM.extab     0x00000000        0x0 c:/program files (x86)/cypress/psoc creator/4.4/psoc creator/import/gnu/arm/5.4.1/bin/../lib/gcc/arm-none-eabi/5.4.1/../../../../arm-none-eabi/lib/armv6-m/crt0.o
 .ARM.exidx     0x00000000        0x8 c:/program files (x86)/cypress/psoc creator/4.4/psoc creator/import/gnu/arm/5.4.1/bin/../lib/gcc/arm-none-eabi/5.4.1/../../../../arm-none-eabi/lib/armv6-m/crt0.o
 .text          0x00000000        0x0 .\CortexM0\ARM_GCC_541\Debug\main.o
 .data          0x00000000        0x0 .\CortexM0\ARM_GCC_541\Debug\main.o
 .bss           0x00000000        0x0 .\CortexM0\ARM_GCC_541\Debug\main.o
 .text          0x00000000        0x0 .\CortexM0\ARM_GCC_541\Debug\cyfitter_cfg.o
 .data          0x00000000        0x0 .\CortexM0\ARM_GCC_541\Debug\cyfitter_cfg.o
 .bss           0x00000000        0x0 .\CortexM0\ARM_GCC_541\Debug\cyfitter_cfg.o
 .text          0x00000000        0x0 .\CortexM0\ARM_GCC_541\Debug\cymetadata.o
 .data          0x00000000        0x0 .\CortexM0\ARM_GCC_541\Debug\cymetadata.o
 .bss           0x00000000        0x0 .\CortexM0\ARM_GCC_541\Debug\cymetadata.o
 .text          0x00000000        0x0 .\CortexM0\ARM_GCC_541\Debug\Cm0Start.o
 .data          0x00000000        0x4 .\CortexM0\ARM_GCC_541\Debug\Cm0Start.o
 .bss           0x00000000        0x0 .\CortexM0\ARM_GCC_541\Debug\Cm0Start.o
 .text._exit    0x00000000        0xc .\CortexM0\ARM_GCC_541\Debug\Cm0Start.o
 .text._sbrk    0x00000000       0x30 .\CortexM0\ARM_GCC_541\Debug\Cm0Start.o
 .text          0x00000000        0x0 .\CortexM0\ARM_GCC_541\Debug\LAB7_3_2_2_PWM.a(PWM_1.o)
 .data          0x00000000        0x0 .\CortexM0\ARM_GCC_541\Debug\LAB7_3_2_2_PWM.a(PWM_1.o)
 .text.PWM_1_Stop
                0x00000000       0x1c .\CortexM0\ARM_GCC_541\Debug\LAB7_3_2_2_PWM.a(PWM_1.o)
 .text.PWM_1_SetMode
                0x00000000       0x28 .\CortexM0\ARM_GCC_541\Debug\LAB7_3_2_2_PWM.a(PWM_1.o)
 .text.PWM_1_SetQDMode
                0x00000000       0x28 .\CortexM0\ARM_GCC_541\Debug\LAB7_3_2_2_PWM.a(PWM_1.o)
 .text.PWM_1_SetPrescaler
                0x00000000       0x28 .\CortexM0\ARM_GCC_541\Debug\LAB7_3_2_2_PWM.a(PWM_1.o)
 .text.PWM_1_SetOneShot
                0x00000000       0x30 .\CortexM0\ARM_GCC_541\Debug\LAB7_3_2_2_PWM.a(PWM_1.o)
 .text.PWM_1_SetPWMMode
                0x00000000       0x10 .\CortexM0\ARM_GCC_541\Debug\LAB7_3_2_2_PWM.a(PWM_1.o)
 .text.PWM_1_SetPWMSyncKill
                0x00000000       0x28 .\CortexM0\ARM_GCC_541\Debug\LAB7_3_2_2_PWM.a(PWM_1.o)
 .text.PWM_1_SetPWMStopOnKill
                0x00000000       0x28 .\CortexM0\ARM_GCC_541\Debug\LAB7_3_2_2_PWM.a(PWM_1.o)
 .text.PWM_1_SetPWMDeadTime
                0x00000000       0x2c .\CortexM0\ARM_GCC_541\Debug\LAB7_3_2_2_PWM.a(PWM_1.o)
 .text.PWM_1_SetPWMInvert
                0x00000000       0x28 .\CortexM0\ARM_GCC_541\Debug\LAB7_3_2_2_PWM.a(PWM_1.o)
 .text.PWM_1_ReadCounter
                0x00000000       0x10 .\CortexM0\ARM_GCC_541\Debug\LAB7_3_2_2_PWM.a(PWM_1.o)
 .text.PWM_1_SetCounterMode
                0x00000000       0x28 .\CortexM0\ARM_GCC_541\Debug\LAB7_3_2_2_PWM.a(PWM_1.o)
 .text.PWM_1_ReadPeriod
                0x00000000       0x10 .\CortexM0\ARM_GCC_541\Debug\LAB7_3_2_2_PWM.a(PWM_1.o)
 .text.PWM_1_SetCompareSwap
                0x00000000       0x24 .\CortexM0\ARM_GCC_541\Debug\LAB7_3_2_2_PWM.a(PWM_1.o)
 .text.PWM_1_WritePeriodBuf
                0x00000000       0x10 .\CortexM0\ARM_GCC_541\Debug\LAB7_3_2_2_PWM.a(PWM_1.o)
 .text.PWM_1_ReadPeriodBuf
                0x00000000       0x10 .\CortexM0\ARM_GCC_541\Debug\LAB7_3_2_2_PWM.a(PWM_1.o)
 .text.PWM_1_SetPeriodSwap
                0x00000000       0x28 .\CortexM0\ARM_GCC_541\Debug\LAB7_3_2_2_PWM.a(PWM_1.o)
 .text.PWM_1_ReadCompare
                0x00000000       0x10 .\CortexM0\ARM_GCC_541\Debug\LAB7_3_2_2_PWM.a(PWM_1.o)
 .text.PWM_1_WriteCompareBuf
                0x00000000       0x10 .\CortexM0\ARM_GCC_541\Debug\LAB7_3_2_2_PWM.a(PWM_1.o)
 .text.PWM_1_ReadCompareBuf
                0x00000000       0x10 .\CortexM0\ARM_GCC_541\Debug\LAB7_3_2_2_PWM.a(PWM_1.o)
 .text.PWM_1_ReadCapture
                0x00000000       0x10 .\CortexM0\ARM_GCC_541\Debug\LAB7_3_2_2_PWM.a(PWM_1.o)
 .text.PWM_1_ReadCaptureBuf
                0x00000000       0x10 .\CortexM0\ARM_GCC_541\Debug\LAB7_3_2_2_PWM.a(PWM_1.o)
 .text.PWM_1_SetCaptureMode
                0x00000000       0x24 .\CortexM0\ARM_GCC_541\Debug\LAB7_3_2_2_PWM.a(PWM_1.o)
 .text.PWM_1_SetReloadMode
                0x00000000       0x24 .\CortexM0\ARM_GCC_541\Debug\LAB7_3_2_2_PWM.a(PWM_1.o)
 .text.PWM_1_SetStartMode
                0x00000000       0x28 .\CortexM0\ARM_GCC_541\Debug\LAB7_3_2_2_PWM.a(PWM_1.o)
 .text.PWM_1_SetStopMode
                0x00000000       0x24 .\CortexM0\ARM_GCC_541\Debug\LAB7_3_2_2_PWM.a(PWM_1.o)
 .text.PWM_1_SetCountMode
                0x00000000       0x24 .\CortexM0\ARM_GCC_541\Debug\LAB7_3_2_2_PWM.a(PWM_1.o)
 .text.PWM_1_ReadStatus
                0x00000000       0x14 .\CortexM0\ARM_GCC_541\Debug\LAB7_3_2_2_PWM.a(PWM_1.o)
 .text.PWM_1_GetInterruptSourceMasked
                0x00000000        0xc .\CortexM0\ARM_GCC_541\Debug\LAB7_3_2_2_PWM.a(PWM_1.o)
 .text.PWM_1_GetInterruptSource
                0x00000000        0xc .\CortexM0\ARM_GCC_541\Debug\LAB7_3_2_2_PWM.a(PWM_1.o)
 .text.PWM_1_ClearInterrupt
                0x00000000        0xc .\CortexM0\ARM_GCC_541\Debug\LAB7_3_2_2_PWM.a(PWM_1.o)
 .text.PWM_1_SetInterrupt
                0x00000000        0xc .\CortexM0\ARM_GCC_541\Debug\LAB7_3_2_2_PWM.a(PWM_1.o)
 .text          0x00000000        0x0 .\CortexM0\ARM_GCC_541\Debug\LAB7_3_2_2_PWM.a(BT.o)
 .data          0x00000000        0x0 .\CortexM0\ARM_GCC_541\Debug\LAB7_3_2_2_PWM.a(BT.o)
 .bss           0x00000000        0x0 .\CortexM0\ARM_GCC_541\Debug\LAB7_3_2_2_PWM.a(BT.o)
 .text.BT_SetDriveMode
                0x00000000       0x18 .\CortexM0\ARM_GCC_541\Debug\LAB7_3_2_2_PWM.a(BT.o)
 .text.BT_Write
                0x00000000       0x18 .\CortexM0\ARM_GCC_541\Debug\LAB7_3_2_2_PWM.a(BT.o)
 .text.BT_ReadDataReg
                0x00000000       0x10 .\CortexM0\ARM_GCC_541\Debug\LAB7_3_2_2_PWM.a(BT.o)
 .text.BT_SetInterruptMode
                0x00000000       0x14 .\CortexM0\ARM_GCC_541\Debug\LAB7_3_2_2_PWM.a(BT.o)
 .text.BT_ClearInterrupt
                0x00000000       0x14 .\CortexM0\ARM_GCC_541\Debug\LAB7_3_2_2_PWM.a(BT.o)
 .text          0x00000000        0x0 .\CortexM0\ARM_GCC_541\Debug\LAB7_3_2_2_PWM.a(Clock.o)
 .data          0x00000000        0x0 .\CortexM0\ARM_GCC_541\Debug\LAB7_3_2_2_PWM.a(Clock.o)
 .bss           0x00000000        0x0 .\CortexM0\ARM_GCC_541\Debug\LAB7_3_2_2_PWM.a(Clock.o)
 .text.Clock_Stop
                0x00000000       0x10 .\CortexM0\ARM_GCC_541\Debug\LAB7_3_2_2_PWM.a(Clock.o)
 .text.Clock_SetFractionalDividerRegister
                0x00000000       0x14 .\CortexM0\ARM_GCC_541\Debug\LAB7_3_2_2_PWM.a(Clock.o)
 .text.Clock_GetDividerRegister
                0x00000000        0xc .\CortexM0\ARM_GCC_541\Debug\LAB7_3_2_2_PWM.a(Clock.o)
 .text.Clock_GetFractionalDividerRegister
                0x00000000        0x4 .\CortexM0\ARM_GCC_541\Debug\LAB7_3_2_2_PWM.a(Clock.o)
 .text          0x00000000        0x0 .\CortexM0\ARM_GCC_541\Debug\LAB7_3_2_2_PWM.a(CyLib.o)
 .bss           0x00000000       0x18 .\CortexM0\ARM_GCC_541\Debug\LAB7_3_2_2_PWM.a(CyLib.o)
 .text.CySysClkImoStart
                0x00000000       0x14 .\CortexM0\ARM_GCC_541\Debug\LAB7_3_2_2_PWM.a(CyLib.o)
 .text.CySysClkImoStop
                0x00000000       0x10 .\CortexM0\ARM_GCC_541\Debug\LAB7_3_2_2_PWM.a(CyLib.o)
 .text.CySysClkWriteHfclkDirect
                0x00000000       0x20 .\CortexM0\ARM_GCC_541\Debug\LAB7_3_2_2_PWM.a(CyLib.o)
 .text.CySysEnablePumpClock
                0x00000000       0x38 .\CortexM0\ARM_GCC_541\Debug\LAB7_3_2_2_PWM.a(CyLib.o)
 .text.CySysClkGetSysclkSource
                0x00000000       0x1c .\CortexM0\ARM_GCC_541\Debug\LAB7_3_2_2_PWM.a(CyLib.o)
 .text.CySysClkWriteSysclkDiv
                0x00000000       0x30 .\CortexM0\ARM_GCC_541\Debug\LAB7_3_2_2_PWM.a(CyLib.o)
 .text.CySysLvdDisable
                0x00000000       0x20 .\CortexM0\ARM_GCC_541\Debug\LAB7_3_2_2_PWM.a(CyLib.o)
 .text.CySysLvdGetInterruptSource
                0x00000000       0x10 .\CortexM0\ARM_GCC_541\Debug\LAB7_3_2_2_PWM.a(CyLib.o)
 .text.CySysLvdClearInterrupt
                0x00000000        0xc .\CortexM0\ARM_GCC_541\Debug\LAB7_3_2_2_PWM.a(CyLib.o)
 .text.CySysGetResetReason
                0x00000000       0x14 .\CortexM0\ARM_GCC_541\Debug\LAB7_3_2_2_PWM.a(CyLib.o)
 .text.CyDisableInts
                0x00000000       0x10 .\CortexM0\ARM_GCC_541\Debug\LAB7_3_2_2_PWM.a(CyLib.o)
 .text.CyEnableInts
                0x00000000        0xc .\CortexM0\ARM_GCC_541\Debug\LAB7_3_2_2_PWM.a(CyLib.o)
 .text.CyIntGetState
                0x00000000       0x18 .\CortexM0\ARM_GCC_541\Debug\LAB7_3_2_2_PWM.a(CyLib.o)
 .text.CyIntDisable
                0x00000000       0x14 .\CortexM0\ARM_GCC_541\Debug\LAB7_3_2_2_PWM.a(CyLib.o)
 .text.CyIntSetPending
                0x00000000       0x14 .\CortexM0\ARM_GCC_541\Debug\LAB7_3_2_2_PWM.a(CyLib.o)
 .text.CyIntClearPending
                0x00000000       0x14 .\CortexM0\ARM_GCC_541\Debug\LAB7_3_2_2_PWM.a(CyLib.o)
 .text.CyIntSetSysVector
                0x00000000       0x20 .\CortexM0\ARM_GCC_541\Debug\LAB7_3_2_2_PWM.a(CyLib.o)
 .text.CyIntGetSysVector
                0x00000000       0x1c .\CortexM0\ARM_GCC_541\Debug\LAB7_3_2_2_PWM.a(CyLib.o)
 .text.CyIntGetVector
                0x00000000       0x20 .\CortexM0\ARM_GCC_541\Debug\LAB7_3_2_2_PWM.a(CyLib.o)
 .text.CyIntSetPriority
                0x00000000       0x4c .\CortexM0\ARM_GCC_541\Debug\LAB7_3_2_2_PWM.a(CyLib.o)
 .text.CyIntGetPriority
                0x00000000       0x2c .\CortexM0\ARM_GCC_541\Debug\LAB7_3_2_2_PWM.a(CyLib.o)
 .text.CySoftwareReset
                0x00000000       0x18 .\CortexM0\ARM_GCC_541\Debug\LAB7_3_2_2_PWM.a(CyLib.o)
 .text.CyDelay  0x00000000       0x30 .\CortexM0\ARM_GCC_541\Debug\LAB7_3_2_2_PWM.a(CyLib.o)
 .text.CySysLvdEnable
                0x00000000       0x44 .\CortexM0\ARM_GCC_541\Debug\LAB7_3_2_2_PWM.a(CyLib.o)
 .text.CyDelayFreq
                0x00000000       0x4c .\CortexM0\ARM_GCC_541\Debug\LAB7_3_2_2_PWM.a(CyLib.o)
 .text.CySysTickStop
                0x00000000       0x10 .\CortexM0\ARM_GCC_541\Debug\LAB7_3_2_2_PWM.a(CyLib.o)
 .text.CySysTickEnableInterrupt
                0x00000000       0x10 .\CortexM0\ARM_GCC_541\Debug\LAB7_3_2_2_PWM.a(CyLib.o)
 .text.CySysTickEnable
                0x00000000       0x18 .\CortexM0\ARM_GCC_541\Debug\LAB7_3_2_2_PWM.a(CyLib.o)
 .text.CySysTickDisableInterrupt
                0x00000000       0x10 .\CortexM0\ARM_GCC_541\Debug\LAB7_3_2_2_PWM.a(CyLib.o)
 .text.CySysTickSetReload
                0x00000000       0x10 .\CortexM0\ARM_GCC_541\Debug\LAB7_3_2_2_PWM.a(CyLib.o)
 .text.CySysTickGetReload
                0x00000000       0x10 .\CortexM0\ARM_GCC_541\Debug\LAB7_3_2_2_PWM.a(CyLib.o)
 .text.CySysTickGetValue
                0x00000000       0x10 .\CortexM0\ARM_GCC_541\Debug\LAB7_3_2_2_PWM.a(CyLib.o)
 .text.CySysTickGetCountFlag
                0x00000000       0x10 .\CortexM0\ARM_GCC_541\Debug\LAB7_3_2_2_PWM.a(CyLib.o)
 .text.CySysTickServiceCallbacks
                0x00000000       0x28 .\CortexM0\ARM_GCC_541\Debug\LAB7_3_2_2_PWM.a(CyLib.o)
 .text.CySysTickClear
                0x00000000        0xc .\CortexM0\ARM_GCC_541\Debug\LAB7_3_2_2_PWM.a(CyLib.o)
 .text.CySysTickInit
                0x00000000       0x40 .\CortexM0\ARM_GCC_541\Debug\LAB7_3_2_2_PWM.a(CyLib.o)
 .text.CySysTickStart
                0x00000000       0x20 .\CortexM0\ARM_GCC_541\Debug\LAB7_3_2_2_PWM.a(CyLib.o)
 .text.CySysTickSetCallback
                0x00000000       0x10 .\CortexM0\ARM_GCC_541\Debug\LAB7_3_2_2_PWM.a(CyLib.o)
 .text.CySysTickGetCallback
                0x00000000        0xc .\CortexM0\ARM_GCC_541\Debug\LAB7_3_2_2_PWM.a(CyLib.o)
 .text.CyGetUniqueId
                0x00000000       0x70 .\CortexM0\ARM_GCC_541\Debug\LAB7_3_2_2_PWM.a(CyLib.o)
 .text          0x00000000        0x0 .\CortexM0\ARM_GCC_541\Debug\LAB7_3_2_2_PWM.a(CyLFClk.o)
 .text.CySysClkIloEnabled
                0x00000000       0x14 .\CortexM0\ARM_GCC_541\Debug\LAB7_3_2_2_PWM.a(CyLFClk.o)
 .text.CySysClkIloStart
                0x00000000       0x14 .\CortexM0\ARM_GCC_541\Debug\LAB7_3_2_2_PWM.a(CyLFClk.o)
 .text.CySysClkIloStartMeasurement
                0x00000000       0x34 .\CortexM0\ARM_GCC_541\Debug\LAB7_3_2_2_PWM.a(CyLFClk.o)
 .text.CySysClkIloStopMeasurement
                0x00000000       0x14 .\CortexM0\ARM_GCC_541\Debug\LAB7_3_2_2_PWM.a(CyLFClk.o)
 .text.CySysClkIloCompensate
                0x00000000      0x104 .\CortexM0\ARM_GCC_541\Debug\LAB7_3_2_2_PWM.a(CyLFClk.o)
 .text.CySysWdtGetEnabledStatus
                0x00000000       0x24 .\CortexM0\ARM_GCC_541\Debug\LAB7_3_2_2_PWM.a(CyLFClk.o)
 .text.CySysWdtSetMode
                0x00000000       0x38 .\CortexM0\ARM_GCC_541\Debug\LAB7_3_2_2_PWM.a(CyLFClk.o)
 .text.CySysClkLfclkPosedgeRestore
                0x00000000       0x2c .\CortexM0\ARM_GCC_541\Debug\LAB7_3_2_2_PWM.a(CyLFClk.o)
 .text.CySysWdtGetMode
                0x00000000       0x14 .\CortexM0\ARM_GCC_541\Debug\LAB7_3_2_2_PWM.a(CyLFClk.o)
 .text.CySysWdtSetClearOnMatch
                0x00000000       0x34 .\CortexM0\ARM_GCC_541\Debug\LAB7_3_2_2_PWM.a(CyLFClk.o)
 .text.CySysWdtGetClearOnMatch
                0x00000000       0x24 .\CortexM0\ARM_GCC_541\Debug\LAB7_3_2_2_PWM.a(CyLFClk.o)
 .text.CySysWdtEnable
                0x00000000       0x40 .\CortexM0\ARM_GCC_541\Debug\LAB7_3_2_2_PWM.a(CyLFClk.o)
 .text.CySysWdtDisable
                0x00000000       0x44 .\CortexM0\ARM_GCC_541\Debug\LAB7_3_2_2_PWM.a(CyLFClk.o)
 .text.CySysWdtSetCascade
                0x00000000       0x34 .\CortexM0\ARM_GCC_541\Debug\LAB7_3_2_2_PWM.a(CyLFClk.o)
 .text.CySysWdtGetCascade
                0x00000000       0x14 .\CortexM0\ARM_GCC_541\Debug\LAB7_3_2_2_PWM.a(CyLFClk.o)
 .text.CySysWdtSetMatch
                0x00000000       0x38 .\CortexM0\ARM_GCC_541\Debug\LAB7_3_2_2_PWM.a(CyLFClk.o)
 .text.CySysWdtSetToggleBit
                0x00000000       0x30 .\CortexM0\ARM_GCC_541\Debug\LAB7_3_2_2_PWM.a(CyLFClk.o)
 .text.CySysWdtGetToggleBit
                0x00000000       0x10 .\CortexM0\ARM_GCC_541\Debug\LAB7_3_2_2_PWM.a(CyLFClk.o)
 .text.CySysWdtGetMatch
                0x00000000       0x20 .\CortexM0\ARM_GCC_541\Debug\LAB7_3_2_2_PWM.a(CyLFClk.o)
 .text.CySysWdtGetCount
                0x00000000       0x3c .\CortexM0\ARM_GCC_541\Debug\LAB7_3_2_2_PWM.a(CyLFClk.o)
 .text.CySysClkLfclkPosedgeCatch
                0x00000000       0x74 .\CortexM0\ARM_GCC_541\Debug\LAB7_3_2_2_PWM.a(CyLFClk.o)
 .text.CySysClkIloStop
                0x00000000       0x38 .\CortexM0\ARM_GCC_541\Debug\LAB7_3_2_2_PWM.a(CyLFClk.o)
 .text.CySysWdtGetInterruptSource
                0x00000000       0x14 .\CortexM0\ARM_GCC_541\Debug\LAB7_3_2_2_PWM.a(CyLFClk.o)
 .text.CySysWdtResetCounters
                0x00000000       0x20 .\CortexM0\ARM_GCC_541\Debug\LAB7_3_2_2_PWM.a(CyLFClk.o)
 .text.CySysWdtSetInterruptCallback
                0x00000000       0x20 .\CortexM0\ARM_GCC_541\Debug\LAB7_3_2_2_PWM.a(CyLFClk.o)
 .text.CySysWdtGetInterruptCallback
                0x00000000       0x20 .\CortexM0\ARM_GCC_541\Debug\LAB7_3_2_2_PWM.a(CyLFClk.o)
 .text.CySysWdtEnableCounterIsr
                0x00000000       0x34 .\CortexM0\ARM_GCC_541\Debug\LAB7_3_2_2_PWM.a(CyLFClk.o)
 .text.CySysWdtDisableCounterIsr
                0x00000000       0x28 .\CortexM0\ARM_GCC_541\Debug\LAB7_3_2_2_PWM.a(CyLFClk.o)
 .text.CySysWatchdogFeed
                0x00000000       0x60 .\CortexM0\ARM_GCC_541\Debug\LAB7_3_2_2_PWM.a(CyLFClk.o)
 .text.CySysTimerDelayUntilMatch
                0x00000000       0x6c .\CortexM0\ARM_GCC_541\Debug\LAB7_3_2_2_PWM.a(CyLFClk.o)
 .text.CySysTimerDelay
                0x00000000       0x3c .\CortexM0\ARM_GCC_541\Debug\LAB7_3_2_2_PWM.a(CyLFClk.o)
 .rodata        0x00000000        0xc .\CortexM0\ARM_GCC_541\Debug\LAB7_3_2_2_PWM.a(CyLFClk.o)
 .data          0x00000000        0x0 .\CortexM0\ARM_GCC_541\Debug\LAB7_3_2_2_PWM.a(CyBootAsmGnu.o)
 .bss           0x00000000        0x0 .\CortexM0\ARM_GCC_541\Debug\LAB7_3_2_2_PWM.a(CyBootAsmGnu.o)
 .text          0x00000000      0x114 c:/program files (x86)/cypress/psoc creator/4.4/psoc creator/import/gnu/arm/5.4.1/bin/../lib/gcc/arm-none-eabi/5.4.1/armv6-m\libgcc.a(_udivsi3.o)
 .data          0x00000000        0x0 c:/program files (x86)/cypress/psoc creator/4.4/psoc creator/import/gnu/arm/5.4.1/bin/../lib/gcc/arm-none-eabi/5.4.1/armv6-m\libgcc.a(_udivsi3.o)
 .bss           0x00000000        0x0 c:/program files (x86)/cypress/psoc creator/4.4/psoc creator/import/gnu/arm/5.4.1/bin/../lib/gcc/arm-none-eabi/5.4.1/armv6-m\libgcc.a(_udivsi3.o)
 .text          0x00000000        0x4 c:/program files (x86)/cypress/psoc creator/4.4/psoc creator/import/gnu/arm/5.4.1/bin/../lib/gcc/arm-none-eabi/5.4.1/armv6-m\libgcc.a(_dvmd_tls.o)
 .data          0x00000000        0x0 c:/program files (x86)/cypress/psoc creator/4.4/psoc creator/import/gnu/arm/5.4.1/bin/../lib/gcc/arm-none-eabi/5.4.1/armv6-m\libgcc.a(_dvmd_tls.o)
 .bss           0x00000000        0x0 c:/program files (x86)/cypress/psoc creator/4.4/psoc creator/import/gnu/arm/5.4.1/bin/../lib/gcc/arm-none-eabi/5.4.1/armv6-m\libgcc.a(_dvmd_tls.o)
 .text          0x00000000        0x0 c:/program files (x86)/cypress/psoc creator/4.4/psoc creator/import/gnu/arm/5.4.1/bin/../lib/gcc/arm-none-eabi/5.4.1/../../../../arm-none-eabi/lib/armv6-m\libg_nano.a(lib_a-errno.o)
 .data          0x00000000        0x0 c:/program files (x86)/cypress/psoc creator/4.4/psoc creator/import/gnu/arm/5.4.1/bin/../lib/gcc/arm-none-eabi/5.4.1/../../../../arm-none-eabi/lib/armv6-m\libg_nano.a(lib_a-errno.o)
 .bss           0x00000000        0x0 c:/program files (x86)/cypress/psoc creator/4.4/psoc creator/import/gnu/arm/5.4.1/bin/../lib/gcc/arm-none-eabi/5.4.1/../../../../arm-none-eabi/lib/armv6-m\libg_nano.a(lib_a-errno.o)
 .text          0x00000000        0x0 c:/program files (x86)/cypress/psoc creator/4.4/psoc creator/import/gnu/arm/5.4.1/bin/../lib/gcc/arm-none-eabi/5.4.1/../../../../arm-none-eabi/lib/armv6-m\libg_nano.a(lib_a-exit.o)
 .data          0x00000000        0x0 c:/program files (x86)/cypress/psoc creator/4.4/psoc creator/import/gnu/arm/5.4.1/bin/../lib/gcc/arm-none-eabi/5.4.1/../../../../arm-none-eabi/lib/armv6-m\libg_nano.a(lib_a-exit.o)
 .bss           0x00000000        0x0 c:/program files (x86)/cypress/psoc creator/4.4/psoc creator/import/gnu/arm/5.4.1/bin/../lib/gcc/arm-none-eabi/5.4.1/../../../../arm-none-eabi/lib/armv6-m\libg_nano.a(lib_a-exit.o)
 .text.exit     0x00000000       0x2c c:/program files (x86)/cypress/psoc creator/4.4/psoc creator/import/gnu/arm/5.4.1/bin/../lib/gcc/arm-none-eabi/5.4.1/../../../../arm-none-eabi/lib/armv6-m\libg_nano.a(lib_a-exit.o)
 .text          0x00000000        0x0 c:/program files (x86)/cypress/psoc creator/4.4/psoc creator/import/gnu/arm/5.4.1/bin/../lib/gcc/arm-none-eabi/5.4.1/../../../../arm-none-eabi/lib/armv6-m\libg_nano.a(lib_a-impure.o)
 .data          0x00000000        0x0 c:/program files (x86)/cypress/psoc creator/4.4/psoc creator/import/gnu/arm/5.4.1/bin/../lib/gcc/arm-none-eabi/5.4.1/../../../../arm-none-eabi/lib/armv6-m\libg_nano.a(lib_a-impure.o)
 .bss           0x00000000        0x0 c:/program files (x86)/cypress/psoc creator/4.4/psoc creator/import/gnu/arm/5.4.1/bin/../lib/gcc/arm-none-eabi/5.4.1/../../../../arm-none-eabi/lib/armv6-m\libg_nano.a(lib_a-impure.o)
 .rodata._global_impure_ptr
                0x00000000        0x4 c:/program files (x86)/cypress/psoc creator/4.4/psoc creator/import/gnu/arm/5.4.1/bin/../lib/gcc/arm-none-eabi/5.4.1/../../../../arm-none-eabi/lib/armv6-m\libg_nano.a(lib_a-impure.o)
 .text          0x00000000        0x0 c:/program files (x86)/cypress/psoc creator/4.4/psoc creator/import/gnu/arm/5.4.1/bin/../lib/gcc/arm-none-eabi/5.4.1/../../../../arm-none-eabi/lib/armv6-m\libg_nano.a(lib_a-init.o)
 .data          0x00000000        0x0 c:/program files (x86)/cypress/psoc creator/4.4/psoc creator/import/gnu/arm/5.4.1/bin/../lib/gcc/arm-none-eabi/5.4.1/../../../../arm-none-eabi/lib/armv6-m\libg_nano.a(lib_a-init.o)
 .bss           0x00000000        0x0 c:/program files (x86)/cypress/psoc creator/4.4/psoc creator/import/gnu/arm/5.4.1/bin/../lib/gcc/arm-none-eabi/5.4.1/../../../../arm-none-eabi/lib/armv6-m\libg_nano.a(lib_a-init.o)
 .text          0x00000000        0x0 c:/program files (x86)/cypress/psoc creator/4.4/psoc creator/import/gnu/arm/5.4.1/bin/../lib/gcc/arm-none-eabi/5.4.1/../../../../arm-none-eabi/lib/armv6-m\libg_nano.a(lib_a-memset.o)
 .data          0x00000000        0x0 c:/program files (x86)/cypress/psoc creator/4.4/psoc creator/import/gnu/arm/5.4.1/bin/../lib/gcc/arm-none-eabi/5.4.1/../../../../arm-none-eabi/lib/armv6-m\libg_nano.a(lib_a-memset.o)
 .bss           0x00000000        0x0 c:/program files (x86)/cypress/psoc creator/4.4/psoc creator/import/gnu/arm/5.4.1/bin/../lib/gcc/arm-none-eabi/5.4.1/../../../../arm-none-eabi/lib/armv6-m\libg_nano.a(lib_a-memset.o)
 .text          0x00000000        0x0 c:/program files (x86)/cypress/psoc creator/4.4/psoc creator/import/gnu/arm/5.4.1/bin/../lib/gcc/arm-none-eabi/5.4.1/armv6-m/crtend.o
 .data          0x00000000        0x0 c:/program files (x86)/cypress/psoc creator/4.4/psoc creator/import/gnu/arm/5.4.1/bin/../lib/gcc/arm-none-eabi/5.4.1/armv6-m/crtend.o
 .bss           0x00000000        0x0 c:/program files (x86)/cypress/psoc creator/4.4/psoc creator/import/gnu/arm/5.4.1/bin/../lib/gcc/arm-none-eabi/5.4.1/armv6-m/crtend.o
 .text          0x00000000        0x0 c:/program files (x86)/cypress/psoc creator/4.4/psoc creator/import/gnu/arm/5.4.1/bin/../lib/gcc/arm-none-eabi/5.4.1/armv6-m/crtn.o
 .data          0x00000000        0x0 c:/program files (x86)/cypress/psoc creator/4.4/psoc creator/import/gnu/arm/5.4.1/bin/../lib/gcc/arm-none-eabi/5.4.1/armv6-m/crtn.o
 .bss           0x00000000        0x0 c:/program files (x86)/cypress/psoc creator/4.4/psoc creator/import/gnu/arm/5.4.1/bin/../lib/gcc/arm-none-eabi/5.4.1/armv6-m/crtn.o

Memory Configuration

Name             Origin             Length             Attributes
rom              0x00000000         0x00008000         xr
ram              0x20000000         0x00001000         xrw
*default*        0x00000000         0xffffffff

Linker script and memory map

LOAD c:/program files (x86)/cypress/psoc creator/4.4/psoc creator/import/gnu/arm/5.4.1/bin/../lib/gcc/arm-none-eabi/5.4.1/armv6-m/crti.o
LOAD c:/program files (x86)/cypress/psoc creator/4.4/psoc creator/import/gnu/arm/5.4.1/bin/../lib/gcc/arm-none-eabi/5.4.1/armv6-m/crtbegin.o
LOAD c:/program files (x86)/cypress/psoc creator/4.4/psoc creator/import/gnu/arm/5.4.1/bin/../lib/gcc/arm-none-eabi/5.4.1/../../../../arm-none-eabi/lib/armv6-m/crt0.o
START GROUP
LOAD .\CortexM0\ARM_GCC_541\Debug\main.o
LOAD .\CortexM0\ARM_GCC_541\Debug\cyfitter_cfg.o
LOAD .\CortexM0\ARM_GCC_541\Debug\cymetadata.o
LOAD .\CortexM0\ARM_GCC_541\Debug\Cm0Start.o
LOAD .\CortexM0\ARM_GCC_541\Debug\LAB7_3_2_2_PWM.a
END GROUP
START GROUP
LOAD c:/program files (x86)/cypress/psoc creator/4.4/psoc creator/import/gnu/arm/5.4.1/bin/../lib/gcc/arm-none-eabi/5.4.1/armv6-m\libgcc.a
LOAD c:/program files (x86)/cypress/psoc creator/4.4/psoc creator/import/gnu/arm/5.4.1/bin/../lib/gcc/arm-none-eabi/5.4.1/../../../../arm-none-eabi/lib/armv6-m\libg_nano.a
LOAD c:/program files (x86)/cypress/psoc creator/4.4/psoc creator/import/gnu/arm/5.4.1/bin/../lib/gcc/arm-none-eabi/5.4.1/../../../../arm-none-eabi/lib/armv6-m\libc_nano.a
END GROUP
START GROUP
LOAD c:/program files (x86)/cypress/psoc creator/4.4/psoc creator/import/gnu/arm/5.4.1/bin/../lib/gcc/arm-none-eabi/5.4.1/armv6-m\libgcc.a
LOAD c:/program files (x86)/cypress/psoc creator/4.4/psoc creator/import/gnu/arm/5.4.1/bin/../lib/gcc/arm-none-eabi/5.4.1/../../../../arm-none-eabi/lib/armv6-m\libc_nano.a
END GROUP
LOAD c:/program files (x86)/cypress/psoc creator/4.4/psoc creator/import/gnu/arm/5.4.1/bin/../lib/gcc/arm-none-eabi/5.4.1/armv6-m/crtend.o
LOAD c:/program files (x86)/cypress/psoc creator/4.4/psoc creator/import/gnu/arm/5.4.1/bin/../lib/gcc/arm-none-eabi/5.4.1/armv6-m/crtn.o
START GROUP
LOAD c:/program files (x86)/cypress/psoc creator/4.4/psoc creator/import/gnu/arm/5.4.1/bin/../lib/gcc/arm-none-eabi/5.4.1/armv6-m\libgcc.a
LOAD c:/program files (x86)/cypress/psoc creator/4.4/psoc creator/import/gnu/arm/5.4.1/bin/../lib/gcc/arm-none-eabi/5.4.1/../../../../arm-none-eabi/lib/armv6-m\libc.a
LOAD c:/program files (x86)/cypress/psoc creator/4.4/psoc creator/import/gnu/arm/5.4.1/bin/../lib/gcc/arm-none-eabi/5.4.1/../../../../arm-none-eabi/lib/armv6-m\libnosys.a
END GROUP
                0x00000000                CY_APPL_ORIGIN = 0x0
                0x00000080                CY_FLASH_ROW_SIZE = 0x80
                0x00000001                CY_APPL_NUM = 0x1
                0x00000001                CY_APPL_MAX = 0x1
                0x00000040                CY_METADATA_SIZE = 0x40
                0x00000000                CY_APPL_LOADABLE = 0x0
                0x00000000                CY_CHECKSUM_EXCLUDE_SIZE = ALIGN (0x0, CY_FLASH_ROW_SIZE)
                0x00000000                CY_APP_FOR_STACK_AND_COPIER = 0x0
                [!provide]                PROVIDE (__cy_heap_start, _end)
                0x00000001                PROVIDE (__cy_region_num, ((__cy_regions_end - __cy_regions) / 0x10))
                0x20001000                PROVIDE (__cy_stack, (ORIGIN (ram) + LENGTH (ram)))
                [!provide]                PROVIDE (__cy_heap_end, (__cy_stack - 0x400))

.cybootloader   0x00000000        0x0
 *(.cybootloader)
                0x00000000                appl1_start = CY_APPL_ORIGIN?CY_APPL_ORIGIN:ALIGN (CY_FLASH_ROW_SIZE)
                0x00003f80                appl2_start = (appl1_start + ALIGN ((((LENGTH (rom) - appl1_start) - (0x2 * CY_FLASH_ROW_SIZE)) / 0x2), CY_FLASH_ROW_SIZE))
                0x00000000                appl_start = (CY_APPL_NUM == 0x1)?appl1_start:appl2_start
                0x00000001                cy_project_type_bootloader = (appl_start == 0x0)?0x1:0x0
                0x00000000                cy_project_type_app_for_stack_and_copier = (CY_APP_FOR_STACK_AND_COPIER == 0x1)?0x1:0x0

.text           0x00000000      0x7ec
 CREATE_OBJECT_SYMBOLS
                0x00000000                PROVIDE (__cy_interrupt_vector, RomVectors)
 *(.romvectors)
 .romvectors    0x00000000       0x10 .\CortexM0\ARM_GCC_541\Debug\Cm0Start.o
                0x00000000                RomVectors
                0x00000001                ASSERT ((. != __cy_interrupt_vector), No interrupt vector)
                0x00000001                ASSERT (CY_APPL_ORIGIN?(SIZEOF (.cybootloader) <= CY_APPL_ORIGIN):0x1, Wrong image location)
                0x00000010                PROVIDE (__cy_reset, Reset)
 *(.text.Reset)
 .text.Reset    0x00000010        0x8 .\CortexM0\ARM_GCC_541\Debug\Cm0Start.o
                0x00000010                Reset
                0x00000001                ASSERT ((. != __cy_reset), No reset code)
 *(.psocinit)
 .psocinit      0x00000018      0x12c .\CortexM0\ARM_GCC_541\Debug\cyfitter_cfg.o
                0x00000090                cyfitter_cfg
                0x00000144                . = MAX (., 0x100)
 *(.text .text.* .gnu.linkonce.t.*)
 .text          0x00000144       0x60 c:/program files (x86)/cypress/psoc creator/4.4/psoc creator/import/gnu/arm/5.4.1/bin/../lib/gcc/arm-none-eabi/5.4.1/armv6-m/crtbegin.o
 .text.go_to_state20
                0x000001a4       0x1c .\CortexM0\ARM_GCC_541\Debug\main.o
                0x000001a4                go_to_state20
 .text.go_to_state40
                0x000001c0       0x20 .\CortexM0\ARM_GCC_541\Debug\main.o
                0x000001c0                go_to_state40
 .text.go_to_state60
                0x000001e0       0x20 .\CortexM0\ARM_GCC_541\Debug\main.o
                0x000001e0                go_to_state60
 .text.go_to_state70
                0x00000200       0x20 .\CortexM0\ARM_GCC_541\Debug\main.o
                0x00000200                go_to_state70
 .text.go_to_state80
                0x00000220       0x20 .\CortexM0\ARM_GCC_541\Debug\main.o
                0x00000220                go_to_state80
 .text.go_to_state100
                0x00000240       0x20 .\CortexM0\ARM_GCC_541\Debug\main.o
                0x00000240                go_to_state100
 .text.main     0x00000260       0x50 .\CortexM0\ARM_GCC_541\Debug\main.o
                0x00000260                main
 .text.CYMEMZERO
                0x000002b0        0xc .\CortexM0\ARM_GCC_541\Debug\cyfitter_cfg.o
 .text.IntDefaultHandler
                0x000002bc       0x10 .\CortexM0\ARM_GCC_541\Debug\Cm0Start.o
                0x000002bc                IntDefaultHandler
 .text.Start_c  0x000002cc       0x48 .\CortexM0\ARM_GCC_541\Debug\Cm0Start.o
                0x000002cc                Start_c
 .text.initialize_psoc
                0x00000314       0x40 .\CortexM0\ARM_GCC_541\Debug\Cm0Start.o
                0x00000314                initialize_psoc
 .text.PWM_1_WriteCounter
                0x00000354       0x10 .\CortexM0\ARM_GCC_541\Debug\LAB7_3_2_2_PWM.a(PWM_1.o)
                0x00000354                PWM_1_WriteCounter
 .text.PWM_1_WritePeriod
                0x00000364       0x10 .\CortexM0\ARM_GCC_541\Debug\LAB7_3_2_2_PWM.a(PWM_1.o)
                0x00000364                PWM_1_WritePeriod
 .text.PWM_1_WriteCompare
                0x00000374       0x10 .\CortexM0\ARM_GCC_541\Debug\LAB7_3_2_2_PWM.a(PWM_1.o)
                0x00000374                PWM_1_WriteCompare
 .text.PWM_1_TriggerCommand
                0x00000384       0x1c .\CortexM0\ARM_GCC_541\Debug\LAB7_3_2_2_PWM.a(PWM_1.o)
                0x00000384                PWM_1_TriggerCommand
 .text.PWM_1_Enable
                0x000003a0       0x24 .\CortexM0\ARM_GCC_541\Debug\LAB7_3_2_2_PWM.a(PWM_1.o)
                0x000003a0                PWM_1_Enable
 .text.PWM_1_SetInterruptMode
                0x000003c4        0xc .\CortexM0\ARM_GCC_541\Debug\LAB7_3_2_2_PWM.a(PWM_1.o)
                0x000003c4                PWM_1_SetInterruptMode
 .text.PWM_1_Init
                0x000003d0       0x48 .\CortexM0\ARM_GCC_541\Debug\LAB7_3_2_2_PWM.a(PWM_1.o)
                0x000003d0                PWM_1_Init
 .text.PWM_1_Start
                0x00000418       0x20 .\CortexM0\ARM_GCC_541\Debug\LAB7_3_2_2_PWM.a(PWM_1.o)
                0x00000418                PWM_1_Start
 .text.BT_Read  0x00000438       0x10 .\CortexM0\ARM_GCC_541\Debug\LAB7_3_2_2_PWM.a(BT.o)
                0x00000438                BT_Read
 .text.Clock_Start
                0x00000448       0x14 .\CortexM0\ARM_GCC_541\Debug\LAB7_3_2_2_PWM.a(Clock.o)
                0x00000448                Clock_Start
 .text.CyIntEnable
                0x0000045c       0x14 .\CortexM0\ARM_GCC_541\Debug\LAB7_3_2_2_PWM.a(CyLib.o)
                0x0000045c                CyIntEnable
 .text.CyHalt   0x00000470        0x4 .\CortexM0\ARM_GCC_541\Debug\LAB7_3_2_2_PWM.a(CyLib.o)
                0x00000470                CyHalt
 .text.CyIntSetVector
                0x00000474       0x24 .\CortexM0\ARM_GCC_541\Debug\LAB7_3_2_2_PWM.a(CyLib.o)
                0x00000474                CyIntSetVector
 .text.CyDelayUs
                0x00000498       0x14 .\CortexM0\ARM_GCC_541\Debug\LAB7_3_2_2_PWM.a(CyLib.o)
                0x00000498                CyDelayUs
 .text.CySysClkWriteImoFreq
                0x000004ac      0x164 .\CortexM0\ARM_GCC_541\Debug\LAB7_3_2_2_PWM.a(CyLib.o)
                0x000004ac                CySysClkWriteImoFreq
 .text.CySysWdtLocked
                0x00000610       0x14 .\CortexM0\ARM_GCC_541\Debug\LAB7_3_2_2_PWM.a(CyLFClk.o)
 .text.CySysWdtLock
                0x00000624       0x1c .\CortexM0\ARM_GCC_541\Debug\LAB7_3_2_2_PWM.a(CyLFClk.o)
                0x00000624                CySysWdtLock
 .text.CySysWdtUnlock
                0x00000640       0x30 .\CortexM0\ARM_GCC_541\Debug\LAB7_3_2_2_PWM.a(CyLFClk.o)
                0x00000640                CySysWdtUnlock
 .text.CySysWdtClearInterrupt
                0x00000670       0x4c .\CortexM0\ARM_GCC_541\Debug\LAB7_3_2_2_PWM.a(CyLFClk.o)
                0x00000670                CySysWdtClearInterrupt
 .text.CySysWdtIsr
                0x000006bc       0xa4 .\CortexM0\ARM_GCC_541\Debug\LAB7_3_2_2_PWM.a(CyLFClk.o)
                0x000006bc                CySysWdtIsr
 .text          0x00000760       0x24 .\CortexM0\ARM_GCC_541\Debug\LAB7_3_2_2_PWM.a(CyBootAsmGnu.o)
                0x00000760                CyDelayCycles
                0x00000774                CyEnterCriticalSection
                0x0000077c                CyExitCriticalSection
 .text.__errno  0x00000784        0xc c:/program files (x86)/cypress/psoc creator/4.4/psoc creator/import/gnu/arm/5.4.1/bin/../lib/gcc/arm-none-eabi/5.4.1/../../../../arm-none-eabi/lib/armv6-m\libg_nano.a(lib_a-errno.o)
                0x00000784                __errno
 .text.__libc_init_array
                0x00000790       0x4c c:/program files (x86)/cypress/psoc creator/4.4/psoc creator/import/gnu/arm/5.4.1/bin/../lib/gcc/arm-none-eabi/5.4.1/../../../../arm-none-eabi/lib/armv6-m\libg_nano.a(lib_a-init.o)
                0x00000790                __libc_init_array
 .text.memset   0x000007dc       0x10 c:/program files (x86)/cypress/psoc creator/4.4/psoc creator/import/gnu/arm/5.4.1/bin/../lib/gcc/arm-none-eabi/5.4.1/../../../../arm-none-eabi/lib/armv6-m\libg_nano.a(lib_a-memset.o)
                0x000007dc                memset
 *(.plt)
 *(.gnu.warning)
 *(.glue_7t)
 .glue_7t       0x000007ec        0x0 linker stubs
 *(.glue_7)
 .glue_7        0x000007ec        0x0 linker stubs
 *(.vfp11_veneer)
 .vfp11_veneer  0x000007ec        0x0 linker stubs
 *(.bootloader)
 *(.ARM.extab* .gnu.linkonce.armextab.*)
 *(.gcc_except_table)

.v4_bx          0x000007ec        0x0
 .v4_bx         0x000007ec        0x0 linker stubs

.iplt           0x000007ec        0x0
 .iplt          0x000007ec        0x0 c:/program files (x86)/cypress/psoc creator/4.4/psoc creator/import/gnu/arm/5.4.1/bin/../lib/gcc/arm-none-eabi/5.4.1/armv6-m/crtbegin.o

.eh_frame_hdr
 *(.eh_frame_hdr)

.eh_frame       0x000007ec        0x4
 *(.eh_frame)
 .eh_frame      0x000007ec        0x0 c:/program files (x86)/cypress/psoc creator/4.4/psoc creator/import/gnu/arm/5.4.1/bin/../lib/gcc/arm-none-eabi/5.4.1/armv6-m/crtbegin.o
 .eh_frame      0x000007ec        0x4 c:/program files (x86)/cypress/psoc creator/4.4/psoc creator/import/gnu/arm/5.4.1/bin/../lib/gcc/arm-none-eabi/5.4.1/armv6-m/crtend.o
                [!provide]                PROVIDE (__exidx_start, .)

.ARM.exidx
 *(.ARM.exidx* .gnu.linkonce.armexidx.*)
                0x000007f0                __exidx_end = .

.rodata         0x000007f0       0x90
 *(.rodata .rodata.* .gnu.linkonce.r.*)
 .rodata        0x000007f0       0x1c .\CortexM0\ARM_GCC_541\Debug\main.o
 .rodata        0x0000080c        0xc .\CortexM0\ARM_GCC_541\Debug\cyfitter_cfg.o
 .rodata        0x00000818       0x2e .\CortexM0\ARM_GCC_541\Debug\LAB7_3_2_2_PWM.a(CyLib.o)
                0x00000818                cyImoFreqMhz2Reg
 .rodata.str1.1
                0x00000846        0x2 c:/program files (x86)/cypress/psoc creator/4.4/psoc creator/import/gnu/arm/5.4.1/bin/../lib/gcc/arm-none-eabi/5.4.1/../../../../arm-none-eabi/lib/armv6-m\libg_nano.a(lib_a-impure.o)
                0x00000848                . = ALIGN (0x4)
 *(.init)
 .init          0x00000848        0x4 c:/program files (x86)/cypress/psoc creator/4.4/psoc creator/import/gnu/arm/5.4.1/bin/../lib/gcc/arm-none-eabi/5.4.1/armv6-m/crti.o
                0x00000848                _init
 .init          0x0000084c        0x8 c:/program files (x86)/cypress/psoc creator/4.4/psoc creator/import/gnu/arm/5.4.1/bin/../lib/gcc/arm-none-eabi/5.4.1/armv6-m/crtn.o
                0x00000854                . = ALIGN (0x4)
                0x00000854                __preinit_array_start = .
 *(.preinit_array)
                0x00000854                __preinit_array_end = .
                0x00000854                . = ALIGN (0x4)
                0x00000854                __init_array_start = .
 *(SORT(.init_array.*))
 *(.init_array)
 .init_array    0x00000854        0x4 c:/program files (x86)/cypress/psoc creator/4.4/psoc creator/import/gnu/arm/5.4.1/bin/../lib/gcc/arm-none-eabi/5.4.1/armv6-m/crtbegin.o
 .init_array    0x00000858        0x4 .\CortexM0\ARM_GCC_541\Debug\Cm0Start.o
                0x0000085c                __init_array_end = .
                0x0000085c                . = ALIGN (0x4)
 *(.fini)
 .fini          0x0000085c        0x4 c:/program files (x86)/cypress/psoc creator/4.4/psoc creator/import/gnu/arm/5.4.1/bin/../lib/gcc/arm-none-eabi/5.4.1/armv6-m/crti.o
                0x0000085c                _fini
 .fini          0x00000860        0x8 c:/program files (x86)/cypress/psoc creator/4.4/psoc creator/import/gnu/arm/5.4.1/bin/../lib/gcc/arm-none-eabi/5.4.1/armv6-m/crtn.o
                0x00000868                . = ALIGN (0x4)
                0x00000868                __fini_array_start = .
 *(.fini_array)
 .fini_array    0x00000868        0x4 c:/program files (x86)/cypress/psoc creator/4.4/psoc creator/import/gnu/arm/5.4.1/bin/../lib/gcc/arm-none-eabi/5.4.1/armv6-m/crtbegin.o
 *(SORT(.fini_array.*))
                0x0000086c                __fini_array_end = .
                0x0000086c                . = ALIGN (0x4)
 *crtbegin.o(.ctors)
 *(EXCLUDE_FILE(*crtend.o) .ctors)
 *(SORT(.ctors.*))
 *crtend.o(.ctors)
                0x0000086c                . = ALIGN (0x4)
 *crtbegin.o(.dtors)
 *(EXCLUDE_FILE(*crtend.o) .dtors)
 *(SORT(.dtors.*))
 *crtend.o(.dtors)
                0x0000086c                . = ALIGN (0x4)
                0x0000086c                __cy_regions = .
                0x0000086c        0x4 LONG 0x880 __cy_region_init_ram
                0x00000870        0x4 LONG 0x200000c0 __cy_region_start_data
                0x00000874        0x4 LONG 0x80 __cy_region_init_size_ram
                0x00000878        0x4 LONG 0x48 __cy_region_zero_size_ram
                0x0000087c                __cy_regions_end = .
                0x00000880                . = ALIGN (0x8)
 *fill*         0x0000087c        0x4 
                0x00000880                _etext = .

.cy_checksum_exclude
                0x00000880        0x0
 *(.cy_checksum_exclude)

.ramvectors     0x20000000       0xc0
                0x20000000                __cy_region_start_ram = .
 *(.ramvectors)
 .ramvectors    0x20000000       0xc0 .\CortexM0\ARM_GCC_541\Debug\Cm0Start.o
                0x20000000                CyRamVectors

.noinit
 *(.noinit)

.data           0x200000c0       0x80 load address 0x00000880
                0x200000c0                __cy_region_start_data = .
 *(.jcr)
 .jcr           0x200000c0        0x0 c:/program files (x86)/cypress/psoc creator/4.4/psoc creator/import/gnu/arm/5.4.1/bin/../lib/gcc/arm-none-eabi/5.4.1/armv6-m/crtbegin.o
 .jcr           0x200000c0        0x4 c:/program files (x86)/cypress/psoc creator/4.4/psoc creator/import/gnu/arm/5.4.1/bin/../lib/gcc/arm-none-eabi/5.4.1/armv6-m/crtend.o
 *(.got.plt)
 *(.got)
 *(.shdata)
 *(.data .data.* .gnu.linkonce.d.*)
 .data          0x200000c4       0x14 .\CortexM0\ARM_GCC_541\Debug\LAB7_3_2_2_PWM.a(CyLib.o)
                0x200000c4                CySysClkPumpConfig
                0x200000c8                cydelay32kMs
                0x200000cc                cydelayFreqKhz
                0x200000d0                cydelayFreqMhz
                0x200000d4                cydelayFreqHz
 .data          0x200000d8        0x4 .\CortexM0\ARM_GCC_541\Debug\LAB7_3_2_2_PWM.a(CyLFClk.o)
 .data.impure_data
                0x200000dc       0x60 c:/program files (x86)/cypress/psoc creator/4.4/psoc creator/import/gnu/arm/5.4.1/bin/../lib/gcc/arm-none-eabi/5.4.1/../../../../arm-none-eabi/lib/armv6-m\libg_nano.a(lib_a-impure.o)
 .data._impure_ptr
                0x2000013c        0x4 c:/program files (x86)/cypress/psoc creator/4.4/psoc creator/import/gnu/arm/5.4.1/bin/../lib/gcc/arm-none-eabi/5.4.1/../../../../arm-none-eabi/lib/armv6-m\libg_nano.a(lib_a-impure.o)
                0x2000013c                _impure_ptr
                0x20000140                . = ALIGN (0x8)
 *(.ram)
                0x20000140                _edata = .

.igot.plt       0x20000140        0x0 load address 0x00000900
 .igot.plt      0x20000140        0x0 c:/program files (x86)/cypress/psoc creator/4.4/psoc creator/import/gnu/arm/5.4.1/bin/../lib/gcc/arm-none-eabi/5.4.1/armv6-m/crtbegin.o

.bss            0x20000140       0x48 load address 0x00000900
                0x20000140                PROVIDE (__bss_start__, .)
 *(.shbss)
 *(.bss .bss.* .gnu.linkonce.b.*)
 .bss           0x20000140       0x1c c:/program files (x86)/cypress/psoc creator/4.4/psoc creator/import/gnu/arm/5.4.1/bin/../lib/gcc/arm-none-eabi/5.4.1/armv6-m/crtbegin.o
 .bss           0x2000015c        0x1 .\CortexM0\ARM_GCC_541\Debug\LAB7_3_2_2_PWM.a(PWM_1.o)
                0x2000015c                PWM_1_initVar
 *fill*         0x2000015d        0x3 
 .bss           0x20000160       0x20 .\CortexM0\ARM_GCC_541\Debug\LAB7_3_2_2_PWM.a(CyLFClk.o)
 *(COMMON)
 COMMON         0x20000180        0x1 .\CortexM0\ARM_GCC_541\Debug\main.o
                0x20000180                led_state
                0x20000188                . = ALIGN (0x8)
 *fill*         0x20000181        0x7 
 *(.ram.b)
                0x20000188                _end = .
                0x20000188                __end = .
                0x20000188                PROVIDE (end, .)
                0x20000188                PROVIDE (__bss_end__, .)
                0x00000880                __cy_region_init_ram = LOADADDR (.data)
                0x00000080                __cy_region_init_size_ram = (_edata - ADDR (.data))
                0x00000048                __cy_region_zero_size_ram = (_end - _edata)

.heap           0x20000188       0x80 load address 0x00000900
                0x20000188                . = _end
                0x20000208                . = (. + 0x80)
 *fill*         0x20000188       0x80 
                0x20000208                __cy_heap_limit = .

.stack          0x20000c00      0x400
                0x20000c00                __cy_stack_limit = .
                0x20001000                . = (. + 0x400)
 *fill*         0x20000c00      0x400 
                0x00000001                ASSERT ((__cy_stack_limit >= __cy_heap_limit), region RAM overflowed with stack)
                0x00000000                cy_checksum_exclude_size = (CY_APPL_LOADABLE == 0x1)?SIZEOF (.cy_checksum_exclude):0x0
                0x00000001                ASSERT ((cy_checksum_exclude_size <= CY_CHECKSUM_EXCLUDE_SIZE), CY_BOOT: Section .cy_checksum_exclude size exceedes specified limit.)
                0x00007fc0                cyloadermeta_start = (cy_project_type_bootloader || cy_project_type_app_for_stack_and_copier)?(LENGTH (rom) - CY_METADATA_SIZE):0xf0000000

.cyloadermeta
 *(.cyloadermeta)
                0x00007fc0                cyloadablemeta_start = cy_project_type_app_for_stack_and_copier?((LENGTH (rom) - CY_FLASH_ROW_SIZE) - CY_METADATA_SIZE):((LENGTH (rom) - (CY_FLASH_ROW_SIZE * (CY_APPL_NUM - 0x1))) - CY_METADATA_SIZE)

.cyloadablemeta
 *(.cyloadablemeta)

.cyflashprotect
                0x90400000       0x20
 *(.cyflashprotect)
 .cyflashprotect
                0x90400000       0x20 .\CortexM0\ARM_GCC_541\Debug\cymetadata.o
                0x90400000                cy_meta_flashprotect

.cymeta         0x90500000        0xc
 *(.cymeta)
 .cymeta        0x90500000        0xc .\CortexM0\ARM_GCC_541\Debug\cymetadata.o
                0x90500000                cy_metadata

.cychipprotect  0x90600000        0x1
 *(.cychipprotect)
 .cychipprotect
                0x90600000        0x1 .\CortexM0\ARM_GCC_541\Debug\cymetadata.o
                0x90600000                cy_meta_chipprotect

.rel.dyn        0x00000900        0x0 load address 0x90600004
 .rel.iplt      0x00000900        0x0 c:/program files (x86)/cypress/psoc creator/4.4/psoc creator/import/gnu/arm/5.4.1/bin/../lib/gcc/arm-none-eabi/5.4.1/armv6-m/crtbegin.o

.stab
 *(.stab)

.stabstr
 *(.stabstr)

.debug
 *(.debug)

.line
 *(.line)

.debug_srcinfo
 *(.debug_srcinfo)

.debug_sfnames
 *(.debug_sfnames)

.debug_aranges  0x00000000      0x598
 *(.debug_aranges)
 .debug_aranges
                0x00000000       0x50 .\CortexM0\ARM_GCC_541\Debug\main.o
 .debug_aranges
                0x00000050       0x30 .\CortexM0\ARM_GCC_541\Debug\cyfitter_cfg.o
 .debug_aranges
                0x00000080       0x18 .\CortexM0\ARM_GCC_541\Debug\cymetadata.o
 .debug_aranges
                0x00000098       0x48 .\CortexM0\ARM_GCC_541\Debug\Cm0Start.o
 .debug_aranges
                0x000000e0      0x158 .\CortexM0\ARM_GCC_541\Debug\LAB7_3_2_2_PWM.a(PWM_1.o)
 .debug_aranges
                0x00000238       0x48 .\CortexM0\ARM_GCC_541\Debug\LAB7_3_2_2_PWM.a(BT.o)
 .debug_aranges
                0x00000280       0x40 .\CortexM0\ARM_GCC_541\Debug\LAB7_3_2_2_PWM.a(Clock.o)
 .debug_aranges
                0x000002c0      0x180 .\CortexM0\ARM_GCC_541\Debug\LAB7_3_2_2_PWM.a(CyLib.o)
 .debug_aranges
                0x00000440      0x138 .\CortexM0\ARM_GCC_541\Debug\LAB7_3_2_2_PWM.a(CyLFClk.o)
 .debug_aranges
                0x00000578       0x20 .\CortexM0\ARM_GCC_541\Debug\LAB7_3_2_2_PWM.a(CyBootAsmGnu.o)

.debug_pubnames
 *(.debug_pubnames)

.debug_info     0x00000000     0x2e0d
 *(.debug_info .gnu.linkonce.wi.*)
 .debug_info    0x00000000      0x27e .\CortexM0\ARM_GCC_541\Debug\main.o
 .debug_info    0x0000027e      0x279 .\CortexM0\ARM_GCC_541\Debug\cyfitter_cfg.o
 .debug_info    0x000004f7       0xf8 .\CortexM0\ARM_GCC_541\Debug\cymetadata.o
 .debug_info    0x000005ef      0x3a2 .\CortexM0\ARM_GCC_541\Debug\Cm0Start.o
 .debug_info    0x00000991      0x90b .\CortexM0\ARM_GCC_541\Debug\LAB7_3_2_2_PWM.a(PWM_1.o)
 .debug_info    0x0000129c      0x19d .\CortexM0\ARM_GCC_541\Debug\LAB7_3_2_2_PWM.a(BT.o)
 .debug_info    0x00001439      0x14e .\CortexM0\ARM_GCC_541\Debug\LAB7_3_2_2_PWM.a(Clock.o)
 .debug_info    0x00001587      0xaed .\CortexM0\ARM_GCC_541\Debug\LAB7_3_2_2_PWM.a(CyLib.o)
 .debug_info    0x00002074      0xcfe .\CortexM0\ARM_GCC_541\Debug\LAB7_3_2_2_PWM.a(CyLFClk.o)
 .debug_info    0x00002d72       0x9b .\CortexM0\ARM_GCC_541\Debug\LAB7_3_2_2_PWM.a(CyBootAsmGnu.o)

.debug_abbrev   0x00000000      0xae3
 *(.debug_abbrev)
 .debug_abbrev  0x00000000       0xd0 .\CortexM0\ARM_GCC_541\Debug\main.o
 .debug_abbrev  0x000000d0      0x150 .\CortexM0\ARM_GCC_541\Debug\cyfitter_cfg.o
 .debug_abbrev  0x00000220       0x5d .\CortexM0\ARM_GCC_541\Debug\cymetadata.o
 .debug_abbrev  0x0000027d      0x1d7 .\CortexM0\ARM_GCC_541\Debug\Cm0Start.o
 .debug_abbrev  0x00000454      0x119 .\CortexM0\ARM_GCC_541\Debug\LAB7_3_2_2_PWM.a(PWM_1.o)
 .debug_abbrev  0x0000056d       0xc8 .\CortexM0\ARM_GCC_541\Debug\LAB7_3_2_2_PWM.a(BT.o)
 .debug_abbrev  0x00000635       0xb7 .\CortexM0\ARM_GCC_541\Debug\LAB7_3_2_2_PWM.a(Clock.o)
 .debug_abbrev  0x000006ec      0x1d3 .\CortexM0\ARM_GCC_541\Debug\LAB7_3_2_2_PWM.a(CyLib.o)
 .debug_abbrev  0x000008bf      0x210 .\CortexM0\ARM_GCC_541\Debug\LAB7_3_2_2_PWM.a(CyLFClk.o)
 .debug_abbrev  0x00000acf       0x14 .\CortexM0\ARM_GCC_541\Debug\LAB7_3_2_2_PWM.a(CyBootAsmGnu.o)

.debug_line     0x00000000     0x13aa
 *(.debug_line)
 .debug_line    0x00000000       0xee .\CortexM0\ARM_GCC_541\Debug\main.o
 .debug_line    0x000000ee      0x134 .\CortexM0\ARM_GCC_541\Debug\cyfitter_cfg.o
 .debug_line    0x00000222      0x141 .\CortexM0\ARM_GCC_541\Debug\cymetadata.o
 .debug_line    0x00000363      0x235 .\CortexM0\ARM_GCC_541\Debug\Cm0Start.o
 .debug_line    0x00000598      0x37e .\CortexM0\ARM_GCC_541\Debug\LAB7_3_2_2_PWM.a(PWM_1.o)
 .debug_line    0x00000916       0xba .\CortexM0\ARM_GCC_541\Debug\LAB7_3_2_2_PWM.a(BT.o)
 .debug_line    0x000009d0       0xab .\CortexM0\ARM_GCC_541\Debug\LAB7_3_2_2_PWM.a(Clock.o)
 .debug_line    0x00000a7b      0x460 .\CortexM0\ARM_GCC_541\Debug\LAB7_3_2_2_PWM.a(CyLib.o)
 .debug_line    0x00000edb      0x466 .\CortexM0\ARM_GCC_541\Debug\LAB7_3_2_2_PWM.a(CyLFClk.o)
 .debug_line    0x00001341       0x69 .\CortexM0\ARM_GCC_541\Debug\LAB7_3_2_2_PWM.a(CyBootAsmGnu.o)

.debug_frame    0x00000000      0xea4
 *(.debug_frame)
 .debug_frame   0x00000000       0xd4 .\CortexM0\ARM_GCC_541\Debug\main.o
 .debug_frame   0x000000d4       0x68 .\CortexM0\ARM_GCC_541\Debug\cyfitter_cfg.o
 .debug_frame   0x0000013c       0xbc .\CortexM0\ARM_GCC_541\Debug\Cm0Start.o
 .debug_frame   0x000001f8      0x3a0 .\CortexM0\ARM_GCC_541\Debug\LAB7_3_2_2_PWM.a(PWM_1.o)
 .debug_frame   0x00000598       0x70 .\CortexM0\ARM_GCC_541\Debug\LAB7_3_2_2_PWM.a(BT.o)
 .debug_frame   0x00000608       0x60 .\CortexM0\ARM_GCC_541\Debug\LAB7_3_2_2_PWM.a(Clock.o)
 .debug_frame   0x00000668      0x3e0 .\CortexM0\ARM_GCC_541\Debug\LAB7_3_2_2_PWM.a(CyLib.o)
 .debug_frame   0x00000a48      0x3a8 .\CortexM0\ARM_GCC_541\Debug\LAB7_3_2_2_PWM.a(CyLFClk.o)
 .debug_frame   0x00000df0       0x20 c:/program files (x86)/cypress/psoc creator/4.4/psoc creator/import/gnu/arm/5.4.1/bin/../lib/gcc/arm-none-eabi/5.4.1/armv6-m\libgcc.a(_udivsi3.o)
 .debug_frame   0x00000e10       0x20 c:/program files (x86)/cypress/psoc creator/4.4/psoc creator/import/gnu/arm/5.4.1/bin/../lib/gcc/arm-none-eabi/5.4.1/../../../../arm-none-eabi/lib/armv6-m\libg_nano.a(lib_a-errno.o)
 .debug_frame   0x00000e30       0x28 c:/program files (x86)/cypress/psoc creator/4.4/psoc creator/import/gnu/arm/5.4.1/bin/../lib/gcc/arm-none-eabi/5.4.1/../../../../arm-none-eabi/lib/armv6-m\libg_nano.a(lib_a-exit.o)
 .debug_frame   0x00000e58       0x2c c:/program files (x86)/cypress/psoc creator/4.4/psoc creator/import/gnu/arm/5.4.1/bin/../lib/gcc/arm-none-eabi/5.4.1/../../../../arm-none-eabi/lib/armv6-m\libg_nano.a(lib_a-init.o)
 .debug_frame   0x00000e84       0x20 c:/program files (x86)/cypress/psoc creator/4.4/psoc creator/import/gnu/arm/5.4.1/bin/../lib/gcc/arm-none-eabi/5.4.1/../../../../arm-none-eabi/lib/armv6-m\libg_nano.a(lib_a-memset.o)

.debug_str      0x00000000     0x1394
 *(.debug_str)
 .debug_str     0x00000000      0x229 .\CortexM0\ARM_GCC_541\Debug\main.o
                                0x269 (size before relaxing)
 .debug_str     0x00000229       0xc2 .\CortexM0\ARM_GCC_541\Debug\cyfitter_cfg.o
                                0x255 (size before relaxing)
 .debug_str     0x000002eb       0x63 .\CortexM0\ARM_GCC_541\Debug\cymetadata.o
                                0x1d3 (size before relaxing)
 .debug_str     0x0000034e      0x140 .\CortexM0\ARM_GCC_541\Debug\Cm0Start.o
                                0x30c (size before relaxing)
 .debug_str     0x0000048e      0x3fe .\CortexM0\ARM_GCC_541\Debug\LAB7_3_2_2_PWM.a(PWM_1.o)
                                0x5bc (size before relaxing)
 .debug_str     0x0000088c       0x94 .\CortexM0\ARM_GCC_541\Debug\LAB7_3_2_2_PWM.a(BT.o)
                                0x22c (size before relaxing)
 .debug_str     0x00000920       0xb1 .\CortexM0\ARM_GCC_541\Debug\LAB7_3_2_2_PWM.a(Clock.o)
                                0x248 (size before relaxing)
 .debug_str     0x000009d1      0x498 .\CortexM0\ARM_GCC_541\Debug\LAB7_3_2_2_PWM.a(CyLib.o)
                                0x6c1 (size before relaxing)
 .debug_str     0x00000e69      0x52b .\CortexM0\ARM_GCC_541\Debug\LAB7_3_2_2_PWM.a(CyLFClk.o)
                                0x748 (size before relaxing)

.debug_loc      0x00000000     0x1742
 *(.debug_loc)
 .debug_loc     0x00000000       0xa9 .\CortexM0\ARM_GCC_541\Debug\cyfitter_cfg.o
 .debug_loc     0x000000a9      0x14f .\CortexM0\ARM_GCC_541\Debug\Cm0Start.o
 .debug_loc     0x000001f8      0x547 .\CortexM0\ARM_GCC_541\Debug\LAB7_3_2_2_PWM.a(PWM_1.o)
 .debug_loc     0x0000073f       0xa2 .\CortexM0\ARM_GCC_541\Debug\LAB7_3_2_2_PWM.a(BT.o)
 .debug_loc     0x000007e1       0x13 .\CortexM0\ARM_GCC_541\Debug\LAB7_3_2_2_PWM.a(Clock.o)
 .debug_loc     0x000007f4      0x599 .\CortexM0\ARM_GCC_541\Debug\LAB7_3_2_2_PWM.a(CyLib.o)
 .debug_loc     0x00000d8d      0x9b5 .\CortexM0\ARM_GCC_541\Debug\LAB7_3_2_2_PWM.a(CyLFClk.o)

.debug_macinfo
 *(.debug_macinfo)

.debug_ranges   0x00000000      0x4e0
 *(.debug_ranges)
 .debug_ranges  0x00000000       0x40 .\CortexM0\ARM_GCC_541\Debug\main.o
 .debug_ranges  0x00000040       0x20 .\CortexM0\ARM_GCC_541\Debug\cyfitter_cfg.o
 .debug_ranges  0x00000060       0x38 .\CortexM0\ARM_GCC_541\Debug\Cm0Start.o
 .debug_ranges  0x00000098      0x148 .\CortexM0\ARM_GCC_541\Debug\LAB7_3_2_2_PWM.a(PWM_1.o)
 .debug_ranges  0x000001e0       0x38 .\CortexM0\ARM_GCC_541\Debug\LAB7_3_2_2_PWM.a(BT.o)
 .debug_ranges  0x00000218       0x30 .\CortexM0\ARM_GCC_541\Debug\LAB7_3_2_2_PWM.a(Clock.o)
 .debug_ranges  0x00000248      0x170 .\CortexM0\ARM_GCC_541\Debug\LAB7_3_2_2_PWM.a(CyLib.o)
 .debug_ranges  0x000003b8      0x128 .\CortexM0\ARM_GCC_541\Debug\LAB7_3_2_2_PWM.a(CyLFClk.o)

.comment        0x00000000       0x6e
 .comment       0x00000000       0x6e .\CortexM0\ARM_GCC_541\Debug\main.o
                                 0x6f (size before relaxing)
 .comment       0x0000006e       0x6f .\CortexM0\ARM_GCC_541\Debug\cyfitter_cfg.o
 .comment       0x0000006e       0x6f .\CortexM0\ARM_GCC_541\Debug\cymetadata.o
 .comment       0x0000006e       0x6f .\CortexM0\ARM_GCC_541\Debug\Cm0Start.o
 .comment       0x0000006e       0x6f .\CortexM0\ARM_GCC_541\Debug\LAB7_3_2_2_PWM.a(PWM_1.o)
 .comment       0x0000006e       0x6f .\CortexM0\ARM_GCC_541\Debug\LAB7_3_2_2_PWM.a(BT.o)
 .comment       0x0000006e       0x6f .\CortexM0\ARM_GCC_541\Debug\LAB7_3_2_2_PWM.a(Clock.o)
 .comment       0x0000006e       0x6f .\CortexM0\ARM_GCC_541\Debug\LAB7_3_2_2_PWM.a(CyLib.o)
 .comment       0x0000006e       0x6f .\CortexM0\ARM_GCC_541\Debug\LAB7_3_2_2_PWM.a(CyLFClk.o)

.debug_weaknames
 *(.debug_weaknames)

.debug_funcnames
 *(.debug_funcnames)

.debug_typenames
 *(.debug_typenames)

.debug_varnames
 *(.debug_varnames)

.note.gnu.arm.ident
 *(.note.gnu.arm.ident)

.ARM.attributes
                0x00000000       0x28
 *(.ARM.attributes)
 .ARM.attributes
                0x00000000       0x1e c:/program files (x86)/cypress/psoc creator/4.4/psoc creator/import/gnu/arm/5.4.1/bin/../lib/gcc/arm-none-eabi/5.4.1/armv6-m/crti.o
 .ARM.attributes
                0x0000001e       0x2c c:/program files (x86)/cypress/psoc creator/4.4/psoc creator/import/gnu/arm/5.4.1/bin/../lib/gcc/arm-none-eabi/5.4.1/armv6-m/crtbegin.o
 .ARM.attributes
                0x0000004a       0x1b c:/program files (x86)/cypress/psoc creator/4.4/psoc creator/import/gnu/arm/5.4.1/bin/../lib/gcc/arm-none-eabi/5.4.1/../../../../arm-none-eabi/lib/armv6-m/crt0.o
 .ARM.attributes
                0x00000065       0x31 .\CortexM0\ARM_GCC_541\Debug\main.o
 .ARM.attributes
                0x00000096       0x31 .\CortexM0\ARM_GCC_541\Debug\cyfitter_cfg.o
 .ARM.attributes
                0x000000c7       0x31 .\CortexM0\ARM_GCC_541\Debug\cymetadata.o
 .ARM.attributes
                0x000000f8       0x31 .\CortexM0\ARM_GCC_541\Debug\Cm0Start.o
 .ARM.attributes
                0x00000129       0x31 .\CortexM0\ARM_GCC_541\Debug\LAB7_3_2_2_PWM.a(PWM_1.o)
 .ARM.attributes
                0x0000015a       0x31 .\CortexM0\ARM_GCC_541\Debug\LAB7_3_2_2_PWM.a(BT.o)
 .ARM.attributes
                0x0000018b       0x31 .\CortexM0\ARM_GCC_541\Debug\LAB7_3_2_2_PWM.a(Clock.o)
 .ARM.attributes
                0x000001bc       0x31 .\CortexM0\ARM_GCC_541\Debug\LAB7_3_2_2_PWM.a(CyLib.o)
 .ARM.attributes
                0x000001ed       0x31 .\CortexM0\ARM_GCC_541\Debug\LAB7_3_2_2_PWM.a(CyLFClk.o)
 .ARM.attributes
                0x0000021e       0x21 .\CortexM0\ARM_GCC_541\Debug\LAB7_3_2_2_PWM.a(CyBootAsmGnu.o)
 .ARM.attributes
                0x0000023f       0x1e c:/program files (x86)/cypress/psoc creator/4.4/psoc creator/import/gnu/arm/5.4.1/bin/../lib/gcc/arm-none-eabi/5.4.1/armv6-m\libgcc.a(_udivsi3.o)
 .ARM.attributes
                0x0000025d       0x1e c:/program files (x86)/cypress/psoc creator/4.4/psoc creator/import/gnu/arm/5.4.1/bin/../lib/gcc/arm-none-eabi/5.4.1/armv6-m\libgcc.a(_dvmd_tls.o)
 .ARM.attributes
                0x0000027b       0x2c c:/program files (x86)/cypress/psoc creator/4.4/psoc creator/import/gnu/arm/5.4.1/bin/../lib/gcc/arm-none-eabi/5.4.1/../../../../arm-none-eabi/lib/armv6-m\libg_nano.a(lib_a-errno.o)
 .ARM.attributes
                0x000002a7       0x2c c:/program files (x86)/cypress/psoc creator/4.4/psoc creator/import/gnu/arm/5.4.1/bin/../lib/gcc/arm-none-eabi/5.4.1/../../../../arm-none-eabi/lib/armv6-m\libg_nano.a(lib_a-exit.o)
 .ARM.attributes
                0x000002d3       0x2c c:/program files (x86)/cypress/psoc creator/4.4/psoc creator/import/gnu/arm/5.4.1/bin/../lib/gcc/arm-none-eabi/5.4.1/../../../../arm-none-eabi/lib/armv6-m\libg_nano.a(lib_a-impure.o)
 .ARM.attributes
                0x000002ff       0x2c c:/program files (x86)/cypress/psoc creator/4.4/psoc creator/import/gnu/arm/5.4.1/bin/../lib/gcc/arm-none-eabi/5.4.1/../../../../arm-none-eabi/lib/armv6-m\libg_nano.a(lib_a-init.o)
 .ARM.attributes
                0x0000032b       0x2c c:/program files (x86)/cypress/psoc creator/4.4/psoc creator/import/gnu/arm/5.4.1/bin/../lib/gcc/arm-none-eabi/5.4.1/../../../../arm-none-eabi/lib/armv6-m\libg_nano.a(lib_a-memset.o)
 .ARM.attributes
                0x00000357       0x2c c:/program files (x86)/cypress/psoc creator/4.4/psoc creator/import/gnu/arm/5.4.1/bin/../lib/gcc/arm-none-eabi/5.4.1/armv6-m/crtend.o
 .ARM.attributes
                0x00000383       0x1e c:/program files (x86)/cypress/psoc creator/4.4/psoc creator/import/gnu/arm/5.4.1/bin/../lib/gcc/arm-none-eabi/5.4.1/armv6-m/crtn.o

/DISCARD/
 *(.note.GNU-stack)
OUTPUT(C:\Users\Henrique\Documents\PSoC Creator\LAB7_3_2_2_PWM\LAB7_3_2_2_PWM.cydsn\CortexM0\ARM_GCC_541\Debug\LAB7_3_2_2_PWM.elf elf32-littlearm)
