ARM GAS  C:\Users\Henrique\AppData\Local\Temp\ccztARV0.s 			page 1


   1              		.syntax unified
   2              		.cpu cortex-m0
   3              		.fpu softvfp
   4              		.eabi_attribute 20, 1
   5              		.eabi_attribute 21, 1
   6              		.eabi_attribute 23, 3
   7              		.eabi_attribute 24, 1
   8              		.eabi_attribute 25, 1
   9              		.eabi_attribute 26, 1
  10              		.eabi_attribute 30, 1
  11              		.eabi_attribute 34, 0
  12              		.eabi_attribute 18, 4
  13              		.thumb
  14              		.syntax unified
  15              		.file	"cyfitter_cfg.c"
  16              		.text
  17              	.Ltext0:
  18              		.cfi_sections	.debug_frame
  19              		.section	.text.cfg_write_bytes32,"ax",%progbits
  20              		.align	2
  21              		.code	16
  22              		.thumb_func
  23              		.type	cfg_write_bytes32, %function
  24              	cfg_write_bytes32:
  25              	.LFB3:
  26              		.file 1 "Generated_Source\\PSoC4\\cyfitter_cfg.c"
   1:Generated_Source\PSoC4/cyfitter_cfg.c **** 
   2:Generated_Source\PSoC4/cyfitter_cfg.c **** /*******************************************************************************
   3:Generated_Source\PSoC4/cyfitter_cfg.c **** * File Name: cyfitter_cfg.c
   4:Generated_Source\PSoC4/cyfitter_cfg.c **** * 
   5:Generated_Source\PSoC4/cyfitter_cfg.c **** * PSoC Creator  4.4
   6:Generated_Source\PSoC4/cyfitter_cfg.c **** *
   7:Generated_Source\PSoC4/cyfitter_cfg.c **** * Description:
   8:Generated_Source\PSoC4/cyfitter_cfg.c **** * This file contains device initialization code.
   9:Generated_Source\PSoC4/cyfitter_cfg.c **** * Except for the user defined sections in CyClockStartupError(), this file should not be modified.
  10:Generated_Source\PSoC4/cyfitter_cfg.c **** * This file is automatically generated by PSoC Creator.
  11:Generated_Source\PSoC4/cyfitter_cfg.c **** *
  12:Generated_Source\PSoC4/cyfitter_cfg.c **** ********************************************************************************
  13:Generated_Source\PSoC4/cyfitter_cfg.c **** * Copyright (c) 2007-2020 Cypress Semiconductor.  All rights reserved.
  14:Generated_Source\PSoC4/cyfitter_cfg.c **** * You may use this file only in accordance with the license, terms, conditions, 
  15:Generated_Source\PSoC4/cyfitter_cfg.c **** * disclaimers, and limitations in the end user license agreement accompanying 
  16:Generated_Source\PSoC4/cyfitter_cfg.c **** * the software package with which this file was provided.
  17:Generated_Source\PSoC4/cyfitter_cfg.c **** ********************************************************************************/
  18:Generated_Source\PSoC4/cyfitter_cfg.c **** 
  19:Generated_Source\PSoC4/cyfitter_cfg.c **** #include <string.h>
  20:Generated_Source\PSoC4/cyfitter_cfg.c **** #include "cytypes.h"
  21:Generated_Source\PSoC4/cyfitter_cfg.c **** #include "cydevice_trm.h"
  22:Generated_Source\PSoC4/cyfitter_cfg.c **** #include "cyfitter.h"
  23:Generated_Source\PSoC4/cyfitter_cfg.c **** #include "CyLib.h"
  24:Generated_Source\PSoC4/cyfitter_cfg.c **** #include "CyLFClk.h"
  25:Generated_Source\PSoC4/cyfitter_cfg.c **** #include "cyfitter_cfg.h"
  26:Generated_Source\PSoC4/cyfitter_cfg.c **** #include "cyapicallbacks.h"
  27:Generated_Source\PSoC4/cyfitter_cfg.c **** 
  28:Generated_Source\PSoC4/cyfitter_cfg.c **** 
  29:Generated_Source\PSoC4/cyfitter_cfg.c **** #if defined(__GNUC__) || defined(__ARMCC_VERSION)
  30:Generated_Source\PSoC4/cyfitter_cfg.c ****     #define CYPACKED 
  31:Generated_Source\PSoC4/cyfitter_cfg.c ****     #define CYPACKED_ATTR __attribute__ ((packed))
ARM GAS  C:\Users\Henrique\AppData\Local\Temp\ccztARV0.s 			page 2


  32:Generated_Source\PSoC4/cyfitter_cfg.c ****     #define CYALIGNED __attribute__ ((aligned))
  33:Generated_Source\PSoC4/cyfitter_cfg.c ****     #define CY_CFG_UNUSED __attribute__ ((unused))
  34:Generated_Source\PSoC4/cyfitter_cfg.c ****     #ifndef CY_CFG_SECTION
  35:Generated_Source\PSoC4/cyfitter_cfg.c ****         #define CY_CFG_SECTION __attribute__ ((section(".psocinit")))
  36:Generated_Source\PSoC4/cyfitter_cfg.c ****     #endif
  37:Generated_Source\PSoC4/cyfitter_cfg.c ****     
  38:Generated_Source\PSoC4/cyfitter_cfg.c ****     #if defined(__ARMCC_VERSION)
  39:Generated_Source\PSoC4/cyfitter_cfg.c ****         #define CY_CFG_MEMORY_BARRIER() __memory_changed()
  40:Generated_Source\PSoC4/cyfitter_cfg.c ****     #else
  41:Generated_Source\PSoC4/cyfitter_cfg.c ****         #define CY_CFG_MEMORY_BARRIER() __sync_synchronize()
  42:Generated_Source\PSoC4/cyfitter_cfg.c ****     #endif
  43:Generated_Source\PSoC4/cyfitter_cfg.c ****     
  44:Generated_Source\PSoC4/cyfitter_cfg.c **** #elif defined(__ICCARM__)
  45:Generated_Source\PSoC4/cyfitter_cfg.c ****     #include <intrinsics.h>
  46:Generated_Source\PSoC4/cyfitter_cfg.c **** 
  47:Generated_Source\PSoC4/cyfitter_cfg.c ****     #define CYPACKED __packed
  48:Generated_Source\PSoC4/cyfitter_cfg.c ****     #define CYPACKED_ATTR 
  49:Generated_Source\PSoC4/cyfitter_cfg.c ****     #define CYALIGNED _Pragma("data_alignment=4")
  50:Generated_Source\PSoC4/cyfitter_cfg.c ****     #define CY_CFG_UNUSED _Pragma("diag_suppress=Pe177")
  51:Generated_Source\PSoC4/cyfitter_cfg.c ****     #define CY_CFG_SECTION _Pragma("location=\".psocinit\"")
  52:Generated_Source\PSoC4/cyfitter_cfg.c ****     
  53:Generated_Source\PSoC4/cyfitter_cfg.c ****     #define CY_CFG_MEMORY_BARRIER() __DMB()
  54:Generated_Source\PSoC4/cyfitter_cfg.c ****     
  55:Generated_Source\PSoC4/cyfitter_cfg.c **** #else
  56:Generated_Source\PSoC4/cyfitter_cfg.c ****     #error Unsupported toolchain
  57:Generated_Source\PSoC4/cyfitter_cfg.c **** #endif
  58:Generated_Source\PSoC4/cyfitter_cfg.c **** 
  59:Generated_Source\PSoC4/cyfitter_cfg.c **** #ifndef CYCODE
  60:Generated_Source\PSoC4/cyfitter_cfg.c ****     #define CYCODE
  61:Generated_Source\PSoC4/cyfitter_cfg.c **** #endif
  62:Generated_Source\PSoC4/cyfitter_cfg.c **** #ifndef CYDATA
  63:Generated_Source\PSoC4/cyfitter_cfg.c ****     #define CYDATA
  64:Generated_Source\PSoC4/cyfitter_cfg.c **** #endif
  65:Generated_Source\PSoC4/cyfitter_cfg.c **** #ifndef CYFAR
  66:Generated_Source\PSoC4/cyfitter_cfg.c ****     #define CYFAR
  67:Generated_Source\PSoC4/cyfitter_cfg.c **** #endif
  68:Generated_Source\PSoC4/cyfitter_cfg.c **** #ifndef CYXDATA
  69:Generated_Source\PSoC4/cyfitter_cfg.c ****     #define CYXDATA
  70:Generated_Source\PSoC4/cyfitter_cfg.c **** #endif
  71:Generated_Source\PSoC4/cyfitter_cfg.c **** 
  72:Generated_Source\PSoC4/cyfitter_cfg.c **** 
  73:Generated_Source\PSoC4/cyfitter_cfg.c **** CY_CFG_UNUSED
  74:Generated_Source\PSoC4/cyfitter_cfg.c **** static void CYMEMZERO(void *s, size_t n);
  75:Generated_Source\PSoC4/cyfitter_cfg.c **** CY_CFG_UNUSED
  76:Generated_Source\PSoC4/cyfitter_cfg.c **** static void CYMEMZERO(void *s, size_t n)
  77:Generated_Source\PSoC4/cyfitter_cfg.c **** {
  78:Generated_Source\PSoC4/cyfitter_cfg.c **** 	(void)memset(s, 0, n);
  79:Generated_Source\PSoC4/cyfitter_cfg.c **** }
  80:Generated_Source\PSoC4/cyfitter_cfg.c **** CY_CFG_UNUSED
  81:Generated_Source\PSoC4/cyfitter_cfg.c **** static void CYCONFIGCPY(void *dest, const void *src, size_t n);
  82:Generated_Source\PSoC4/cyfitter_cfg.c **** CY_CFG_UNUSED
  83:Generated_Source\PSoC4/cyfitter_cfg.c **** static void CYCONFIGCPY(void *dest, const void *src, size_t n)
  84:Generated_Source\PSoC4/cyfitter_cfg.c **** {
  85:Generated_Source\PSoC4/cyfitter_cfg.c **** 	(void)memcpy(dest, src, n);
  86:Generated_Source\PSoC4/cyfitter_cfg.c **** }
  87:Generated_Source\PSoC4/cyfitter_cfg.c **** CY_CFG_UNUSED
  88:Generated_Source\PSoC4/cyfitter_cfg.c **** static void CYCONFIGCPYCODE(void *dest, const void *src, size_t n);
ARM GAS  C:\Users\Henrique\AppData\Local\Temp\ccztARV0.s 			page 3


  89:Generated_Source\PSoC4/cyfitter_cfg.c **** CY_CFG_UNUSED
  90:Generated_Source\PSoC4/cyfitter_cfg.c **** static void CYCONFIGCPYCODE(void *dest, const void *src, size_t n)
  91:Generated_Source\PSoC4/cyfitter_cfg.c **** {
  92:Generated_Source\PSoC4/cyfitter_cfg.c **** 	(void)memcpy(dest, src, n);
  93:Generated_Source\PSoC4/cyfitter_cfg.c **** }
  94:Generated_Source\PSoC4/cyfitter_cfg.c **** 
  95:Generated_Source\PSoC4/cyfitter_cfg.c **** 
  96:Generated_Source\PSoC4/cyfitter_cfg.c **** 
  97:Generated_Source\PSoC4/cyfitter_cfg.c **** 
  98:Generated_Source\PSoC4/cyfitter_cfg.c **** /* Clock startup error codes                                                   */
  99:Generated_Source\PSoC4/cyfitter_cfg.c **** #define CYCLOCKSTART_NO_ERROR    0u
 100:Generated_Source\PSoC4/cyfitter_cfg.c **** #define CYCLOCKSTART_XTAL_ERROR  1u
 101:Generated_Source\PSoC4/cyfitter_cfg.c **** #define CYCLOCKSTART_32KHZ_ERROR 2u
 102:Generated_Source\PSoC4/cyfitter_cfg.c **** #define CYCLOCKSTART_PLL_ERROR   3u
 103:Generated_Source\PSoC4/cyfitter_cfg.c **** #define CYCLOCKSTART_FLL_ERROR   4u
 104:Generated_Source\PSoC4/cyfitter_cfg.c **** #define CYCLOCKSTART_WCO_ERROR   5u
 105:Generated_Source\PSoC4/cyfitter_cfg.c **** 
 106:Generated_Source\PSoC4/cyfitter_cfg.c **** 
 107:Generated_Source\PSoC4/cyfitter_cfg.c **** #ifdef CY_NEED_CYCLOCKSTARTUPERROR
 108:Generated_Source\PSoC4/cyfitter_cfg.c **** /*******************************************************************************
 109:Generated_Source\PSoC4/cyfitter_cfg.c **** * Function Name: CyClockStartupError
 110:Generated_Source\PSoC4/cyfitter_cfg.c **** ********************************************************************************
 111:Generated_Source\PSoC4/cyfitter_cfg.c **** * Summary:
 112:Generated_Source\PSoC4/cyfitter_cfg.c **** *  If an error is encountered during clock configuration (crystal startup error,
 113:Generated_Source\PSoC4/cyfitter_cfg.c **** *  PLL lock error, etc.), the system will end up here.  Unless reimplemented by
 114:Generated_Source\PSoC4/cyfitter_cfg.c **** *  the customer, this function will stop in an infinite loop.
 115:Generated_Source\PSoC4/cyfitter_cfg.c **** *
 116:Generated_Source\PSoC4/cyfitter_cfg.c **** * Parameters:
 117:Generated_Source\PSoC4/cyfitter_cfg.c **** *   void
 118:Generated_Source\PSoC4/cyfitter_cfg.c **** *
 119:Generated_Source\PSoC4/cyfitter_cfg.c **** * Return:
 120:Generated_Source\PSoC4/cyfitter_cfg.c **** *   void
 121:Generated_Source\PSoC4/cyfitter_cfg.c **** *
 122:Generated_Source\PSoC4/cyfitter_cfg.c **** *******************************************************************************/
 123:Generated_Source\PSoC4/cyfitter_cfg.c **** CY_CFG_UNUSED
 124:Generated_Source\PSoC4/cyfitter_cfg.c **** static void CyClockStartupError(uint8 errorCode);
 125:Generated_Source\PSoC4/cyfitter_cfg.c **** CY_CFG_UNUSED
 126:Generated_Source\PSoC4/cyfitter_cfg.c **** static void CyClockStartupError(uint8 errorCode)
 127:Generated_Source\PSoC4/cyfitter_cfg.c **** {
 128:Generated_Source\PSoC4/cyfitter_cfg.c ****     /* To remove the compiler warning if errorCode not used.                */
 129:Generated_Source\PSoC4/cyfitter_cfg.c ****     errorCode = errorCode;
 130:Generated_Source\PSoC4/cyfitter_cfg.c **** 
 131:Generated_Source\PSoC4/cyfitter_cfg.c ****     /* If we have a clock startup error (bad MHz crystal, PLL lock, etc.),  */
 132:Generated_Source\PSoC4/cyfitter_cfg.c ****     /* we will end up here to allow the customer to implement something to  */
 133:Generated_Source\PSoC4/cyfitter_cfg.c ****     /* deal with the clock condition.                                       */
 134:Generated_Source\PSoC4/cyfitter_cfg.c **** 
 135:Generated_Source\PSoC4/cyfitter_cfg.c **** #ifdef CY_CFG_CLOCK_STARTUP_ERROR_CALLBACK
 136:Generated_Source\PSoC4/cyfitter_cfg.c ****     CY_CFG_Clock_Startup_ErrorCallback();
 137:Generated_Source\PSoC4/cyfitter_cfg.c **** #else
 138:Generated_Source\PSoC4/cyfitter_cfg.c ****     /*  If not using CY_CFG_CLOCK_STARTUP_ERROR_CALLBACK, place your clock startup code here. */
 139:Generated_Source\PSoC4/cyfitter_cfg.c ****     /* `#START CyClockStartupError` */
 140:Generated_Source\PSoC4/cyfitter_cfg.c **** 
 141:Generated_Source\PSoC4/cyfitter_cfg.c **** 
 142:Generated_Source\PSoC4/cyfitter_cfg.c **** 
 143:Generated_Source\PSoC4/cyfitter_cfg.c ****     /* `#END` */
 144:Generated_Source\PSoC4/cyfitter_cfg.c **** 
 145:Generated_Source\PSoC4/cyfitter_cfg.c ****     while(1) {}
ARM GAS  C:\Users\Henrique\AppData\Local\Temp\ccztARV0.s 			page 4


 146:Generated_Source\PSoC4/cyfitter_cfg.c **** #endif /* CY_CFG_CLOCK_STARTUP_ERROR_CALLBACK */
 147:Generated_Source\PSoC4/cyfitter_cfg.c **** }
 148:Generated_Source\PSoC4/cyfitter_cfg.c **** #endif
 149:Generated_Source\PSoC4/cyfitter_cfg.c **** 
 150:Generated_Source\PSoC4/cyfitter_cfg.c **** #define CY_CFG_BASE_ADDR_COUNT 1u
 151:Generated_Source\PSoC4/cyfitter_cfg.c **** CYPACKED typedef struct
 152:Generated_Source\PSoC4/cyfitter_cfg.c **** {
 153:Generated_Source\PSoC4/cyfitter_cfg.c **** 	uint8 offset;
 154:Generated_Source\PSoC4/cyfitter_cfg.c **** 	uint8 value;
 155:Generated_Source\PSoC4/cyfitter_cfg.c **** } CYPACKED_ATTR cy_cfg_addrvalue_t;
 156:Generated_Source\PSoC4/cyfitter_cfg.c **** 
 157:Generated_Source\PSoC4/cyfitter_cfg.c **** 
 158:Generated_Source\PSoC4/cyfitter_cfg.c **** 
 159:Generated_Source\PSoC4/cyfitter_cfg.c **** /*******************************************************************************
 160:Generated_Source\PSoC4/cyfitter_cfg.c **** * Function Name: cfg_write_bytes32
 161:Generated_Source\PSoC4/cyfitter_cfg.c **** ********************************************************************************
 162:Generated_Source\PSoC4/cyfitter_cfg.c **** * Summary:
 163:Generated_Source\PSoC4/cyfitter_cfg.c **** *  This function is used for setting up the chip configuration areas that
 164:Generated_Source\PSoC4/cyfitter_cfg.c **** *  contain relatively sparse data.
 165:Generated_Source\PSoC4/cyfitter_cfg.c **** *
 166:Generated_Source\PSoC4/cyfitter_cfg.c **** * Parameters:
 167:Generated_Source\PSoC4/cyfitter_cfg.c **** *   void
 168:Generated_Source\PSoC4/cyfitter_cfg.c **** *
 169:Generated_Source\PSoC4/cyfitter_cfg.c **** * Return:
 170:Generated_Source\PSoC4/cyfitter_cfg.c **** *   void
 171:Generated_Source\PSoC4/cyfitter_cfg.c **** *
 172:Generated_Source\PSoC4/cyfitter_cfg.c **** *******************************************************************************/
 173:Generated_Source\PSoC4/cyfitter_cfg.c **** static void cfg_write_bytes32(const uint32 addr_table[], const cy_cfg_addrvalue_t data_table[]);
 174:Generated_Source\PSoC4/cyfitter_cfg.c **** static void cfg_write_bytes32(const uint32 addr_table[], const cy_cfg_addrvalue_t data_table[])
 175:Generated_Source\PSoC4/cyfitter_cfg.c **** {
  27              		.loc 1 175 0
  28              		.cfi_startproc
  29              		@ args = 0, pretend = 0, frame = 0
  30              		@ frame_needed = 0, uses_anonymous_args = 0
  31              	.LVL0:
  32 0000 F0B5     		push	{r4, r5, r6, r7, lr}
  33              		.cfi_def_cfa_offset 20
  34              		.cfi_offset 4, -20
  35              		.cfi_offset 5, -16
  36              		.cfi_offset 6, -12
  37              		.cfi_offset 7, -8
  38              		.cfi_offset 14, -4
  39              	.LVL1:
 176:Generated_Source\PSoC4/cyfitter_cfg.c **** 	/* For 32-bit little-endian architectures */
 177:Generated_Source\PSoC4/cyfitter_cfg.c **** 	uint32 i, j = 0u;
  40              		.loc 1 177 0
  41 0002 0025     		movs	r5, #0
 178:Generated_Source\PSoC4/cyfitter_cfg.c **** 	for (i = 0u; i < CY_CFG_BASE_ADDR_COUNT; i++)
  42              		.loc 1 178 0
  43 0004 0027     		movs	r7, #0
  44 0006 11E0     		b	.L2
  45              	.LVL2:
  46              	.L5:
  47              	.LBB2:
 179:Generated_Source\PSoC4/cyfitter_cfg.c **** 	{
 180:Generated_Source\PSoC4/cyfitter_cfg.c **** 		uint32 baseAddr = addr_table[i];
  48              		.loc 1 180 0
ARM GAS  C:\Users\Henrique\AppData\Local\Temp\ccztARV0.s 			page 5


  49 0008 BB00     		lsls	r3, r7, #2
  50 000a C658     		ldr	r6, [r0, r3]
  51              	.LVL3:
 181:Generated_Source\PSoC4/cyfitter_cfg.c **** 		uint8 count = (uint8)baseAddr;
  52              		.loc 1 181 0
  53 000c F3B2     		uxtb	r3, r6
  54              	.LVL4:
 182:Generated_Source\PSoC4/cyfitter_cfg.c **** 		baseAddr &= 0xFFFFFF00u;
  55              		.loc 1 182 0
  56 000e FF22     		movs	r2, #255
  57 0010 9643     		bics	r6, r2
  58              	.LVL5:
 183:Generated_Source\PSoC4/cyfitter_cfg.c **** 		while (count != 0u)
  59              		.loc 1 183 0
  60 0012 08E0     		b	.L3
  61              	.L4:
 184:Generated_Source\PSoC4/cyfitter_cfg.c **** 		{
 185:Generated_Source\PSoC4/cyfitter_cfg.c **** 			CY_SET_REG8((void *)(baseAddr + data_table[j].offset), data_table[j].value);
  62              		.loc 1 185 0
  63 0014 6A00     		lsls	r2, r5, #1
  64 0016 8A18     		adds	r2, r1, r2
  65 0018 1478     		ldrb	r4, [r2]
  66 001a A419     		adds	r4, r4, r6
  67 001c 5278     		ldrb	r2, [r2, #1]
  68 001e 2270     		strb	r2, [r4]
 186:Generated_Source\PSoC4/cyfitter_cfg.c **** 			j++;
  69              		.loc 1 186 0
  70 0020 0135     		adds	r5, r5, #1
  71              	.LVL6:
 187:Generated_Source\PSoC4/cyfitter_cfg.c **** 			count--;
  72              		.loc 1 187 0
  73 0022 013B     		subs	r3, r3, #1
  74              	.LVL7:
  75 0024 DBB2     		uxtb	r3, r3
  76              	.LVL8:
  77              	.L3:
 183:Generated_Source\PSoC4/cyfitter_cfg.c **** 		{
  78              		.loc 1 183 0
  79 0026 002B     		cmp	r3, #0
  80 0028 F4D1     		bne	.L4
  81              	.LBE2:
 178:Generated_Source\PSoC4/cyfitter_cfg.c **** 	{
  82              		.loc 1 178 0 discriminator 2
  83 002a 0137     		adds	r7, r7, #1
  84              	.LVL9:
  85              	.L2:
 178:Generated_Source\PSoC4/cyfitter_cfg.c **** 	{
  86              		.loc 1 178 0 is_stmt 0 discriminator 1
  87 002c 002F     		cmp	r7, #0
  88 002e EBD0     		beq	.L5
 188:Generated_Source\PSoC4/cyfitter_cfg.c **** 		}
 189:Generated_Source\PSoC4/cyfitter_cfg.c **** 	}
 190:Generated_Source\PSoC4/cyfitter_cfg.c **** }
  89              		.loc 1 190 0 is_stmt 1
  90              		@ sp needed
  91              	.LVL10:
  92              	.LVL11:
ARM GAS  C:\Users\Henrique\AppData\Local\Temp\ccztARV0.s 			page 6


  93 0030 F0BD     		pop	{r4, r5, r6, r7, pc}
  94              		.cfi_endproc
  95              	.LFE3:
  96              		.size	cfg_write_bytes32, .-cfg_write_bytes32
  97 0032 C046     		.section	.text.CYMEMZERO,"ax",%progbits
  98              		.align	2
  99              		.code	16
 100              		.thumb_func
 101              		.type	CYMEMZERO, %function
 102              	CYMEMZERO:
 103              	.LFB0:
  77:Generated_Source\PSoC4/cyfitter_cfg.c **** 	(void)memset(s, 0, n);
 104              		.loc 1 77 0
 105              		.cfi_startproc
 106              		@ args = 0, pretend = 0, frame = 0
 107              		@ frame_needed = 0, uses_anonymous_args = 0
 108              	.LVL12:
 109 0000 10B5     		push	{r4, lr}
 110              		.cfi_def_cfa_offset 8
 111              		.cfi_offset 4, -8
 112              		.cfi_offset 14, -4
 113 0002 0A00     		movs	r2, r1
  78:Generated_Source\PSoC4/cyfitter_cfg.c **** }
 114              		.loc 1 78 0
 115 0004 0021     		movs	r1, #0
 116              	.LVL13:
 117 0006 FFF7FEFF 		bl	memset
 118              	.LVL14:
  79:Generated_Source\PSoC4/cyfitter_cfg.c **** CY_CFG_UNUSED
 119              		.loc 1 79 0
 120              		@ sp needed
 121 000a 10BD     		pop	{r4, pc}
 122              		.cfi_endproc
 123              	.LFE0:
 124              		.size	CYMEMZERO, .-CYMEMZERO
 125              		.section	.psocinit,"ax",%progbits
 126              		.align	2
 127              		.code	16
 128              		.thumb_func
 129              		.type	ClockSetup, %function
 130              	ClockSetup:
 131              	.LFB4:
 191:Generated_Source\PSoC4/cyfitter_cfg.c **** 
 192:Generated_Source\PSoC4/cyfitter_cfg.c **** 
 193:Generated_Source\PSoC4/cyfitter_cfg.c **** /*******************************************************************************
 194:Generated_Source\PSoC4/cyfitter_cfg.c **** * Function Name: ClockSetup
 195:Generated_Source\PSoC4/cyfitter_cfg.c **** ********************************************************************************
 196:Generated_Source\PSoC4/cyfitter_cfg.c **** *
 197:Generated_Source\PSoC4/cyfitter_cfg.c **** * Summary:
 198:Generated_Source\PSoC4/cyfitter_cfg.c **** *   Performs the initialization of all of the clocks in the device based on the
 199:Generated_Source\PSoC4/cyfitter_cfg.c **** *   settings in the Clock tab of the DWR.  This includes enabling the requested
 200:Generated_Source\PSoC4/cyfitter_cfg.c **** *   clocks and setting the necessary dividers to produce the desired frequency. 
 201:Generated_Source\PSoC4/cyfitter_cfg.c **** *
 202:Generated_Source\PSoC4/cyfitter_cfg.c **** * Parameters:
 203:Generated_Source\PSoC4/cyfitter_cfg.c **** *   void
 204:Generated_Source\PSoC4/cyfitter_cfg.c **** *
 205:Generated_Source\PSoC4/cyfitter_cfg.c **** * Return:
ARM GAS  C:\Users\Henrique\AppData\Local\Temp\ccztARV0.s 			page 7


 206:Generated_Source\PSoC4/cyfitter_cfg.c **** *   void
 207:Generated_Source\PSoC4/cyfitter_cfg.c **** *
 208:Generated_Source\PSoC4/cyfitter_cfg.c **** *******************************************************************************/
 209:Generated_Source\PSoC4/cyfitter_cfg.c **** static void ClockSetup(void);
 210:Generated_Source\PSoC4/cyfitter_cfg.c **** CY_CFG_SECTION
 211:Generated_Source\PSoC4/cyfitter_cfg.c **** static void ClockSetup(void)
 212:Generated_Source\PSoC4/cyfitter_cfg.c **** {
 132              		.loc 1 212 0
 133              		.cfi_startproc
 134              		@ args = 0, pretend = 0, frame = 0
 135              		@ frame_needed = 0, uses_anonymous_args = 0
 136 0000 70B5     		push	{r4, r5, r6, lr}
 137              		.cfi_def_cfa_offset 16
 138              		.cfi_offset 4, -16
 139              		.cfi_offset 5, -12
 140              		.cfi_offset 6, -8
 141              		.cfi_offset 14, -4
 213:Generated_Source\PSoC4/cyfitter_cfg.c **** 	/* Enable HALF_EN before trimming for the flash accelerator. */
 214:Generated_Source\PSoC4/cyfitter_cfg.c **** 	CY_SET_REG32((void CYXDATA *)(CYREG_CLK_SELECT), (CY_GET_REG32((void *)CYREG_CLK_SELECT) | 0x00040
 142              		.loc 1 214 0
 143 0002 0F4C     		ldr	r4, .L8
 144 0004 2368     		ldr	r3, [r4]
 145 0006 8022     		movs	r2, #128
 146 0008 D202     		lsls	r2, r2, #11
 147 000a 1343     		orrs	r3, r2
 148 000c 2360     		str	r3, [r4]
 215:Generated_Source\PSoC4/cyfitter_cfg.c **** 
 216:Generated_Source\PSoC4/cyfitter_cfg.c **** 	/* Setup and trim IMO based on desired frequency. */
 217:Generated_Source\PSoC4/cyfitter_cfg.c **** 	CySysClkWriteImoFreq(24u);
 149              		.loc 1 217 0
 150 000e 1820     		movs	r0, #24
 151 0010 FFF7FEFF 		bl	CySysClkWriteImoFreq
 152              	.LVL15:
 218:Generated_Source\PSoC4/cyfitter_cfg.c **** 
 219:Generated_Source\PSoC4/cyfitter_cfg.c **** 	/* Disable HALF_EN since it is not required at this IMO frequency. */
 220:Generated_Source\PSoC4/cyfitter_cfg.c **** 	CY_SET_REG32((void CYXDATA *)(CYREG_CLK_SELECT), (CY_GET_REG32((void *)CYREG_CLK_SELECT) & 0xFFFBF
 153              		.loc 1 220 0
 154 0014 2268     		ldr	r2, [r4]
 155 0016 0B4B     		ldr	r3, .L8+4
 156 0018 1340     		ands	r3, r2
 157 001a 2360     		str	r3, [r4]
 221:Generated_Source\PSoC4/cyfitter_cfg.c **** 	/* CYDEV_CLK_ILO_CONFIG Starting address: CYDEV_CLK_ILO_CONFIG */
 222:Generated_Source\PSoC4/cyfitter_cfg.c **** 	CY_SET_REG32((void *)(CYREG_CLK_ILO_CONFIG), 0x80000006u);
 158              		.loc 1 222 0
 159 001c 0A4A     		ldr	r2, .L8+8
 160 001e 0B4B     		ldr	r3, .L8+12
 161 0020 1A60     		str	r2, [r3]
 223:Generated_Source\PSoC4/cyfitter_cfg.c **** 
 224:Generated_Source\PSoC4/cyfitter_cfg.c **** 
 225:Generated_Source\PSoC4/cyfitter_cfg.c **** 	/* CYDEV_CLK_IMO_CONFIG Starting address: CYDEV_CLK_IMO_CONFIG */
 226:Generated_Source\PSoC4/cyfitter_cfg.c **** 	CY_SET_REG32((void *)(CYREG_CLK_IMO_CONFIG), 0x80000000u);
 162              		.loc 1 226 0
 163 0022 063A     		subs	r2, r2, #6
 164 0024 0A4B     		ldr	r3, .L8+16
 165 0026 1A60     		str	r2, [r3]
 227:Generated_Source\PSoC4/cyfitter_cfg.c **** 
 228:Generated_Source\PSoC4/cyfitter_cfg.c **** 	/* CYDEV_CLK_SELECT Starting address: CYDEV_CLK_SELECT */
ARM GAS  C:\Users\Henrique\AppData\Local\Temp\ccztARV0.s 			page 8


 229:Generated_Source\PSoC4/cyfitter_cfg.c **** 	CY_SET_REG32((void *)(CYREG_CLK_SELECT), 0x00000000u);
 166              		.loc 1 229 0
 167 0028 0025     		movs	r5, #0
 168 002a 2560     		str	r5, [r4]
 230:Generated_Source\PSoC4/cyfitter_cfg.c **** 
 231:Generated_Source\PSoC4/cyfitter_cfg.c **** 	(void)CyIntSetVector(9u, &CySysWdtIsr);
 169              		.loc 1 231 0
 170 002c 0949     		ldr	r1, .L8+20
 171 002e 0920     		movs	r0, #9
 172 0030 FFF7FEFF 		bl	CyIntSetVector
 173              	.LVL16:
 232:Generated_Source\PSoC4/cyfitter_cfg.c **** 	CyIntEnable(9u);
 174              		.loc 1 232 0
 175 0034 0920     		movs	r0, #9
 176 0036 FFF7FEFF 		bl	CyIntEnable
 177              	.LVL17:
 233:Generated_Source\PSoC4/cyfitter_cfg.c **** 	CY_SET_REG32((void *)(CYREG_WDT_CONFIG), 0x00000000u);
 178              		.loc 1 233 0
 179 003a 074B     		ldr	r3, .L8+24
 180 003c 1D60     		str	r5, [r3]
 234:Generated_Source\PSoC4/cyfitter_cfg.c **** }
 181              		.loc 1 234 0
 182              		@ sp needed
 183 003e 70BD     		pop	{r4, r5, r6, pc}
 184              	.L9:
 185              		.align	2
 186              	.L8:
 187 0040 00010B40 		.word	1074462976
 188 0044 FFFFFBFF 		.word	-262145
 189 0048 06000080 		.word	-2147483642
 190 004c 04010B40 		.word	1074462980
 191 0050 08010B40 		.word	1074462984
 192 0054 00000000 		.word	CySysWdtIsr
 193 0058 0C020B40 		.word	1074463244
 194              		.cfi_endproc
 195              	.LFE4:
 196              		.size	ClockSetup, .-ClockSetup
 197              		.align	2
 198              		.global	cyfitter_cfg
 199              		.code	16
 200              		.thumb_func
 201              		.type	cyfitter_cfg, %function
 202              	cyfitter_cfg:
 203              	.LFB6:
 235:Generated_Source\PSoC4/cyfitter_cfg.c **** 
 236:Generated_Source\PSoC4/cyfitter_cfg.c **** 
 237:Generated_Source\PSoC4/cyfitter_cfg.c **** /* Analog API Functions */
 238:Generated_Source\PSoC4/cyfitter_cfg.c **** 
 239:Generated_Source\PSoC4/cyfitter_cfg.c **** 
 240:Generated_Source\PSoC4/cyfitter_cfg.c **** /*******************************************************************************
 241:Generated_Source\PSoC4/cyfitter_cfg.c **** * Function Name: AnalogSetDefault
 242:Generated_Source\PSoC4/cyfitter_cfg.c **** ********************************************************************************
 243:Generated_Source\PSoC4/cyfitter_cfg.c **** *
 244:Generated_Source\PSoC4/cyfitter_cfg.c **** * Summary:
 245:Generated_Source\PSoC4/cyfitter_cfg.c **** *  Sets up the analog portions of the chip to default values based on chip
 246:Generated_Source\PSoC4/cyfitter_cfg.c **** *  configuration options from the project.
 247:Generated_Source\PSoC4/cyfitter_cfg.c **** *
ARM GAS  C:\Users\Henrique\AppData\Local\Temp\ccztARV0.s 			page 9


 248:Generated_Source\PSoC4/cyfitter_cfg.c **** * Parameters:
 249:Generated_Source\PSoC4/cyfitter_cfg.c **** *  void
 250:Generated_Source\PSoC4/cyfitter_cfg.c **** *
 251:Generated_Source\PSoC4/cyfitter_cfg.c **** * Return:
 252:Generated_Source\PSoC4/cyfitter_cfg.c **** *  void
 253:Generated_Source\PSoC4/cyfitter_cfg.c **** *
 254:Generated_Source\PSoC4/cyfitter_cfg.c **** *******************************************************************************/
 255:Generated_Source\PSoC4/cyfitter_cfg.c **** static void AnalogSetDefault(void);
 256:Generated_Source\PSoC4/cyfitter_cfg.c **** static void AnalogSetDefault(void)
 257:Generated_Source\PSoC4/cyfitter_cfg.c **** {
 258:Generated_Source\PSoC4/cyfitter_cfg.c **** }
 259:Generated_Source\PSoC4/cyfitter_cfg.c **** 
 260:Generated_Source\PSoC4/cyfitter_cfg.c **** 
 261:Generated_Source\PSoC4/cyfitter_cfg.c **** 
 262:Generated_Source\PSoC4/cyfitter_cfg.c **** 
 263:Generated_Source\PSoC4/cyfitter_cfg.c **** /*******************************************************************************
 264:Generated_Source\PSoC4/cyfitter_cfg.c **** * Function Name: cyfitter_cfg
 265:Generated_Source\PSoC4/cyfitter_cfg.c **** ********************************************************************************
 266:Generated_Source\PSoC4/cyfitter_cfg.c **** * Summary:
 267:Generated_Source\PSoC4/cyfitter_cfg.c **** *  This function is called by the start-up code for the selected device. It
 268:Generated_Source\PSoC4/cyfitter_cfg.c **** *  performs all of the necessary device configuration based on the design
 269:Generated_Source\PSoC4/cyfitter_cfg.c **** *  settings.  This includes settings from the Design Wide Resources (DWR) such
 270:Generated_Source\PSoC4/cyfitter_cfg.c **** *  as Clocks and Pins as well as any component configuration that is necessary.
 271:Generated_Source\PSoC4/cyfitter_cfg.c **** *
 272:Generated_Source\PSoC4/cyfitter_cfg.c **** * Parameters:
 273:Generated_Source\PSoC4/cyfitter_cfg.c **** *   void
 274:Generated_Source\PSoC4/cyfitter_cfg.c **** *
 275:Generated_Source\PSoC4/cyfitter_cfg.c **** * Return:
 276:Generated_Source\PSoC4/cyfitter_cfg.c **** *   void
 277:Generated_Source\PSoC4/cyfitter_cfg.c **** *
 278:Generated_Source\PSoC4/cyfitter_cfg.c **** *******************************************************************************/
 279:Generated_Source\PSoC4/cyfitter_cfg.c **** CY_CFG_SECTION
 280:Generated_Source\PSoC4/cyfitter_cfg.c **** void cyfitter_cfg(void)
 281:Generated_Source\PSoC4/cyfitter_cfg.c **** {
 204              		.loc 1 281 0
 205              		.cfi_startproc
 206              		@ args = 0, pretend = 0, frame = 0
 207              		@ frame_needed = 0, uses_anonymous_args = 0
 208 005c 10B5     		push	{r4, lr}
 209              		.cfi_def_cfa_offset 8
 210              		.cfi_offset 4, -8
 211              		.cfi_offset 14, -4
 282:Generated_Source\PSoC4/cyfitter_cfg.c **** 	/* Disable interrupts by default. Let user enable if/when they want. */
 283:Generated_Source\PSoC4/cyfitter_cfg.c **** 	CyGlobalIntDisable;
 212              		.loc 1 283 0
 213              		.syntax divided
 214              	@ 283 "Generated_Source\PSoC4\cyfitter_cfg.c" 1
 215 005e 72B6     		CPSID   i
 216              	@ 0 "" 2
 217              	.LVL18:
 218              		.thumb
 219              		.syntax unified
 220              	.LBB3:
 284:Generated_Source\PSoC4/cyfitter_cfg.c **** 
 285:Generated_Source\PSoC4/cyfitter_cfg.c **** 	{
 286:Generated_Source\PSoC4/cyfitter_cfg.c **** 		static const uint32 CYCODE cy_cfg_addr_table[] = {
 287:Generated_Source\PSoC4/cyfitter_cfg.c **** 			0x400F6002u, /* Base address: 0x400F6000 Count: 2 */
ARM GAS  C:\Users\Henrique\AppData\Local\Temp\ccztARV0.s 			page 10


 288:Generated_Source\PSoC4/cyfitter_cfg.c **** 		};
 289:Generated_Source\PSoC4/cyfitter_cfg.c **** 
 290:Generated_Source\PSoC4/cyfitter_cfg.c **** 		static const cy_cfg_addrvalue_t CYCODE cy_cfg_data_table[] = {
 291:Generated_Source\PSoC4/cyfitter_cfg.c **** 			{0x02u, 0x01u},
 292:Generated_Source\PSoC4/cyfitter_cfg.c **** 			{0x11u, 0x01u},
 293:Generated_Source\PSoC4/cyfitter_cfg.c **** 		};
 294:Generated_Source\PSoC4/cyfitter_cfg.c **** 
 295:Generated_Source\PSoC4/cyfitter_cfg.c **** 
 296:Generated_Source\PSoC4/cyfitter_cfg.c **** 
 297:Generated_Source\PSoC4/cyfitter_cfg.c **** 		CYPACKED typedef struct {
 298:Generated_Source\PSoC4/cyfitter_cfg.c **** 			void CYFAR *address;
 299:Generated_Source\PSoC4/cyfitter_cfg.c **** 			uint16 size;
 300:Generated_Source\PSoC4/cyfitter_cfg.c **** 		} CYPACKED_ATTR cfg_memset_t;
 301:Generated_Source\PSoC4/cyfitter_cfg.c **** 
 302:Generated_Source\PSoC4/cyfitter_cfg.c **** 		static const cfg_memset_t CYCODE cfg_memset_list[] = {
 303:Generated_Source\PSoC4/cyfitter_cfg.c **** 			/* address, size */
 304:Generated_Source\PSoC4/cyfitter_cfg.c **** 			{(void CYFAR *)(CYDEV_UDB_P0_U0_BASE), 1024u},
 305:Generated_Source\PSoC4/cyfitter_cfg.c **** 			{(void CYFAR *)(CYDEV_UDB_DSI0_BASE), 1024u},
 306:Generated_Source\PSoC4/cyfitter_cfg.c **** 		};
 307:Generated_Source\PSoC4/cyfitter_cfg.c **** 
 308:Generated_Source\PSoC4/cyfitter_cfg.c **** 		uint8 CYDATA i;
 309:Generated_Source\PSoC4/cyfitter_cfg.c **** 
 310:Generated_Source\PSoC4/cyfitter_cfg.c **** 		/* Zero out critical memory blocks before beginning configuration */
 311:Generated_Source\PSoC4/cyfitter_cfg.c **** 		for (i = 0u; i < (sizeof(cfg_memset_list)/sizeof(cfg_memset_list[0])); i++)
 221              		.loc 1 311 0
 222 0060 0024     		movs	r4, #0
 223 0062 0FE0     		b	.L11
 224              	.LVL19:
 225              	.L12:
 226              	.LBB4:
 312:Generated_Source\PSoC4/cyfitter_cfg.c **** 		{
 313:Generated_Source\PSoC4/cyfitter_cfg.c **** 			const cfg_memset_t CYCODE * CYDATA ms = &cfg_memset_list[i];
 314:Generated_Source\PSoC4/cyfitter_cfg.c **** 			CYMEMZERO(ms->address, (size_t)(uint32)(ms->size));
 227              		.loc 1 314 0 discriminator 3
 228 0064 1D48     		ldr	r0, .L13
 229 0066 6200     		lsls	r2, r4, #1
 230 0068 1319     		adds	r3, r2, r4
 231 006a 5900     		lsls	r1, r3, #1
 232 006c 0B00     		movs	r3, r1
 233 006e 4118     		adds	r1, r0, r1
 234 0070 8988     		ldrh	r1, [r1, #4]
 235 0072 1A5A     		ldrh	r2, [r3, r0]
 236 0074 C318     		adds	r3, r0, r3
 237 0076 5888     		ldrh	r0, [r3, #2]
 238 0078 0004     		lsls	r0, r0, #16
 239 007a 1043     		orrs	r0, r2
 240 007c FFF7FEFF 		bl	CYMEMZERO
 241              	.LVL20:
 242              	.LBE4:
 311:Generated_Source\PSoC4/cyfitter_cfg.c **** 		{
 243              		.loc 1 311 0 discriminator 3
 244 0080 0134     		adds	r4, r4, #1
 245              	.LVL21:
 246 0082 E4B2     		uxtb	r4, r4
 247              	.LVL22:
 248              	.L11:
 311:Generated_Source\PSoC4/cyfitter_cfg.c **** 		{
ARM GAS  C:\Users\Henrique\AppData\Local\Temp\ccztARV0.s 			page 11


 249              		.loc 1 311 0 is_stmt 0 discriminator 1
 250 0084 012C     		cmp	r4, #1
 251 0086 EDD9     		bls	.L12
 315:Generated_Source\PSoC4/cyfitter_cfg.c **** 		}
 316:Generated_Source\PSoC4/cyfitter_cfg.c **** 
 317:Generated_Source\PSoC4/cyfitter_cfg.c **** 		cfg_write_bytes32(cy_cfg_addr_table, cy_cfg_data_table);
 252              		.loc 1 317 0 is_stmt 1
 253 0088 1448     		ldr	r0, .L13
 254 008a 0100     		movs	r1, r0
 255 008c 0C31     		adds	r1, r1, #12
 256 008e 1030     		adds	r0, r0, #16
 257 0090 FFF7FEFF 		bl	cfg_write_bytes32
 258              	.LVL23:
 318:Generated_Source\PSoC4/cyfitter_cfg.c **** 
 319:Generated_Source\PSoC4/cyfitter_cfg.c **** 		/* HSIOM Starting address: CYDEV_HSIOM_BASE */
 320:Generated_Source\PSoC4/cyfitter_cfg.c **** 		CY_SET_REG32((void *)(CYREG_HSIOM_PORT_SEL3), 0x0000EE00u);
 259              		.loc 1 320 0
 260 0094 EE22     		movs	r2, #238
 261 0096 1202     		lsls	r2, r2, #8
 262 0098 114B     		ldr	r3, .L13+4
 263 009a 1A60     		str	r2, [r3]
 321:Generated_Source\PSoC4/cyfitter_cfg.c **** 
 322:Generated_Source\PSoC4/cyfitter_cfg.c **** 		/* UDB_PA_0 Starting address: CYDEV_UDB_PA0_BASE */
 323:Generated_Source\PSoC4/cyfitter_cfg.c **** 		CY_SET_REG32((void *)(CYDEV_UDB_PA0_BASE), 0x00990000u);
 264              		.loc 1 323 0
 265 009c 9923     		movs	r3, #153
 266 009e 1B04     		lsls	r3, r3, #16
 267 00a0 104A     		ldr	r2, .L13+8
 268 00a2 1360     		str	r3, [r2]
 324:Generated_Source\PSoC4/cyfitter_cfg.c **** 		CY_SET_REG32((void *)(CYREG_UDB_PA0_CFG4), 0x00020000u);
 269              		.loc 1 324 0
 270 00a4 8021     		movs	r1, #128
 271 00a6 8902     		lsls	r1, r1, #10
 272 00a8 0F4A     		ldr	r2, .L13+12
 273 00aa 1160     		str	r1, [r2]
 325:Generated_Source\PSoC4/cyfitter_cfg.c **** 
 326:Generated_Source\PSoC4/cyfitter_cfg.c **** 		/* UDB_PA_3 Starting address: CYDEV_UDB_PA3_BASE */
 327:Generated_Source\PSoC4/cyfitter_cfg.c **** 		CY_SET_REG32((void *)(CYDEV_UDB_PA3_BASE), 0x00990000u);
 274              		.loc 1 327 0
 275 00ac 0F4A     		ldr	r2, .L13+16
 276 00ae 1360     		str	r3, [r2]
 328:Generated_Source\PSoC4/cyfitter_cfg.c **** 
 329:Generated_Source\PSoC4/cyfitter_cfg.c **** 		/* Enable digital routing */
 330:Generated_Source\PSoC4/cyfitter_cfg.c **** 		CY_SET_XTND_REG8((void *)CYREG_UDB_UDBIF_BANK_CTL, (uint8)(CY_GET_XTND_REG8((void *)CYREG_UDB_UDB
 277              		.loc 1 330 0
 278 00b0 0F4A     		ldr	r2, .L13+20
 279 00b2 1178     		ldrb	r1, [r2]
 280 00b4 0623     		movs	r3, #6
 281 00b6 0B43     		orrs	r3, r1
 282 00b8 DBB2     		uxtb	r3, r3
 283 00ba 1370     		strb	r3, [r2]
 284              	.LBE3:
 331:Generated_Source\PSoC4/cyfitter_cfg.c **** 	}
 332:Generated_Source\PSoC4/cyfitter_cfg.c **** 
 333:Generated_Source\PSoC4/cyfitter_cfg.c **** 	/* Perform second pass device configuration. These items must be configured in specific order afte
 334:Generated_Source\PSoC4/cyfitter_cfg.c **** 	/* IOPINS0_0 Starting address: CYDEV_PRT0_BASE */
 335:Generated_Source\PSoC4/cyfitter_cfg.c **** 	CY_SET_REG32((void *)(CYDEV_PRT0_BASE), 0x00000001u);
ARM GAS  C:\Users\Henrique\AppData\Local\Temp\ccztARV0.s 			page 12


 285              		.loc 1 335 0
 286 00bc 0122     		movs	r2, #1
 287 00be 0D4B     		ldr	r3, .L13+24
 288 00c0 1A60     		str	r2, [r3]
 336:Generated_Source\PSoC4/cyfitter_cfg.c **** 	CY_SET_REG32((void *)(CYREG_PRT0_PC), 0x00000032u);
 289              		.loc 1 336 0
 290 00c2 3132     		adds	r2, r2, #49
 291 00c4 0C4B     		ldr	r3, .L13+28
 292 00c6 1A60     		str	r2, [r3]
 337:Generated_Source\PSoC4/cyfitter_cfg.c **** 	CY_SET_REG32((void *)(CYREG_PRT0_INTCFG), 0x00000002u);
 293              		.loc 1 337 0
 294 00c8 303A     		subs	r2, r2, #48
 295 00ca 0C4B     		ldr	r3, .L13+32
 296 00cc 1A60     		str	r2, [r3]
 338:Generated_Source\PSoC4/cyfitter_cfg.c **** 
 339:Generated_Source\PSoC4/cyfitter_cfg.c **** 	/* IOPINS0_3 Starting address: CYDEV_PRT3_BASE */
 340:Generated_Source\PSoC4/cyfitter_cfg.c **** 	CY_SET_REG32((void *)(CYREG_PRT3_PC), 0x00000D80u);
 297              		.loc 1 340 0
 298 00ce D822     		movs	r2, #216
 299 00d0 1201     		lsls	r2, r2, #4
 300 00d2 0B4B     		ldr	r3, .L13+36
 301 00d4 1A60     		str	r2, [r3]
 341:Generated_Source\PSoC4/cyfitter_cfg.c **** 
 342:Generated_Source\PSoC4/cyfitter_cfg.c **** 
 343:Generated_Source\PSoC4/cyfitter_cfg.c **** 	/* Setup clocks based on selections from Clock DWR */
 344:Generated_Source\PSoC4/cyfitter_cfg.c **** 	ClockSetup();
 302              		.loc 1 344 0
 303 00d6 FFF793FF 		bl	ClockSetup
 304              	.LVL24:
 345:Generated_Source\PSoC4/cyfitter_cfg.c **** 
 346:Generated_Source\PSoC4/cyfitter_cfg.c **** 	/* Perform basic analog initialization to defaults */
 347:Generated_Source\PSoC4/cyfitter_cfg.c **** 	AnalogSetDefault();
 348:Generated_Source\PSoC4/cyfitter_cfg.c **** 
 349:Generated_Source\PSoC4/cyfitter_cfg.c **** }
 305              		.loc 1 349 0
 306              		@ sp needed
 307              	.LVL25:
 308 00da 10BD     		pop	{r4, pc}
 309              	.L14:
 310              		.align	2
 311              	.L13:
 312 00dc 00000000 		.word	.LANCHOR0
 313 00e0 0C000140 		.word	1073807372
 314 00e4 00500F40 		.word	1074745344
 315 00e8 04500F40 		.word	1074745348
 316 00ec 30500F40 		.word	1074745392
 317 00f0 00700F40 		.word	1074753536
 318 00f4 00000440 		.word	1074003968
 319 00f8 08000440 		.word	1074003976
 320 00fc 0C000440 		.word	1074003980
 321 0100 08030440 		.word	1074004744
 322              		.cfi_endproc
 323              	.LFE6:
 324              		.size	cyfitter_cfg, .-cyfitter_cfg
 325              		.section	.rodata
 326              		.align	2
 327              		.set	.LANCHOR0,. + 0
ARM GAS  C:\Users\Henrique\AppData\Local\Temp\ccztARV0.s 			page 13


 328              		.type	cfg_memset_list.4870, %object
 329              		.size	cfg_memset_list.4870, 12
 330              	cfg_memset_list.4870:
 331 0000 00300F40 		.word	1074737152
 332 0004 0004     		.short	1024
 333 0006 00400F40 		.4byte	1074741248
 334 000a 0004     		.short	1024
 335              		.type	cy_cfg_data_table.4865, %object
 336              		.size	cy_cfg_data_table.4865, 4
 337              	cy_cfg_data_table.4865:
 338 000c 02       		.byte	2
 339 000d 01       		.byte	1
 340 000e 11       		.byte	17
 341 000f 01       		.byte	1
 342              		.type	cy_cfg_addr_table.4864, %object
 343              		.size	cy_cfg_addr_table.4864, 4
 344              	cy_cfg_addr_table.4864:
 345 0010 02600F40 		.word	1074749442
 346              		.text
 347              	.Letext0:
 348              		.file 2 "c:\\program files (x86)\\cypress\\psoc creator\\4.4\\psoc creator\\import\\gnu\\arm\\5.4.
 349              		.file 3 "Generated_Source\\PSoC4\\cytypes.h"
 350              		.file 4 "Generated_Source\\PSoC4\\CyLib.h"
 351              		.section	.debug_info,"",%progbits
 352              	.Ldebug_info0:
 353 0000 9C030000 		.4byte	0x39c
 354 0004 0400     		.2byte	0x4
 355 0006 00000000 		.4byte	.Ldebug_abbrev0
 356 000a 04       		.byte	0x4
 357 000b 01       		.uleb128 0x1
 358 000c 6D010000 		.4byte	.LASF39
 359 0010 0C       		.byte	0xc
 360 0011 9A020000 		.4byte	.LASF40
 361 0015 33000000 		.4byte	.LASF41
 362 0019 00000000 		.4byte	.Ldebug_ranges0+0
 363 001d 00000000 		.4byte	0
 364 0021 00000000 		.4byte	.Ldebug_line0
 365 0025 02       		.uleb128 0x2
 366 0026 04       		.byte	0x4
 367 0027 05       		.byte	0x5
 368 0028 696E7400 		.ascii	"int\000"
 369 002c 03       		.uleb128 0x3
 370 002d 06000000 		.4byte	.LASF12
 371 0031 02       		.byte	0x2
 372 0032 D8       		.byte	0xd8
 373 0033 37000000 		.4byte	0x37
 374 0037 04       		.uleb128 0x4
 375 0038 04       		.byte	0x4
 376 0039 07       		.byte	0x7
 377 003a 34010000 		.4byte	.LASF0
 378 003e 04       		.uleb128 0x4
 379 003f 08       		.byte	0x8
 380 0040 05       		.byte	0x5
 381 0041 2D020000 		.4byte	.LASF1
 382 0045 04       		.uleb128 0x4
 383 0046 08       		.byte	0x8
 384 0047 04       		.byte	0x4
ARM GAS  C:\Users\Henrique\AppData\Local\Temp\ccztARV0.s 			page 14


 385 0048 82020000 		.4byte	.LASF2
 386 004c 04       		.uleb128 0x4
 387 004d 01       		.byte	0x1
 388 004e 06       		.byte	0x6
 389 004f 8E020000 		.4byte	.LASF3
 390 0053 04       		.uleb128 0x4
 391 0054 01       		.byte	0x1
 392 0055 08       		.byte	0x8
 393 0056 D6000000 		.4byte	.LASF4
 394 005a 04       		.uleb128 0x4
 395 005b 02       		.byte	0x2
 396 005c 05       		.byte	0x5
 397 005d 5A020000 		.4byte	.LASF5
 398 0061 04       		.uleb128 0x4
 399 0062 02       		.byte	0x2
 400 0063 07       		.byte	0x7
 401 0064 1A020000 		.4byte	.LASF6
 402 0068 04       		.uleb128 0x4
 403 0069 04       		.byte	0x4
 404 006a 05       		.byte	0x5
 405 006b 79020000 		.4byte	.LASF7
 406 006f 04       		.uleb128 0x4
 407 0070 04       		.byte	0x4
 408 0071 07       		.byte	0x7
 409 0072 B4000000 		.4byte	.LASF8
 410 0076 04       		.uleb128 0x4
 411 0077 08       		.byte	0x8
 412 0078 07       		.byte	0x7
 413 0079 56010000 		.4byte	.LASF9
 414 007d 04       		.uleb128 0x4
 415 007e 04       		.byte	0x4
 416 007f 07       		.byte	0x7
 417 0080 11020000 		.4byte	.LASF10
 418 0084 05       		.uleb128 0x5
 419 0085 04       		.byte	0x4
 420 0086 04       		.uleb128 0x4
 421 0087 01       		.byte	0x1
 422 0088 08       		.byte	0x8
 423 0089 3B020000 		.4byte	.LASF11
 424 008d 06       		.uleb128 0x6
 425 008e C6000000 		.4byte	.LASF13
 426 0092 03       		.byte	0x3
 427 0093 FB01     		.2byte	0x1fb
 428 0095 53000000 		.4byte	0x53
 429 0099 06       		.uleb128 0x6
 430 009a 1B010000 		.4byte	.LASF14
 431 009e 03       		.byte	0x3
 432 009f FC01     		.2byte	0x1fc
 433 00a1 61000000 		.4byte	0x61
 434 00a5 06       		.uleb128 0x6
 435 00a6 2D010000 		.4byte	.LASF15
 436 00aa 03       		.byte	0x3
 437 00ab FD01     		.2byte	0x1fd
 438 00ad 6F000000 		.4byte	0x6f
 439 00b1 04       		.uleb128 0x4
 440 00b2 04       		.byte	0x4
 441 00b3 04       		.byte	0x4
ARM GAS  C:\Users\Henrique\AppData\Local\Temp\ccztARV0.s 			page 15


 442 00b4 94000000 		.4byte	.LASF16
 443 00b8 04       		.uleb128 0x4
 444 00b9 08       		.byte	0x8
 445 00ba 04       		.byte	0x4
 446 00bb EB000000 		.4byte	.LASF17
 447 00bf 06       		.uleb128 0x6
 448 00c0 AF000000 		.4byte	.LASF18
 449 00c4 03       		.byte	0x3
 450 00c5 A502     		.2byte	0x2a5
 451 00c7 CB000000 		.4byte	0xcb
 452 00cb 07       		.uleb128 0x7
 453 00cc 8D000000 		.4byte	0x8d
 454 00d0 06       		.uleb128 0x6
 455 00d1 00000000 		.4byte	.LASF19
 456 00d5 03       		.byte	0x3
 457 00d6 A702     		.2byte	0x2a7
 458 00d8 DC000000 		.4byte	0xdc
 459 00dc 07       		.uleb128 0x7
 460 00dd A5000000 		.4byte	0xa5
 461 00e1 08       		.uleb128 0x8
 462 00e2 02       		.byte	0x2
 463 00e3 01       		.byte	0x1
 464 00e4 97       		.byte	0x97
 465 00e5 02010000 		.4byte	0x102
 466 00e9 09       		.uleb128 0x9
 467 00ea 53020000 		.4byte	.LASF20
 468 00ee 01       		.byte	0x1
 469 00ef 99       		.byte	0x99
 470 00f0 8D000000 		.4byte	0x8d
 471 00f4 00       		.byte	0
 472 00f5 09       		.uleb128 0x9
 473 00f6 1C000000 		.4byte	.LASF21
 474 00fa 01       		.byte	0x1
 475 00fb 9A       		.byte	0x9a
 476 00fc 8D000000 		.4byte	0x8d
 477 0100 01       		.byte	0x1
 478 0101 00       		.byte	0
 479 0102 03       		.uleb128 0x3
 480 0103 40020000 		.4byte	.LASF22
 481 0107 01       		.byte	0x1
 482 0108 9B       		.byte	0x9b
 483 0109 E1000000 		.4byte	0xe1
 484 010d 0A       		.uleb128 0xa
 485 010e F2000000 		.4byte	.LASF27
 486 0112 01       		.byte	0x1
 487 0113 AE       		.byte	0xae
 488 0114 00000000 		.4byte	.LFB3
 489 0118 32000000 		.4byte	.LFE3-.LFB3
 490 011c 01       		.uleb128 0x1
 491 011d 9C       		.byte	0x9c
 492 011e 7F010000 		.4byte	0x17f
 493 0122 0B       		.uleb128 0xb
 494 0123 10010000 		.4byte	.LASF23
 495 0127 01       		.byte	0x1
 496 0128 AE       		.byte	0xae
 497 0129 7F010000 		.4byte	0x17f
 498 012d 01       		.uleb128 0x1
ARM GAS  C:\Users\Henrique\AppData\Local\Temp\ccztARV0.s 			page 16


 499 012e 50       		.byte	0x50
 500 012f 0B       		.uleb128 0xb
 501 0130 22010000 		.4byte	.LASF24
 502 0134 01       		.byte	0x1
 503 0135 AE       		.byte	0xae
 504 0136 8A010000 		.4byte	0x18a
 505 013a 01       		.uleb128 0x1
 506 013b 51       		.byte	0x51
 507 013c 0C       		.uleb128 0xc
 508 013d 6900     		.ascii	"i\000"
 509 013f 01       		.byte	0x1
 510 0140 B1       		.byte	0xb1
 511 0141 A5000000 		.4byte	0xa5
 512 0145 00000000 		.4byte	.LLST0
 513 0149 0C       		.uleb128 0xc
 514 014a 6A00     		.ascii	"j\000"
 515 014c 01       		.byte	0x1
 516 014d B1       		.byte	0xb1
 517 014e A5000000 		.4byte	0xa5
 518 0152 1F000000 		.4byte	.LLST1
 519 0156 0D       		.uleb128 0xd
 520 0157 08000000 		.4byte	.LBB2
 521 015b 22000000 		.4byte	.LBE2-.LBB2
 522 015f 0E       		.uleb128 0xe
 523 0160 08020000 		.4byte	.LASF25
 524 0164 01       		.byte	0x1
 525 0165 B4       		.byte	0xb4
 526 0166 A5000000 		.4byte	0xa5
 527 016a 3E000000 		.4byte	.LLST2
 528 016e 0E       		.uleb128 0xe
 529 016f 22000000 		.4byte	.LASF26
 530 0173 01       		.byte	0x1
 531 0174 B5       		.byte	0xb5
 532 0175 8D000000 		.4byte	0x8d
 533 0179 51000000 		.4byte	.LLST3
 534 017d 00       		.byte	0
 535 017e 00       		.byte	0
 536 017f 0F       		.uleb128 0xf
 537 0180 04       		.byte	0x4
 538 0181 85010000 		.4byte	0x185
 539 0185 10       		.uleb128 0x10
 540 0186 A5000000 		.4byte	0xa5
 541 018a 0F       		.uleb128 0xf
 542 018b 04       		.byte	0x4
 543 018c 90010000 		.4byte	0x190
 544 0190 10       		.uleb128 0x10
 545 0191 02010000 		.4byte	0x102
 546 0195 0A       		.uleb128 0xa
 547 0196 CC000000 		.4byte	.LASF28
 548 019a 01       		.byte	0x1
 549 019b 4C       		.byte	0x4c
 550 019c 00000000 		.4byte	.LFB0
 551 01a0 0C000000 		.4byte	.LFE0-.LFB0
 552 01a4 01       		.uleb128 0x1
 553 01a5 9C       		.byte	0x9c
 554 01a6 E2010000 		.4byte	0x1e2
 555 01aa 11       		.uleb128 0x11
ARM GAS  C:\Users\Henrique\AppData\Local\Temp\ccztARV0.s 			page 17


 556 01ab 7300     		.ascii	"s\000"
 557 01ad 01       		.byte	0x1
 558 01ae 4C       		.byte	0x4c
 559 01af 84000000 		.4byte	0x84
 560 01b3 6F000000 		.4byte	.LLST4
 561 01b7 11       		.uleb128 0x11
 562 01b8 6E00     		.ascii	"n\000"
 563 01ba 01       		.byte	0x1
 564 01bb 4C       		.byte	0x4c
 565 01bc 2C000000 		.4byte	0x2c
 566 01c0 90000000 		.4byte	.LLST5
 567 01c4 12       		.uleb128 0x12
 568 01c5 0A000000 		.4byte	.LVL14
 569 01c9 75030000 		.4byte	0x375
 570 01cd 13       		.uleb128 0x13
 571 01ce 01       		.uleb128 0x1
 572 01cf 50       		.byte	0x50
 573 01d0 03       		.uleb128 0x3
 574 01d1 F3       		.byte	0xf3
 575 01d2 01       		.uleb128 0x1
 576 01d3 50       		.byte	0x50
 577 01d4 13       		.uleb128 0x13
 578 01d5 01       		.uleb128 0x1
 579 01d6 51       		.byte	0x51
 580 01d7 01       		.uleb128 0x1
 581 01d8 30       		.byte	0x30
 582 01d9 13       		.uleb128 0x13
 583 01da 01       		.uleb128 0x1
 584 01db 52       		.byte	0x52
 585 01dc 03       		.uleb128 0x3
 586 01dd F3       		.byte	0xf3
 587 01de 01       		.uleb128 0x1
 588 01df 51       		.byte	0x51
 589 01e0 00       		.byte	0
 590 01e1 00       		.byte	0
 591 01e2 0A       		.uleb128 0xa
 592 01e3 28000000 		.4byte	.LASF29
 593 01e7 01       		.byte	0x1
 594 01e8 D3       		.byte	0xd3
 595 01e9 00000000 		.4byte	.LFB4
 596 01ed 5C000000 		.4byte	.LFE4-.LFB4
 597 01f1 01       		.uleb128 0x1
 598 01f2 9C       		.byte	0x9c
 599 01f3 2D020000 		.4byte	0x22d
 600 01f7 14       		.uleb128 0x14
 601 01f8 14000000 		.4byte	.LVL15
 602 01fc 7E030000 		.4byte	0x37e
 603 0200 0A020000 		.4byte	0x20a
 604 0204 13       		.uleb128 0x13
 605 0205 01       		.uleb128 0x1
 606 0206 50       		.byte	0x50
 607 0207 01       		.uleb128 0x1
 608 0208 48       		.byte	0x48
 609 0209 00       		.byte	0
 610 020a 14       		.uleb128 0x14
 611 020b 34000000 		.4byte	.LVL16
 612 020f 89030000 		.4byte	0x389
ARM GAS  C:\Users\Henrique\AppData\Local\Temp\ccztARV0.s 			page 18


 613 0213 1D020000 		.4byte	0x21d
 614 0217 13       		.uleb128 0x13
 615 0218 01       		.uleb128 0x1
 616 0219 50       		.byte	0x50
 617 021a 01       		.uleb128 0x1
 618 021b 39       		.byte	0x39
 619 021c 00       		.byte	0
 620 021d 12       		.uleb128 0x12
 621 021e 3A000000 		.4byte	.LVL17
 622 0222 94030000 		.4byte	0x394
 623 0226 13       		.uleb128 0x13
 624 0227 01       		.uleb128 0x1
 625 0228 50       		.byte	0x50
 626 0229 01       		.uleb128 0x1
 627 022a 39       		.byte	0x39
 628 022b 00       		.byte	0
 629 022c 00       		.byte	0
 630 022d 15       		.uleb128 0x15
 631 022e 41010000 		.4byte	.LASF42
 632 0232 01       		.byte	0x1
 633 0233 1801     		.2byte	0x118
 634 0235 5C000000 		.4byte	.LFB6
 635 0239 A8000000 		.4byte	.LFE6-.LFB6
 636 023d 01       		.uleb128 0x1
 637 023e 9C       		.byte	0x9c
 638 023f 4B030000 		.4byte	0x34b
 639 0243 16       		.uleb128 0x16
 640 0244 60000000 		.4byte	.LBB3
 641 0248 5C000000 		.4byte	.LBE3-.LBB3
 642 024c 41030000 		.4byte	0x341
 643 0250 17       		.uleb128 0x17
 644 0251 70000000 		.4byte	.LASF30
 645 0255 01       		.byte	0x1
 646 0256 1E01     		.2byte	0x11e
 647 0258 5B030000 		.4byte	0x35b
 648 025c 05       		.uleb128 0x5
 649 025d 03       		.byte	0x3
 650 025e 10000000 		.4byte	cy_cfg_addr_table.4864
 651 0262 17       		.uleb128 0x17
 652 0263 82000000 		.4byte	.LASF31
 653 0267 01       		.byte	0x1
 654 0268 2201     		.2byte	0x122
 655 026a 70030000 		.4byte	0x370
 656 026e 05       		.uleb128 0x5
 657 026f 03       		.byte	0x3
 658 0270 0C000000 		.4byte	cy_cfg_data_table.4865
 659 0274 18       		.uleb128 0x18
 660 0275 06       		.byte	0x6
 661 0276 01       		.byte	0x1
 662 0277 2901     		.2byte	0x129
 663 0279 98020000 		.4byte	0x298
 664 027d 19       		.uleb128 0x19
 665 027e 4E010000 		.4byte	.LASF32
 666 0282 01       		.byte	0x1
 667 0283 2A01     		.2byte	0x12a
 668 0285 84000000 		.4byte	0x84
 669 0289 00       		.byte	0
ARM GAS  C:\Users\Henrique\AppData\Local\Temp\ccztARV0.s 			page 19


 670 028a 19       		.uleb128 0x19
 671 028b AA000000 		.4byte	.LASF33
 672 028f 01       		.byte	0x1
 673 0290 2B01     		.2byte	0x12b
 674 0292 99000000 		.4byte	0x99
 675 0296 04       		.byte	0x4
 676 0297 00       		.byte	0
 677 0298 06       		.uleb128 0x6
 678 0299 FB010000 		.4byte	.LASF34
 679 029d 01       		.byte	0x1
 680 029e 2C01     		.2byte	0x12c
 681 02a0 74020000 		.4byte	0x274
 682 02a4 1A       		.uleb128 0x1a
 683 02a5 B4020000 		.4byte	0x2b4
 684 02a9 B4020000 		.4byte	0x2b4
 685 02ad 1B       		.uleb128 0x1b
 686 02ae 7D000000 		.4byte	0x7d
 687 02b2 01       		.byte	0x1
 688 02b3 00       		.byte	0
 689 02b4 10       		.uleb128 0x10
 690 02b5 98020000 		.4byte	0x298
 691 02b9 17       		.uleb128 0x17
 692 02ba 9A000000 		.4byte	.LASF35
 693 02be 01       		.byte	0x1
 694 02bf 2E01     		.2byte	0x12e
 695 02c1 CB020000 		.4byte	0x2cb
 696 02c5 05       		.uleb128 0x5
 697 02c6 03       		.byte	0x3
 698 02c7 00000000 		.4byte	cfg_memset_list.4870
 699 02cb 10       		.uleb128 0x10
 700 02cc A4020000 		.4byte	0x2a4
 701 02d0 1C       		.uleb128 0x1c
 702 02d1 6900     		.ascii	"i\000"
 703 02d3 01       		.byte	0x1
 704 02d4 3401     		.2byte	0x134
 705 02d6 8D000000 		.4byte	0x8d
 706 02da BC000000 		.4byte	.LLST6
 707 02de 16       		.uleb128 0x16
 708 02df 64000000 		.4byte	.LBB4
 709 02e3 1C000000 		.4byte	.LBE4-.LBB4
 710 02e7 24030000 		.4byte	0x324
 711 02eb 1C       		.uleb128 0x1c
 712 02ec 6D7300   		.ascii	"ms\000"
 713 02ef 01       		.byte	0x1
 714 02f0 3901     		.2byte	0x139
 715 02f2 FA020000 		.4byte	0x2fa
 716 02f6 E6000000 		.4byte	.LLST7
 717 02fa 0F       		.uleb128 0xf
 718 02fb 04       		.byte	0x4
 719 02fc B4020000 		.4byte	0x2b4
 720 0300 12       		.uleb128 0x12
 721 0301 80000000 		.4byte	.LVL20
 722 0305 95010000 		.4byte	0x195
 723 0309 13       		.uleb128 0x13
 724 030a 01       		.uleb128 0x1
 725 030b 51       		.byte	0x51
 726 030c 15       		.uleb128 0x15
ARM GAS  C:\Users\Henrique\AppData\Local\Temp\ccztARV0.s 			page 20


 727 030d 74       		.byte	0x74
 728 030e 00       		.sleb128 0
 729 030f 31       		.byte	0x31
 730 0310 24       		.byte	0x24
 731 0311 74       		.byte	0x74
 732 0312 00       		.sleb128 0
 733 0313 22       		.byte	0x22
 734 0314 31       		.byte	0x31
 735 0315 24       		.byte	0x24
 736 0316 03       		.byte	0x3
 737 0317 04000000 		.4byte	.LANCHOR0+4
 738 031b 22       		.byte	0x22
 739 031c 94       		.byte	0x94
 740 031d 02       		.byte	0x2
 741 031e 0A       		.byte	0xa
 742 031f FFFF     		.2byte	0xffff
 743 0321 1A       		.byte	0x1a
 744 0322 00       		.byte	0
 745 0323 00       		.byte	0
 746 0324 12       		.uleb128 0x12
 747 0325 94000000 		.4byte	.LVL23
 748 0329 0D010000 		.4byte	0x10d
 749 032d 13       		.uleb128 0x13
 750 032e 01       		.uleb128 0x1
 751 032f 50       		.byte	0x50
 752 0330 05       		.uleb128 0x5
 753 0331 03       		.byte	0x3
 754 0332 10000000 		.4byte	.LANCHOR0+16
 755 0336 13       		.uleb128 0x13
 756 0337 01       		.uleb128 0x1
 757 0338 51       		.byte	0x51
 758 0339 05       		.uleb128 0x5
 759 033a 03       		.byte	0x3
 760 033b 0C000000 		.4byte	.LANCHOR0+12
 761 033f 00       		.byte	0
 762 0340 00       		.byte	0
 763 0341 1D       		.uleb128 0x1d
 764 0342 DA000000 		.4byte	.LVL24
 765 0346 E2010000 		.4byte	0x1e2
 766 034a 00       		.byte	0
 767 034b 1A       		.uleb128 0x1a
 768 034c 85010000 		.4byte	0x185
 769 0350 5B030000 		.4byte	0x35b
 770 0354 1B       		.uleb128 0x1b
 771 0355 7D000000 		.4byte	0x7d
 772 0359 00       		.byte	0
 773 035a 00       		.byte	0
 774 035b 10       		.uleb128 0x10
 775 035c 4B030000 		.4byte	0x34b
 776 0360 1A       		.uleb128 0x1a
 777 0361 90010000 		.4byte	0x190
 778 0365 70030000 		.4byte	0x370
 779 0369 1B       		.uleb128 0x1b
 780 036a 7D000000 		.4byte	0x7d
 781 036e 01       		.byte	0x1
 782 036f 00       		.byte	0
 783 0370 10       		.uleb128 0x10
ARM GAS  C:\Users\Henrique\AppData\Local\Temp\ccztARV0.s 			page 21


 784 0371 60030000 		.4byte	0x360
 785 0375 1E       		.uleb128 0x1e
 786 0376 E4000000 		.4byte	.LASF43
 787 037a E4000000 		.4byte	.LASF43
 788 037e 1F       		.uleb128 0x1f
 789 037f 64020000 		.4byte	.LASF36
 790 0383 64020000 		.4byte	.LASF36
 791 0387 04       		.byte	0x4
 792 0388 6C       		.byte	0x6c
 793 0389 1F       		.uleb128 0x1f
 794 038a 0D000000 		.4byte	.LASF37
 795 038e 0D000000 		.4byte	.LASF37
 796 0392 04       		.byte	0x4
 797 0393 D0       		.byte	0xd0
 798 0394 1F       		.uleb128 0x1f
 799 0395 04010000 		.4byte	.LASF38
 800 0399 04010000 		.4byte	.LASF38
 801 039d 04       		.byte	0x4
 802 039e D6       		.byte	0xd6
 803 039f 00       		.byte	0
 804              		.section	.debug_abbrev,"",%progbits
 805              	.Ldebug_abbrev0:
 806 0000 01       		.uleb128 0x1
 807 0001 11       		.uleb128 0x11
 808 0002 01       		.byte	0x1
 809 0003 25       		.uleb128 0x25
 810 0004 0E       		.uleb128 0xe
 811 0005 13       		.uleb128 0x13
 812 0006 0B       		.uleb128 0xb
 813 0007 03       		.uleb128 0x3
 814 0008 0E       		.uleb128 0xe
 815 0009 1B       		.uleb128 0x1b
 816 000a 0E       		.uleb128 0xe
 817 000b 55       		.uleb128 0x55
 818 000c 17       		.uleb128 0x17
 819 000d 11       		.uleb128 0x11
 820 000e 01       		.uleb128 0x1
 821 000f 10       		.uleb128 0x10
 822 0010 17       		.uleb128 0x17
 823 0011 00       		.byte	0
 824 0012 00       		.byte	0
 825 0013 02       		.uleb128 0x2
 826 0014 24       		.uleb128 0x24
 827 0015 00       		.byte	0
 828 0016 0B       		.uleb128 0xb
 829 0017 0B       		.uleb128 0xb
 830 0018 3E       		.uleb128 0x3e
 831 0019 0B       		.uleb128 0xb
 832 001a 03       		.uleb128 0x3
 833 001b 08       		.uleb128 0x8
 834 001c 00       		.byte	0
 835 001d 00       		.byte	0
 836 001e 03       		.uleb128 0x3
 837 001f 16       		.uleb128 0x16
 838 0020 00       		.byte	0
 839 0021 03       		.uleb128 0x3
 840 0022 0E       		.uleb128 0xe
ARM GAS  C:\Users\Henrique\AppData\Local\Temp\ccztARV0.s 			page 22


 841 0023 3A       		.uleb128 0x3a
 842 0024 0B       		.uleb128 0xb
 843 0025 3B       		.uleb128 0x3b
 844 0026 0B       		.uleb128 0xb
 845 0027 49       		.uleb128 0x49
 846 0028 13       		.uleb128 0x13
 847 0029 00       		.byte	0
 848 002a 00       		.byte	0
 849 002b 04       		.uleb128 0x4
 850 002c 24       		.uleb128 0x24
 851 002d 00       		.byte	0
 852 002e 0B       		.uleb128 0xb
 853 002f 0B       		.uleb128 0xb
 854 0030 3E       		.uleb128 0x3e
 855 0031 0B       		.uleb128 0xb
 856 0032 03       		.uleb128 0x3
 857 0033 0E       		.uleb128 0xe
 858 0034 00       		.byte	0
 859 0035 00       		.byte	0
 860 0036 05       		.uleb128 0x5
 861 0037 0F       		.uleb128 0xf
 862 0038 00       		.byte	0
 863 0039 0B       		.uleb128 0xb
 864 003a 0B       		.uleb128 0xb
 865 003b 00       		.byte	0
 866 003c 00       		.byte	0
 867 003d 06       		.uleb128 0x6
 868 003e 16       		.uleb128 0x16
 869 003f 00       		.byte	0
 870 0040 03       		.uleb128 0x3
 871 0041 0E       		.uleb128 0xe
 872 0042 3A       		.uleb128 0x3a
 873 0043 0B       		.uleb128 0xb
 874 0044 3B       		.uleb128 0x3b
 875 0045 05       		.uleb128 0x5
 876 0046 49       		.uleb128 0x49
 877 0047 13       		.uleb128 0x13
 878 0048 00       		.byte	0
 879 0049 00       		.byte	0
 880 004a 07       		.uleb128 0x7
 881 004b 35       		.uleb128 0x35
 882 004c 00       		.byte	0
 883 004d 49       		.uleb128 0x49
 884 004e 13       		.uleb128 0x13
 885 004f 00       		.byte	0
 886 0050 00       		.byte	0
 887 0051 08       		.uleb128 0x8
 888 0052 13       		.uleb128 0x13
 889 0053 01       		.byte	0x1
 890 0054 0B       		.uleb128 0xb
 891 0055 0B       		.uleb128 0xb
 892 0056 3A       		.uleb128 0x3a
 893 0057 0B       		.uleb128 0xb
 894 0058 3B       		.uleb128 0x3b
 895 0059 0B       		.uleb128 0xb
 896 005a 01       		.uleb128 0x1
 897 005b 13       		.uleb128 0x13
ARM GAS  C:\Users\Henrique\AppData\Local\Temp\ccztARV0.s 			page 23


 898 005c 00       		.byte	0
 899 005d 00       		.byte	0
 900 005e 09       		.uleb128 0x9
 901 005f 0D       		.uleb128 0xd
 902 0060 00       		.byte	0
 903 0061 03       		.uleb128 0x3
 904 0062 0E       		.uleb128 0xe
 905 0063 3A       		.uleb128 0x3a
 906 0064 0B       		.uleb128 0xb
 907 0065 3B       		.uleb128 0x3b
 908 0066 0B       		.uleb128 0xb
 909 0067 49       		.uleb128 0x49
 910 0068 13       		.uleb128 0x13
 911 0069 38       		.uleb128 0x38
 912 006a 0B       		.uleb128 0xb
 913 006b 00       		.byte	0
 914 006c 00       		.byte	0
 915 006d 0A       		.uleb128 0xa
 916 006e 2E       		.uleb128 0x2e
 917 006f 01       		.byte	0x1
 918 0070 03       		.uleb128 0x3
 919 0071 0E       		.uleb128 0xe
 920 0072 3A       		.uleb128 0x3a
 921 0073 0B       		.uleb128 0xb
 922 0074 3B       		.uleb128 0x3b
 923 0075 0B       		.uleb128 0xb
 924 0076 27       		.uleb128 0x27
 925 0077 19       		.uleb128 0x19
 926 0078 11       		.uleb128 0x11
 927 0079 01       		.uleb128 0x1
 928 007a 12       		.uleb128 0x12
 929 007b 06       		.uleb128 0x6
 930 007c 40       		.uleb128 0x40
 931 007d 18       		.uleb128 0x18
 932 007e 9742     		.uleb128 0x2117
 933 0080 19       		.uleb128 0x19
 934 0081 01       		.uleb128 0x1
 935 0082 13       		.uleb128 0x13
 936 0083 00       		.byte	0
 937 0084 00       		.byte	0
 938 0085 0B       		.uleb128 0xb
 939 0086 05       		.uleb128 0x5
 940 0087 00       		.byte	0
 941 0088 03       		.uleb128 0x3
 942 0089 0E       		.uleb128 0xe
 943 008a 3A       		.uleb128 0x3a
 944 008b 0B       		.uleb128 0xb
 945 008c 3B       		.uleb128 0x3b
 946 008d 0B       		.uleb128 0xb
 947 008e 49       		.uleb128 0x49
 948 008f 13       		.uleb128 0x13
 949 0090 02       		.uleb128 0x2
 950 0091 18       		.uleb128 0x18
 951 0092 00       		.byte	0
 952 0093 00       		.byte	0
 953 0094 0C       		.uleb128 0xc
 954 0095 34       		.uleb128 0x34
ARM GAS  C:\Users\Henrique\AppData\Local\Temp\ccztARV0.s 			page 24


 955 0096 00       		.byte	0
 956 0097 03       		.uleb128 0x3
 957 0098 08       		.uleb128 0x8
 958 0099 3A       		.uleb128 0x3a
 959 009a 0B       		.uleb128 0xb
 960 009b 3B       		.uleb128 0x3b
 961 009c 0B       		.uleb128 0xb
 962 009d 49       		.uleb128 0x49
 963 009e 13       		.uleb128 0x13
 964 009f 02       		.uleb128 0x2
 965 00a0 17       		.uleb128 0x17
 966 00a1 00       		.byte	0
 967 00a2 00       		.byte	0
 968 00a3 0D       		.uleb128 0xd
 969 00a4 0B       		.uleb128 0xb
 970 00a5 01       		.byte	0x1
 971 00a6 11       		.uleb128 0x11
 972 00a7 01       		.uleb128 0x1
 973 00a8 12       		.uleb128 0x12
 974 00a9 06       		.uleb128 0x6
 975 00aa 00       		.byte	0
 976 00ab 00       		.byte	0
 977 00ac 0E       		.uleb128 0xe
 978 00ad 34       		.uleb128 0x34
 979 00ae 00       		.byte	0
 980 00af 03       		.uleb128 0x3
 981 00b0 0E       		.uleb128 0xe
 982 00b1 3A       		.uleb128 0x3a
 983 00b2 0B       		.uleb128 0xb
 984 00b3 3B       		.uleb128 0x3b
 985 00b4 0B       		.uleb128 0xb
 986 00b5 49       		.uleb128 0x49
 987 00b6 13       		.uleb128 0x13
 988 00b7 02       		.uleb128 0x2
 989 00b8 17       		.uleb128 0x17
 990 00b9 00       		.byte	0
 991 00ba 00       		.byte	0
 992 00bb 0F       		.uleb128 0xf
 993 00bc 0F       		.uleb128 0xf
 994 00bd 00       		.byte	0
 995 00be 0B       		.uleb128 0xb
 996 00bf 0B       		.uleb128 0xb
 997 00c0 49       		.uleb128 0x49
 998 00c1 13       		.uleb128 0x13
 999 00c2 00       		.byte	0
 1000 00c3 00       		.byte	0
 1001 00c4 10       		.uleb128 0x10
 1002 00c5 26       		.uleb128 0x26
 1003 00c6 00       		.byte	0
 1004 00c7 49       		.uleb128 0x49
 1005 00c8 13       		.uleb128 0x13
 1006 00c9 00       		.byte	0
 1007 00ca 00       		.byte	0
 1008 00cb 11       		.uleb128 0x11
 1009 00cc 05       		.uleb128 0x5
 1010 00cd 00       		.byte	0
 1011 00ce 03       		.uleb128 0x3
ARM GAS  C:\Users\Henrique\AppData\Local\Temp\ccztARV0.s 			page 25


 1012 00cf 08       		.uleb128 0x8
 1013 00d0 3A       		.uleb128 0x3a
 1014 00d1 0B       		.uleb128 0xb
 1015 00d2 3B       		.uleb128 0x3b
 1016 00d3 0B       		.uleb128 0xb
 1017 00d4 49       		.uleb128 0x49
 1018 00d5 13       		.uleb128 0x13
 1019 00d6 02       		.uleb128 0x2
 1020 00d7 17       		.uleb128 0x17
 1021 00d8 00       		.byte	0
 1022 00d9 00       		.byte	0
 1023 00da 12       		.uleb128 0x12
 1024 00db 898201   		.uleb128 0x4109
 1025 00de 01       		.byte	0x1
 1026 00df 11       		.uleb128 0x11
 1027 00e0 01       		.uleb128 0x1
 1028 00e1 31       		.uleb128 0x31
 1029 00e2 13       		.uleb128 0x13
 1030 00e3 00       		.byte	0
 1031 00e4 00       		.byte	0
 1032 00e5 13       		.uleb128 0x13
 1033 00e6 8A8201   		.uleb128 0x410a
 1034 00e9 00       		.byte	0
 1035 00ea 02       		.uleb128 0x2
 1036 00eb 18       		.uleb128 0x18
 1037 00ec 9142     		.uleb128 0x2111
 1038 00ee 18       		.uleb128 0x18
 1039 00ef 00       		.byte	0
 1040 00f0 00       		.byte	0
 1041 00f1 14       		.uleb128 0x14
 1042 00f2 898201   		.uleb128 0x4109
 1043 00f5 01       		.byte	0x1
 1044 00f6 11       		.uleb128 0x11
 1045 00f7 01       		.uleb128 0x1
 1046 00f8 31       		.uleb128 0x31
 1047 00f9 13       		.uleb128 0x13
 1048 00fa 01       		.uleb128 0x1
 1049 00fb 13       		.uleb128 0x13
 1050 00fc 00       		.byte	0
 1051 00fd 00       		.byte	0
 1052 00fe 15       		.uleb128 0x15
 1053 00ff 2E       		.uleb128 0x2e
 1054 0100 01       		.byte	0x1
 1055 0101 3F       		.uleb128 0x3f
 1056 0102 19       		.uleb128 0x19
 1057 0103 03       		.uleb128 0x3
 1058 0104 0E       		.uleb128 0xe
 1059 0105 3A       		.uleb128 0x3a
 1060 0106 0B       		.uleb128 0xb
 1061 0107 3B       		.uleb128 0x3b
 1062 0108 05       		.uleb128 0x5
 1063 0109 27       		.uleb128 0x27
 1064 010a 19       		.uleb128 0x19
 1065 010b 11       		.uleb128 0x11
 1066 010c 01       		.uleb128 0x1
 1067 010d 12       		.uleb128 0x12
 1068 010e 06       		.uleb128 0x6
ARM GAS  C:\Users\Henrique\AppData\Local\Temp\ccztARV0.s 			page 26


 1069 010f 40       		.uleb128 0x40
 1070 0110 18       		.uleb128 0x18
 1071 0111 9742     		.uleb128 0x2117
 1072 0113 19       		.uleb128 0x19
 1073 0114 01       		.uleb128 0x1
 1074 0115 13       		.uleb128 0x13
 1075 0116 00       		.byte	0
 1076 0117 00       		.byte	0
 1077 0118 16       		.uleb128 0x16
 1078 0119 0B       		.uleb128 0xb
 1079 011a 01       		.byte	0x1
 1080 011b 11       		.uleb128 0x11
 1081 011c 01       		.uleb128 0x1
 1082 011d 12       		.uleb128 0x12
 1083 011e 06       		.uleb128 0x6
 1084 011f 01       		.uleb128 0x1
 1085 0120 13       		.uleb128 0x13
 1086 0121 00       		.byte	0
 1087 0122 00       		.byte	0
 1088 0123 17       		.uleb128 0x17
 1089 0124 34       		.uleb128 0x34
 1090 0125 00       		.byte	0
 1091 0126 03       		.uleb128 0x3
 1092 0127 0E       		.uleb128 0xe
 1093 0128 3A       		.uleb128 0x3a
 1094 0129 0B       		.uleb128 0xb
 1095 012a 3B       		.uleb128 0x3b
 1096 012b 05       		.uleb128 0x5
 1097 012c 49       		.uleb128 0x49
 1098 012d 13       		.uleb128 0x13
 1099 012e 02       		.uleb128 0x2
 1100 012f 18       		.uleb128 0x18
 1101 0130 00       		.byte	0
 1102 0131 00       		.byte	0
 1103 0132 18       		.uleb128 0x18
 1104 0133 13       		.uleb128 0x13
 1105 0134 01       		.byte	0x1
 1106 0135 0B       		.uleb128 0xb
 1107 0136 0B       		.uleb128 0xb
 1108 0137 3A       		.uleb128 0x3a
 1109 0138 0B       		.uleb128 0xb
 1110 0139 3B       		.uleb128 0x3b
 1111 013a 05       		.uleb128 0x5
 1112 013b 01       		.uleb128 0x1
 1113 013c 13       		.uleb128 0x13
 1114 013d 00       		.byte	0
 1115 013e 00       		.byte	0
 1116 013f 19       		.uleb128 0x19
 1117 0140 0D       		.uleb128 0xd
 1118 0141 00       		.byte	0
 1119 0142 03       		.uleb128 0x3
 1120 0143 0E       		.uleb128 0xe
 1121 0144 3A       		.uleb128 0x3a
 1122 0145 0B       		.uleb128 0xb
 1123 0146 3B       		.uleb128 0x3b
 1124 0147 05       		.uleb128 0x5
 1125 0148 49       		.uleb128 0x49
ARM GAS  C:\Users\Henrique\AppData\Local\Temp\ccztARV0.s 			page 27


 1126 0149 13       		.uleb128 0x13
 1127 014a 38       		.uleb128 0x38
 1128 014b 0B       		.uleb128 0xb
 1129 014c 00       		.byte	0
 1130 014d 00       		.byte	0
 1131 014e 1A       		.uleb128 0x1a
 1132 014f 01       		.uleb128 0x1
 1133 0150 01       		.byte	0x1
 1134 0151 49       		.uleb128 0x49
 1135 0152 13       		.uleb128 0x13
 1136 0153 01       		.uleb128 0x1
 1137 0154 13       		.uleb128 0x13
 1138 0155 00       		.byte	0
 1139 0156 00       		.byte	0
 1140 0157 1B       		.uleb128 0x1b
 1141 0158 21       		.uleb128 0x21
 1142 0159 00       		.byte	0
 1143 015a 49       		.uleb128 0x49
 1144 015b 13       		.uleb128 0x13
 1145 015c 2F       		.uleb128 0x2f
 1146 015d 0B       		.uleb128 0xb
 1147 015e 00       		.byte	0
 1148 015f 00       		.byte	0
 1149 0160 1C       		.uleb128 0x1c
 1150 0161 34       		.uleb128 0x34
 1151 0162 00       		.byte	0
 1152 0163 03       		.uleb128 0x3
 1153 0164 08       		.uleb128 0x8
 1154 0165 3A       		.uleb128 0x3a
 1155 0166 0B       		.uleb128 0xb
 1156 0167 3B       		.uleb128 0x3b
 1157 0168 05       		.uleb128 0x5
 1158 0169 49       		.uleb128 0x49
 1159 016a 13       		.uleb128 0x13
 1160 016b 02       		.uleb128 0x2
 1161 016c 17       		.uleb128 0x17
 1162 016d 00       		.byte	0
 1163 016e 00       		.byte	0
 1164 016f 1D       		.uleb128 0x1d
 1165 0170 898201   		.uleb128 0x4109
 1166 0173 00       		.byte	0
 1167 0174 11       		.uleb128 0x11
 1168 0175 01       		.uleb128 0x1
 1169 0176 31       		.uleb128 0x31
 1170 0177 13       		.uleb128 0x13
 1171 0178 00       		.byte	0
 1172 0179 00       		.byte	0
 1173 017a 1E       		.uleb128 0x1e
 1174 017b 2E       		.uleb128 0x2e
 1175 017c 00       		.byte	0
 1176 017d 3F       		.uleb128 0x3f
 1177 017e 19       		.uleb128 0x19
 1178 017f 3C       		.uleb128 0x3c
 1179 0180 19       		.uleb128 0x19
 1180 0181 6E       		.uleb128 0x6e
 1181 0182 0E       		.uleb128 0xe
 1182 0183 03       		.uleb128 0x3
ARM GAS  C:\Users\Henrique\AppData\Local\Temp\ccztARV0.s 			page 28


 1183 0184 0E       		.uleb128 0xe
 1184 0185 00       		.byte	0
 1185 0186 00       		.byte	0
 1186 0187 1F       		.uleb128 0x1f
 1187 0188 2E       		.uleb128 0x2e
 1188 0189 00       		.byte	0
 1189 018a 3F       		.uleb128 0x3f
 1190 018b 19       		.uleb128 0x19
 1191 018c 3C       		.uleb128 0x3c
 1192 018d 19       		.uleb128 0x19
 1193 018e 6E       		.uleb128 0x6e
 1194 018f 0E       		.uleb128 0xe
 1195 0190 03       		.uleb128 0x3
 1196 0191 0E       		.uleb128 0xe
 1197 0192 3A       		.uleb128 0x3a
 1198 0193 0B       		.uleb128 0xb
 1199 0194 3B       		.uleb128 0x3b
 1200 0195 0B       		.uleb128 0xb
 1201 0196 00       		.byte	0
 1202 0197 00       		.byte	0
 1203 0198 00       		.byte	0
 1204              		.section	.debug_loc,"",%progbits
 1205              	.Ldebug_loc0:
 1206              	.LLST0:
 1207 0000 02000000 		.4byte	.LVL1
 1208 0004 08000000 		.4byte	.LVL2
 1209 0008 0200     		.2byte	0x2
 1210 000a 30       		.byte	0x30
 1211 000b 9F       		.byte	0x9f
 1212 000c 08000000 		.4byte	.LVL2
 1213 0010 30000000 		.4byte	.LVL11
 1214 0014 0100     		.2byte	0x1
 1215 0016 57       		.byte	0x57
 1216 0017 00000000 		.4byte	0
 1217 001b 00000000 		.4byte	0
 1218              	.LLST1:
 1219 001f 02000000 		.4byte	.LVL1
 1220 0023 08000000 		.4byte	.LVL2
 1221 0027 0200     		.2byte	0x2
 1222 0029 30       		.byte	0x30
 1223 002a 9F       		.byte	0x9f
 1224 002b 08000000 		.4byte	.LVL2
 1225 002f 30000000 		.4byte	.LVL10
 1226 0033 0100     		.2byte	0x1
 1227 0035 55       		.byte	0x55
 1228 0036 00000000 		.4byte	0
 1229 003a 00000000 		.4byte	0
 1230              	.LLST2:
 1231 003e 0C000000 		.4byte	.LVL3
 1232 0042 2C000000 		.4byte	.LVL9
 1233 0046 0100     		.2byte	0x1
 1234 0048 56       		.byte	0x56
 1235 0049 00000000 		.4byte	0
 1236 004d 00000000 		.4byte	0
 1237              	.LLST3:
 1238 0051 0E000000 		.4byte	.LVL4
 1239 0055 24000000 		.4byte	.LVL7
ARM GAS  C:\Users\Henrique\AppData\Local\Temp\ccztARV0.s 			page 29


 1240 0059 0100     		.2byte	0x1
 1241 005b 53       		.byte	0x53
 1242 005c 26000000 		.4byte	.LVL8
 1243 0060 2C000000 		.4byte	.LVL9
 1244 0064 0100     		.2byte	0x1
 1245 0066 53       		.byte	0x53
 1246 0067 00000000 		.4byte	0
 1247 006b 00000000 		.4byte	0
 1248              	.LLST4:
 1249 006f 00000000 		.4byte	.LVL12
 1250 0073 09000000 		.4byte	.LVL14-1
 1251 0077 0100     		.2byte	0x1
 1252 0079 50       		.byte	0x50
 1253 007a 09000000 		.4byte	.LVL14-1
 1254 007e 0C000000 		.4byte	.LFE0
 1255 0082 0400     		.2byte	0x4
 1256 0084 F3       		.byte	0xf3
 1257 0085 01       		.uleb128 0x1
 1258 0086 50       		.byte	0x50
 1259 0087 9F       		.byte	0x9f
 1260 0088 00000000 		.4byte	0
 1261 008c 00000000 		.4byte	0
 1262              	.LLST5:
 1263 0090 00000000 		.4byte	.LVL12
 1264 0094 06000000 		.4byte	.LVL13
 1265 0098 0100     		.2byte	0x1
 1266 009a 51       		.byte	0x51
 1267 009b 06000000 		.4byte	.LVL13
 1268 009f 09000000 		.4byte	.LVL14-1
 1269 00a3 0100     		.2byte	0x1
 1270 00a5 52       		.byte	0x52
 1271 00a6 09000000 		.4byte	.LVL14-1
 1272 00aa 0C000000 		.4byte	.LFE0
 1273 00ae 0400     		.2byte	0x4
 1274 00b0 F3       		.byte	0xf3
 1275 00b1 01       		.uleb128 0x1
 1276 00b2 51       		.byte	0x51
 1277 00b3 9F       		.byte	0x9f
 1278 00b4 00000000 		.4byte	0
 1279 00b8 00000000 		.4byte	0
 1280              	.LLST6:
 1281 00bc 60000000 		.4byte	.LVL18
 1282 00c0 64000000 		.4byte	.LVL19
 1283 00c4 0200     		.2byte	0x2
 1284 00c6 30       		.byte	0x30
 1285 00c7 9F       		.byte	0x9f
 1286 00c8 64000000 		.4byte	.LVL19
 1287 00cc 82000000 		.4byte	.LVL21
 1288 00d0 0100     		.2byte	0x1
 1289 00d2 54       		.byte	0x54
 1290 00d3 84000000 		.4byte	.LVL22
 1291 00d7 DA000000 		.4byte	.LVL25
 1292 00db 0100     		.2byte	0x1
 1293 00dd 54       		.byte	0x54
 1294 00de 00000000 		.4byte	0
 1295 00e2 00000000 		.4byte	0
 1296              	.LLST7:
ARM GAS  C:\Users\Henrique\AppData\Local\Temp\ccztARV0.s 			page 30


 1297 00e6 64000000 		.4byte	.LVL19
 1298 00ea 82000000 		.4byte	.LVL21
 1299 00ee 0B00     		.2byte	0xb
 1300 00f0 74       		.byte	0x74
 1301 00f1 00       		.sleb128 0
 1302 00f2 36       		.byte	0x36
 1303 00f3 1E       		.byte	0x1e
 1304 00f4 03       		.byte	0x3
 1305 00f5 00000000 		.4byte	cfg_memset_list.4870
 1306 00f9 22       		.byte	0x22
 1307 00fa 9F       		.byte	0x9f
 1308 00fb 82000000 		.4byte	.LVL21
 1309 00ff 84000000 		.4byte	.LVL22
 1310 0103 0B00     		.2byte	0xb
 1311 0105 74       		.byte	0x74
 1312 0106 7F       		.sleb128 -1
 1313 0107 36       		.byte	0x36
 1314 0108 1E       		.byte	0x1e
 1315 0109 03       		.byte	0x3
 1316 010a 00000000 		.4byte	cfg_memset_list.4870
 1317 010e 22       		.byte	0x22
 1318 010f 9F       		.byte	0x9f
 1319 0110 00000000 		.4byte	0
 1320 0114 00000000 		.4byte	0
 1321              		.section	.debug_aranges,"",%progbits
 1322 0000 34000000 		.4byte	0x34
 1323 0004 0200     		.2byte	0x2
 1324 0006 00000000 		.4byte	.Ldebug_info0
 1325 000a 04       		.byte	0x4
 1326 000b 00       		.byte	0
 1327 000c 0000     		.2byte	0
 1328 000e 0000     		.2byte	0
 1329 0010 00000000 		.4byte	.LFB3
 1330 0014 32000000 		.4byte	.LFE3-.LFB3
 1331 0018 00000000 		.4byte	.LFB0
 1332 001c 0C000000 		.4byte	.LFE0-.LFB0
 1333 0020 00000000 		.4byte	.LFB4
 1334 0024 5C000000 		.4byte	.LFE4-.LFB4
 1335 0028 5C000000 		.4byte	.LFB6
 1336 002c A8000000 		.4byte	.LFE6-.LFB6
 1337 0030 00000000 		.4byte	0
 1338 0034 00000000 		.4byte	0
 1339              		.section	.debug_ranges,"",%progbits
 1340              	.Ldebug_ranges0:
 1341 0000 00000000 		.4byte	.LFB3
 1342 0004 32000000 		.4byte	.LFE3
 1343 0008 00000000 		.4byte	.LFB0
 1344 000c 0C000000 		.4byte	.LFE0
 1345 0010 00000000 		.4byte	.LFB4
 1346 0014 5C000000 		.4byte	.LFE4
 1347 0018 5C000000 		.4byte	.LFB6
 1348 001c 04010000 		.4byte	.LFE6
 1349 0020 00000000 		.4byte	0
 1350 0024 00000000 		.4byte	0
 1351              		.section	.debug_line,"",%progbits
 1352              	.Ldebug_line0:
 1353 0000 55010000 		.section	.debug_str,"MS",%progbits,1
ARM GAS  C:\Users\Henrique\AppData\Local\Temp\ccztARV0.s 			page 31


 1353      0200D600 
 1353      00000201 
 1353      FB0E0D00 
 1353      01010101 
 1354              	.LASF19:
 1355 0000 72656733 		.ascii	"reg32\000"
 1355      3200
 1356              	.LASF12:
 1357 0006 73697A65 		.ascii	"size_t\000"
 1357      5F7400
 1358              	.LASF37:
 1359 000d 4379496E 		.ascii	"CyIntSetVector\000"
 1359      74536574 
 1359      56656374 
 1359      6F7200
 1360              	.LASF21:
 1361 001c 76616C75 		.ascii	"value\000"
 1361      6500
 1362              	.LASF26:
 1363 0022 636F756E 		.ascii	"count\000"
 1363      7400
 1364              	.LASF29:
 1365 0028 436C6F63 		.ascii	"ClockSetup\000"
 1365      6B536574 
 1365      757000
 1366              	.LASF41:
 1367 0033 433A5C55 		.ascii	"C:\\Users\\Henrique\\Documents\\PSoC Creator\\LAB 8"
 1367      73657273 
 1367      5C48656E 
 1367      72697175 
 1367      655C446F 
 1368 0061 5C335F31 		.ascii	"\\3_1\\3_1.cydsn\000"
 1368      5C335F31 
 1368      2E637964 
 1368      736E00
 1369              	.LASF30:
 1370 0070 63795F63 		.ascii	"cy_cfg_addr_table\000"
 1370      66675F61 
 1370      6464725F 
 1370      7461626C 
 1370      6500
 1371              	.LASF31:
 1372 0082 63795F63 		.ascii	"cy_cfg_data_table\000"
 1372      66675F64 
 1372      6174615F 
 1372      7461626C 
 1372      6500
 1373              	.LASF16:
 1374 0094 666C6F61 		.ascii	"float\000"
 1374      7400
 1375              	.LASF35:
 1376 009a 6366675F 		.ascii	"cfg_memset_list\000"
 1376      6D656D73 
 1376      65745F6C 
 1376      69737400 
 1377              	.LASF33:
 1378 00aa 73697A65 		.ascii	"size\000"
ARM GAS  C:\Users\Henrique\AppData\Local\Temp\ccztARV0.s 			page 32


 1378      00
 1379              	.LASF18:
 1380 00af 72656738 		.ascii	"reg8\000"
 1380      00
 1381              	.LASF8:
 1382 00b4 6C6F6E67 		.ascii	"long unsigned int\000"
 1382      20756E73 
 1382      69676E65 
 1382      6420696E 
 1382      7400
 1383              	.LASF13:
 1384 00c6 75696E74 		.ascii	"uint8\000"
 1384      3800
 1385              	.LASF28:
 1386 00cc 43594D45 		.ascii	"CYMEMZERO\000"
 1386      4D5A4552 
 1386      4F00
 1387              	.LASF4:
 1388 00d6 756E7369 		.ascii	"unsigned char\000"
 1388      676E6564 
 1388      20636861 
 1388      7200
 1389              	.LASF43:
 1390 00e4 6D656D73 		.ascii	"memset\000"
 1390      657400
 1391              	.LASF17:
 1392 00eb 646F7562 		.ascii	"double\000"
 1392      6C6500
 1393              	.LASF27:
 1394 00f2 6366675F 		.ascii	"cfg_write_bytes32\000"
 1394      77726974 
 1394      655F6279 
 1394      74657333 
 1394      3200
 1395              	.LASF38:
 1396 0104 4379496E 		.ascii	"CyIntEnable\000"
 1396      74456E61 
 1396      626C6500 
 1397              	.LASF23:
 1398 0110 61646472 		.ascii	"addr_table\000"
 1398      5F746162 
 1398      6C6500
 1399              	.LASF14:
 1400 011b 75696E74 		.ascii	"uint16\000"
 1400      313600
 1401              	.LASF24:
 1402 0122 64617461 		.ascii	"data_table\000"
 1402      5F746162 
 1402      6C6500
 1403              	.LASF15:
 1404 012d 75696E74 		.ascii	"uint32\000"
 1404      333200
 1405              	.LASF0:
 1406 0134 756E7369 		.ascii	"unsigned int\000"
 1406      676E6564 
 1406      20696E74 
 1406      00
ARM GAS  C:\Users\Henrique\AppData\Local\Temp\ccztARV0.s 			page 33


 1407              	.LASF42:
 1408 0141 63796669 		.ascii	"cyfitter_cfg\000"
 1408      74746572 
 1408      5F636667 
 1408      00
 1409              	.LASF32:
 1410 014e 61646472 		.ascii	"address\000"
 1410      65737300 
 1411              	.LASF9:
 1412 0156 6C6F6E67 		.ascii	"long long unsigned int\000"
 1412      206C6F6E 
 1412      6720756E 
 1412      7369676E 
 1412      65642069 
 1413              	.LASF39:
 1414 016d 474E5520 		.ascii	"GNU C11 5.4.1 20160609 (release) [ARM/embedded-5-br"
 1414      43313120 
 1414      352E342E 
 1414      31203230 
 1414      31363036 
 1415 01a0 616E6368 		.ascii	"anch revision 237715] -mcpu=cortex-m0 -mthumb -g -O"
 1415      20726576 
 1415      6973696F 
 1415      6E203233 
 1415      37373135 
 1416 01d3 67202D66 		.ascii	"g -ffunction-sections -ffat-lto-objects\000"
 1416      66756E63 
 1416      74696F6E 
 1416      2D736563 
 1416      74696F6E 
 1417              	.LASF34:
 1418 01fb 6366675F 		.ascii	"cfg_memset_t\000"
 1418      6D656D73 
 1418      65745F74 
 1418      00
 1419              	.LASF25:
 1420 0208 62617365 		.ascii	"baseAddr\000"
 1420      41646472 
 1420      00
 1421              	.LASF10:
 1422 0211 73697A65 		.ascii	"sizetype\000"
 1422      74797065 
 1422      00
 1423              	.LASF6:
 1424 021a 73686F72 		.ascii	"short unsigned int\000"
 1424      7420756E 
 1424      7369676E 
 1424      65642069 
 1424      6E7400
 1425              	.LASF1:
 1426 022d 6C6F6E67 		.ascii	"long long int\000"
 1426      206C6F6E 
 1426      6720696E 
 1426      7400
 1427              	.LASF11:
 1428 023b 63686172 		.ascii	"char\000"
 1428      00
ARM GAS  C:\Users\Henrique\AppData\Local\Temp\ccztARV0.s 			page 34


 1429              	.LASF22:
 1430 0240 63795F63 		.ascii	"cy_cfg_addrvalue_t\000"
 1430      66675F61 
 1430      64647276 
 1430      616C7565 
 1430      5F7400
 1431              	.LASF20:
 1432 0253 6F666673 		.ascii	"offset\000"
 1432      657400
 1433              	.LASF5:
 1434 025a 73686F72 		.ascii	"short int\000"
 1434      7420696E 
 1434      7400
 1435              	.LASF36:
 1436 0264 43795379 		.ascii	"CySysClkWriteImoFreq\000"
 1436      73436C6B 
 1436      57726974 
 1436      65496D6F 
 1436      46726571 
 1437              	.LASF7:
 1438 0279 6C6F6E67 		.ascii	"long int\000"
 1438      20696E74 
 1438      00
 1439              	.LASF2:
 1440 0282 6C6F6E67 		.ascii	"long double\000"
 1440      20646F75 
 1440      626C6500 
 1441              	.LASF3:
 1442 028e 7369676E 		.ascii	"signed char\000"
 1442      65642063 
 1442      68617200 
 1443              	.LASF40:
 1444 029a 47656E65 		.ascii	"Generated_Source\\PSoC4\\cyfitter_cfg.c\000"
 1444      72617465 
 1444      645F536F 
 1444      75726365 
 1444      5C50536F 
 1445              		.ident	"GCC: (GNU Tools for ARM Embedded Processors) 5.4.1 20160609 (release) [ARM/embedded-5-bran
