ARM GAS  C:\Users\Henrique\AppData\Local\Temp\ccU4M1lB.s 			page 1


   1              		.syntax unified
   2              		.cpu cortex-m0
   3              		.fpu softvfp
   4              		.eabi_attribute 20, 1
   5              		.eabi_attribute 21, 1
   6              		.eabi_attribute 23, 3
   7              		.eabi_attribute 24, 1
   8              		.eabi_attribute 25, 1
   9              		.eabi_attribute 26, 1
  10              		.eabi_attribute 30, 1
  11              		.eabi_attribute 34, 0
  12              		.eabi_attribute 18, 4
  13              		.thumb
  14              		.syntax unified
  15              		.file	"cyfitter_cfg.c"
  16              		.text
  17              	.Ltext0:
  18              		.cfi_sections	.debug_frame
  19              		.section	.text.cfg_write_bytes32,"ax",%progbits
  20              		.align	2
  21              		.code	16
  22              		.thumb_func
  23              		.type	cfg_write_bytes32, %function
  24              	cfg_write_bytes32:
  25              	.LFB3:
  26              		.file 1 "Generated_Source\\PSoC4\\cyfitter_cfg.c"
   1:Generated_Source\PSoC4/cyfitter_cfg.c **** 
   2:Generated_Source\PSoC4/cyfitter_cfg.c **** /*******************************************************************************
   3:Generated_Source\PSoC4/cyfitter_cfg.c **** * File Name: cyfitter_cfg.c
   4:Generated_Source\PSoC4/cyfitter_cfg.c **** * 
   5:Generated_Source\PSoC4/cyfitter_cfg.c **** * PSoC Creator  4.4
   6:Generated_Source\PSoC4/cyfitter_cfg.c **** *
   7:Generated_Source\PSoC4/cyfitter_cfg.c **** * Description:
   8:Generated_Source\PSoC4/cyfitter_cfg.c **** * This file contains device initialization code.
   9:Generated_Source\PSoC4/cyfitter_cfg.c **** * Except for the user defined sections in CyClockStartupError(), this file should not be modified.
  10:Generated_Source\PSoC4/cyfitter_cfg.c **** * This file is automatically generated by PSoC Creator.
  11:Generated_Source\PSoC4/cyfitter_cfg.c **** *
  12:Generated_Source\PSoC4/cyfitter_cfg.c **** ********************************************************************************
  13:Generated_Source\PSoC4/cyfitter_cfg.c **** * Copyright (c) 2007-2020 Cypress Semiconductor.  All rights reserved.
  14:Generated_Source\PSoC4/cyfitter_cfg.c **** * You may use this file only in accordance with the license, terms, conditions, 
  15:Generated_Source\PSoC4/cyfitter_cfg.c **** * disclaimers, and limitations in the end user license agreement accompanying 
  16:Generated_Source\PSoC4/cyfitter_cfg.c **** * the software package with which this file was provided.
  17:Generated_Source\PSoC4/cyfitter_cfg.c **** ********************************************************************************/
  18:Generated_Source\PSoC4/cyfitter_cfg.c **** 
  19:Generated_Source\PSoC4/cyfitter_cfg.c **** #include <string.h>
  20:Generated_Source\PSoC4/cyfitter_cfg.c **** #include "cytypes.h"
  21:Generated_Source\PSoC4/cyfitter_cfg.c **** #include "cydevice_trm.h"
  22:Generated_Source\PSoC4/cyfitter_cfg.c **** #include "cyfitter.h"
  23:Generated_Source\PSoC4/cyfitter_cfg.c **** #include "CyLib.h"
  24:Generated_Source\PSoC4/cyfitter_cfg.c **** #include "CyLFClk.h"
  25:Generated_Source\PSoC4/cyfitter_cfg.c **** #include "cyfitter_cfg.h"
  26:Generated_Source\PSoC4/cyfitter_cfg.c **** #include "cyapicallbacks.h"
  27:Generated_Source\PSoC4/cyfitter_cfg.c **** 
  28:Generated_Source\PSoC4/cyfitter_cfg.c **** 
  29:Generated_Source\PSoC4/cyfitter_cfg.c **** #if defined(__GNUC__) || defined(__ARMCC_VERSION)
  30:Generated_Source\PSoC4/cyfitter_cfg.c ****     #define CYPACKED 
  31:Generated_Source\PSoC4/cyfitter_cfg.c ****     #define CYPACKED_ATTR __attribute__ ((packed))
ARM GAS  C:\Users\Henrique\AppData\Local\Temp\ccU4M1lB.s 			page 2


  32:Generated_Source\PSoC4/cyfitter_cfg.c ****     #define CYALIGNED __attribute__ ((aligned))
  33:Generated_Source\PSoC4/cyfitter_cfg.c ****     #define CY_CFG_UNUSED __attribute__ ((unused))
  34:Generated_Source\PSoC4/cyfitter_cfg.c ****     #ifndef CY_CFG_SECTION
  35:Generated_Source\PSoC4/cyfitter_cfg.c ****         #define CY_CFG_SECTION __attribute__ ((section(".psocinit")))
  36:Generated_Source\PSoC4/cyfitter_cfg.c ****     #endif
  37:Generated_Source\PSoC4/cyfitter_cfg.c ****     
  38:Generated_Source\PSoC4/cyfitter_cfg.c ****     #if defined(__ARMCC_VERSION)
  39:Generated_Source\PSoC4/cyfitter_cfg.c ****         #define CY_CFG_MEMORY_BARRIER() __memory_changed()
  40:Generated_Source\PSoC4/cyfitter_cfg.c ****     #else
  41:Generated_Source\PSoC4/cyfitter_cfg.c ****         #define CY_CFG_MEMORY_BARRIER() __sync_synchronize()
  42:Generated_Source\PSoC4/cyfitter_cfg.c ****     #endif
  43:Generated_Source\PSoC4/cyfitter_cfg.c ****     
  44:Generated_Source\PSoC4/cyfitter_cfg.c **** #elif defined(__ICCARM__)
  45:Generated_Source\PSoC4/cyfitter_cfg.c ****     #include <intrinsics.h>
  46:Generated_Source\PSoC4/cyfitter_cfg.c **** 
  47:Generated_Source\PSoC4/cyfitter_cfg.c ****     #define CYPACKED __packed
  48:Generated_Source\PSoC4/cyfitter_cfg.c ****     #define CYPACKED_ATTR 
  49:Generated_Source\PSoC4/cyfitter_cfg.c ****     #define CYALIGNED _Pragma("data_alignment=4")
  50:Generated_Source\PSoC4/cyfitter_cfg.c ****     #define CY_CFG_UNUSED _Pragma("diag_suppress=Pe177")
  51:Generated_Source\PSoC4/cyfitter_cfg.c ****     #define CY_CFG_SECTION _Pragma("location=\".psocinit\"")
  52:Generated_Source\PSoC4/cyfitter_cfg.c ****     
  53:Generated_Source\PSoC4/cyfitter_cfg.c ****     #define CY_CFG_MEMORY_BARRIER() __DMB()
  54:Generated_Source\PSoC4/cyfitter_cfg.c ****     
  55:Generated_Source\PSoC4/cyfitter_cfg.c **** #else
  56:Generated_Source\PSoC4/cyfitter_cfg.c ****     #error Unsupported toolchain
  57:Generated_Source\PSoC4/cyfitter_cfg.c **** #endif
  58:Generated_Source\PSoC4/cyfitter_cfg.c **** 
  59:Generated_Source\PSoC4/cyfitter_cfg.c **** #ifndef CYCODE
  60:Generated_Source\PSoC4/cyfitter_cfg.c ****     #define CYCODE
  61:Generated_Source\PSoC4/cyfitter_cfg.c **** #endif
  62:Generated_Source\PSoC4/cyfitter_cfg.c **** #ifndef CYDATA
  63:Generated_Source\PSoC4/cyfitter_cfg.c ****     #define CYDATA
  64:Generated_Source\PSoC4/cyfitter_cfg.c **** #endif
  65:Generated_Source\PSoC4/cyfitter_cfg.c **** #ifndef CYFAR
  66:Generated_Source\PSoC4/cyfitter_cfg.c ****     #define CYFAR
  67:Generated_Source\PSoC4/cyfitter_cfg.c **** #endif
  68:Generated_Source\PSoC4/cyfitter_cfg.c **** #ifndef CYXDATA
  69:Generated_Source\PSoC4/cyfitter_cfg.c ****     #define CYXDATA
  70:Generated_Source\PSoC4/cyfitter_cfg.c **** #endif
  71:Generated_Source\PSoC4/cyfitter_cfg.c **** 
  72:Generated_Source\PSoC4/cyfitter_cfg.c **** 
  73:Generated_Source\PSoC4/cyfitter_cfg.c **** CY_CFG_UNUSED
  74:Generated_Source\PSoC4/cyfitter_cfg.c **** static void CYMEMZERO(void *s, size_t n);
  75:Generated_Source\PSoC4/cyfitter_cfg.c **** CY_CFG_UNUSED
  76:Generated_Source\PSoC4/cyfitter_cfg.c **** static void CYMEMZERO(void *s, size_t n)
  77:Generated_Source\PSoC4/cyfitter_cfg.c **** {
  78:Generated_Source\PSoC4/cyfitter_cfg.c **** 	(void)memset(s, 0, n);
  79:Generated_Source\PSoC4/cyfitter_cfg.c **** }
  80:Generated_Source\PSoC4/cyfitter_cfg.c **** CY_CFG_UNUSED
  81:Generated_Source\PSoC4/cyfitter_cfg.c **** static void CYCONFIGCPY(void *dest, const void *src, size_t n);
  82:Generated_Source\PSoC4/cyfitter_cfg.c **** CY_CFG_UNUSED
  83:Generated_Source\PSoC4/cyfitter_cfg.c **** static void CYCONFIGCPY(void *dest, const void *src, size_t n)
  84:Generated_Source\PSoC4/cyfitter_cfg.c **** {
  85:Generated_Source\PSoC4/cyfitter_cfg.c **** 	(void)memcpy(dest, src, n);
  86:Generated_Source\PSoC4/cyfitter_cfg.c **** }
  87:Generated_Source\PSoC4/cyfitter_cfg.c **** CY_CFG_UNUSED
  88:Generated_Source\PSoC4/cyfitter_cfg.c **** static void CYCONFIGCPYCODE(void *dest, const void *src, size_t n);
ARM GAS  C:\Users\Henrique\AppData\Local\Temp\ccU4M1lB.s 			page 3


  89:Generated_Source\PSoC4/cyfitter_cfg.c **** CY_CFG_UNUSED
  90:Generated_Source\PSoC4/cyfitter_cfg.c **** static void CYCONFIGCPYCODE(void *dest, const void *src, size_t n)
  91:Generated_Source\PSoC4/cyfitter_cfg.c **** {
  92:Generated_Source\PSoC4/cyfitter_cfg.c **** 	(void)memcpy(dest, src, n);
  93:Generated_Source\PSoC4/cyfitter_cfg.c **** }
  94:Generated_Source\PSoC4/cyfitter_cfg.c **** 
  95:Generated_Source\PSoC4/cyfitter_cfg.c **** 
  96:Generated_Source\PSoC4/cyfitter_cfg.c **** 
  97:Generated_Source\PSoC4/cyfitter_cfg.c **** 
  98:Generated_Source\PSoC4/cyfitter_cfg.c **** /* Clock startup error codes                                                   */
  99:Generated_Source\PSoC4/cyfitter_cfg.c **** #define CYCLOCKSTART_NO_ERROR    0u
 100:Generated_Source\PSoC4/cyfitter_cfg.c **** #define CYCLOCKSTART_XTAL_ERROR  1u
 101:Generated_Source\PSoC4/cyfitter_cfg.c **** #define CYCLOCKSTART_32KHZ_ERROR 2u
 102:Generated_Source\PSoC4/cyfitter_cfg.c **** #define CYCLOCKSTART_PLL_ERROR   3u
 103:Generated_Source\PSoC4/cyfitter_cfg.c **** #define CYCLOCKSTART_FLL_ERROR   4u
 104:Generated_Source\PSoC4/cyfitter_cfg.c **** #define CYCLOCKSTART_WCO_ERROR   5u
 105:Generated_Source\PSoC4/cyfitter_cfg.c **** 
 106:Generated_Source\PSoC4/cyfitter_cfg.c **** 
 107:Generated_Source\PSoC4/cyfitter_cfg.c **** #ifdef CY_NEED_CYCLOCKSTARTUPERROR
 108:Generated_Source\PSoC4/cyfitter_cfg.c **** /*******************************************************************************
 109:Generated_Source\PSoC4/cyfitter_cfg.c **** * Function Name: CyClockStartupError
 110:Generated_Source\PSoC4/cyfitter_cfg.c **** ********************************************************************************
 111:Generated_Source\PSoC4/cyfitter_cfg.c **** * Summary:
 112:Generated_Source\PSoC4/cyfitter_cfg.c **** *  If an error is encountered during clock configuration (crystal startup error,
 113:Generated_Source\PSoC4/cyfitter_cfg.c **** *  PLL lock error, etc.), the system will end up here.  Unless reimplemented by
 114:Generated_Source\PSoC4/cyfitter_cfg.c **** *  the customer, this function will stop in an infinite loop.
 115:Generated_Source\PSoC4/cyfitter_cfg.c **** *
 116:Generated_Source\PSoC4/cyfitter_cfg.c **** * Parameters:
 117:Generated_Source\PSoC4/cyfitter_cfg.c **** *   void
 118:Generated_Source\PSoC4/cyfitter_cfg.c **** *
 119:Generated_Source\PSoC4/cyfitter_cfg.c **** * Return:
 120:Generated_Source\PSoC4/cyfitter_cfg.c **** *   void
 121:Generated_Source\PSoC4/cyfitter_cfg.c **** *
 122:Generated_Source\PSoC4/cyfitter_cfg.c **** *******************************************************************************/
 123:Generated_Source\PSoC4/cyfitter_cfg.c **** CY_CFG_UNUSED
 124:Generated_Source\PSoC4/cyfitter_cfg.c **** static void CyClockStartupError(uint8 errorCode);
 125:Generated_Source\PSoC4/cyfitter_cfg.c **** CY_CFG_UNUSED
 126:Generated_Source\PSoC4/cyfitter_cfg.c **** static void CyClockStartupError(uint8 errorCode)
 127:Generated_Source\PSoC4/cyfitter_cfg.c **** {
 128:Generated_Source\PSoC4/cyfitter_cfg.c ****     /* To remove the compiler warning if errorCode not used.                */
 129:Generated_Source\PSoC4/cyfitter_cfg.c ****     errorCode = errorCode;
 130:Generated_Source\PSoC4/cyfitter_cfg.c **** 
 131:Generated_Source\PSoC4/cyfitter_cfg.c ****     /* If we have a clock startup error (bad MHz crystal, PLL lock, etc.),  */
 132:Generated_Source\PSoC4/cyfitter_cfg.c ****     /* we will end up here to allow the customer to implement something to  */
 133:Generated_Source\PSoC4/cyfitter_cfg.c ****     /* deal with the clock condition.                                       */
 134:Generated_Source\PSoC4/cyfitter_cfg.c **** 
 135:Generated_Source\PSoC4/cyfitter_cfg.c **** #ifdef CY_CFG_CLOCK_STARTUP_ERROR_CALLBACK
 136:Generated_Source\PSoC4/cyfitter_cfg.c ****     CY_CFG_Clock_Startup_ErrorCallback();
 137:Generated_Source\PSoC4/cyfitter_cfg.c **** #else
 138:Generated_Source\PSoC4/cyfitter_cfg.c ****     /*  If not using CY_CFG_CLOCK_STARTUP_ERROR_CALLBACK, place your clock startup code here. */
 139:Generated_Source\PSoC4/cyfitter_cfg.c ****     /* `#START CyClockStartupError` */
 140:Generated_Source\PSoC4/cyfitter_cfg.c **** 
 141:Generated_Source\PSoC4/cyfitter_cfg.c **** 
 142:Generated_Source\PSoC4/cyfitter_cfg.c **** 
 143:Generated_Source\PSoC4/cyfitter_cfg.c ****     /* `#END` */
 144:Generated_Source\PSoC4/cyfitter_cfg.c **** 
 145:Generated_Source\PSoC4/cyfitter_cfg.c ****     while(1) {}
ARM GAS  C:\Users\Henrique\AppData\Local\Temp\ccU4M1lB.s 			page 4


 146:Generated_Source\PSoC4/cyfitter_cfg.c **** #endif /* CY_CFG_CLOCK_STARTUP_ERROR_CALLBACK */
 147:Generated_Source\PSoC4/cyfitter_cfg.c **** }
 148:Generated_Source\PSoC4/cyfitter_cfg.c **** #endif
 149:Generated_Source\PSoC4/cyfitter_cfg.c **** 
 150:Generated_Source\PSoC4/cyfitter_cfg.c **** #define CY_CFG_BASE_ADDR_COUNT 3u
 151:Generated_Source\PSoC4/cyfitter_cfg.c **** CYPACKED typedef struct
 152:Generated_Source\PSoC4/cyfitter_cfg.c **** {
 153:Generated_Source\PSoC4/cyfitter_cfg.c **** 	uint8 offset;
 154:Generated_Source\PSoC4/cyfitter_cfg.c **** 	uint8 value;
 155:Generated_Source\PSoC4/cyfitter_cfg.c **** } CYPACKED_ATTR cy_cfg_addrvalue_t;
 156:Generated_Source\PSoC4/cyfitter_cfg.c **** 
 157:Generated_Source\PSoC4/cyfitter_cfg.c **** 
 158:Generated_Source\PSoC4/cyfitter_cfg.c **** 
 159:Generated_Source\PSoC4/cyfitter_cfg.c **** /*******************************************************************************
 160:Generated_Source\PSoC4/cyfitter_cfg.c **** * Function Name: cfg_write_bytes32
 161:Generated_Source\PSoC4/cyfitter_cfg.c **** ********************************************************************************
 162:Generated_Source\PSoC4/cyfitter_cfg.c **** * Summary:
 163:Generated_Source\PSoC4/cyfitter_cfg.c **** *  This function is used for setting up the chip configuration areas that
 164:Generated_Source\PSoC4/cyfitter_cfg.c **** *  contain relatively sparse data.
 165:Generated_Source\PSoC4/cyfitter_cfg.c **** *
 166:Generated_Source\PSoC4/cyfitter_cfg.c **** * Parameters:
 167:Generated_Source\PSoC4/cyfitter_cfg.c **** *   void
 168:Generated_Source\PSoC4/cyfitter_cfg.c **** *
 169:Generated_Source\PSoC4/cyfitter_cfg.c **** * Return:
 170:Generated_Source\PSoC4/cyfitter_cfg.c **** *   void
 171:Generated_Source\PSoC4/cyfitter_cfg.c **** *
 172:Generated_Source\PSoC4/cyfitter_cfg.c **** *******************************************************************************/
 173:Generated_Source\PSoC4/cyfitter_cfg.c **** static void cfg_write_bytes32(const uint32 addr_table[], const cy_cfg_addrvalue_t data_table[]);
 174:Generated_Source\PSoC4/cyfitter_cfg.c **** static void cfg_write_bytes32(const uint32 addr_table[], const cy_cfg_addrvalue_t data_table[])
 175:Generated_Source\PSoC4/cyfitter_cfg.c **** {
  27              		.loc 1 175 0
  28              		.cfi_startproc
  29              		@ args = 0, pretend = 0, frame = 0
  30              		@ frame_needed = 0, uses_anonymous_args = 0
  31              	.LVL0:
  32 0000 F0B5     		push	{r4, r5, r6, r7, lr}
  33              		.cfi_def_cfa_offset 20
  34              		.cfi_offset 4, -20
  35              		.cfi_offset 5, -16
  36              		.cfi_offset 6, -12
  37              		.cfi_offset 7, -8
  38              		.cfi_offset 14, -4
  39              	.LVL1:
 176:Generated_Source\PSoC4/cyfitter_cfg.c **** 	/* For 32-bit little-endian architectures */
 177:Generated_Source\PSoC4/cyfitter_cfg.c **** 	uint32 i, j = 0u;
  40              		.loc 1 177 0
  41 0002 0025     		movs	r5, #0
 178:Generated_Source\PSoC4/cyfitter_cfg.c **** 	for (i = 0u; i < CY_CFG_BASE_ADDR_COUNT; i++)
  42              		.loc 1 178 0
  43 0004 0027     		movs	r7, #0
  44 0006 11E0     		b	.L2
  45              	.LVL2:
  46              	.L5:
  47              	.LBB2:
 179:Generated_Source\PSoC4/cyfitter_cfg.c **** 	{
 180:Generated_Source\PSoC4/cyfitter_cfg.c **** 		uint32 baseAddr = addr_table[i];
  48              		.loc 1 180 0
ARM GAS  C:\Users\Henrique\AppData\Local\Temp\ccU4M1lB.s 			page 5


  49 0008 BB00     		lsls	r3, r7, #2
  50 000a C658     		ldr	r6, [r0, r3]
  51              	.LVL3:
 181:Generated_Source\PSoC4/cyfitter_cfg.c **** 		uint8 count = (uint8)baseAddr;
  52              		.loc 1 181 0
  53 000c F3B2     		uxtb	r3, r6
  54              	.LVL4:
 182:Generated_Source\PSoC4/cyfitter_cfg.c **** 		baseAddr &= 0xFFFFFF00u;
  55              		.loc 1 182 0
  56 000e FF22     		movs	r2, #255
  57 0010 9643     		bics	r6, r2
  58              	.LVL5:
 183:Generated_Source\PSoC4/cyfitter_cfg.c **** 		while (count != 0u)
  59              		.loc 1 183 0
  60 0012 08E0     		b	.L3
  61              	.L4:
 184:Generated_Source\PSoC4/cyfitter_cfg.c **** 		{
 185:Generated_Source\PSoC4/cyfitter_cfg.c **** 			CY_SET_REG8((void *)(baseAddr + data_table[j].offset), data_table[j].value);
  62              		.loc 1 185 0
  63 0014 6A00     		lsls	r2, r5, #1
  64 0016 8A18     		adds	r2, r1, r2
  65 0018 1478     		ldrb	r4, [r2]
  66 001a A419     		adds	r4, r4, r6
  67 001c 5278     		ldrb	r2, [r2, #1]
  68 001e 2270     		strb	r2, [r4]
 186:Generated_Source\PSoC4/cyfitter_cfg.c **** 			j++;
  69              		.loc 1 186 0
  70 0020 0135     		adds	r5, r5, #1
  71              	.LVL6:
 187:Generated_Source\PSoC4/cyfitter_cfg.c **** 			count--;
  72              		.loc 1 187 0
  73 0022 013B     		subs	r3, r3, #1
  74              	.LVL7:
  75 0024 DBB2     		uxtb	r3, r3
  76              	.LVL8:
  77              	.L3:
 183:Generated_Source\PSoC4/cyfitter_cfg.c **** 		{
  78              		.loc 1 183 0
  79 0026 002B     		cmp	r3, #0
  80 0028 F4D1     		bne	.L4
  81              	.LBE2:
 178:Generated_Source\PSoC4/cyfitter_cfg.c **** 	{
  82              		.loc 1 178 0 discriminator 2
  83 002a 0137     		adds	r7, r7, #1
  84              	.LVL9:
  85              	.L2:
 178:Generated_Source\PSoC4/cyfitter_cfg.c **** 	{
  86              		.loc 1 178 0 is_stmt 0 discriminator 1
  87 002c 022F     		cmp	r7, #2
  88 002e EBD9     		bls	.L5
 188:Generated_Source\PSoC4/cyfitter_cfg.c **** 		}
 189:Generated_Source\PSoC4/cyfitter_cfg.c **** 	}
 190:Generated_Source\PSoC4/cyfitter_cfg.c **** }
  89              		.loc 1 190 0 is_stmt 1
  90              		@ sp needed
  91              	.LVL10:
  92              	.LVL11:
ARM GAS  C:\Users\Henrique\AppData\Local\Temp\ccU4M1lB.s 			page 6


  93 0030 F0BD     		pop	{r4, r5, r6, r7, pc}
  94              		.cfi_endproc
  95              	.LFE3:
  96              		.size	cfg_write_bytes32, .-cfg_write_bytes32
  97 0032 C046     		.section	.text.CYMEMZERO,"ax",%progbits
  98              		.align	2
  99              		.code	16
 100              		.thumb_func
 101              		.type	CYMEMZERO, %function
 102              	CYMEMZERO:
 103              	.LFB0:
  77:Generated_Source\PSoC4/cyfitter_cfg.c **** 	(void)memset(s, 0, n);
 104              		.loc 1 77 0
 105              		.cfi_startproc
 106              		@ args = 0, pretend = 0, frame = 0
 107              		@ frame_needed = 0, uses_anonymous_args = 0
 108              	.LVL12:
 109 0000 10B5     		push	{r4, lr}
 110              		.cfi_def_cfa_offset 8
 111              		.cfi_offset 4, -8
 112              		.cfi_offset 14, -4
 113 0002 0A00     		movs	r2, r1
  78:Generated_Source\PSoC4/cyfitter_cfg.c **** }
 114              		.loc 1 78 0
 115 0004 0021     		movs	r1, #0
 116              	.LVL13:
 117 0006 FFF7FEFF 		bl	memset
 118              	.LVL14:
  79:Generated_Source\PSoC4/cyfitter_cfg.c **** CY_CFG_UNUSED
 119              		.loc 1 79 0
 120              		@ sp needed
 121 000a 10BD     		pop	{r4, pc}
 122              		.cfi_endproc
 123              	.LFE0:
 124              		.size	CYMEMZERO, .-CYMEMZERO
 125              		.section	.psocinit,"ax",%progbits
 126              		.align	2
 127              		.code	16
 128              		.thumb_func
 129              		.type	ClockSetup, %function
 130              	ClockSetup:
 131              	.LFB4:
 191:Generated_Source\PSoC4/cyfitter_cfg.c **** 
 192:Generated_Source\PSoC4/cyfitter_cfg.c **** 
 193:Generated_Source\PSoC4/cyfitter_cfg.c **** /*******************************************************************************
 194:Generated_Source\PSoC4/cyfitter_cfg.c **** * Function Name: ClockSetup
 195:Generated_Source\PSoC4/cyfitter_cfg.c **** ********************************************************************************
 196:Generated_Source\PSoC4/cyfitter_cfg.c **** *
 197:Generated_Source\PSoC4/cyfitter_cfg.c **** * Summary:
 198:Generated_Source\PSoC4/cyfitter_cfg.c **** *   Performs the initialization of all of the clocks in the device based on the
 199:Generated_Source\PSoC4/cyfitter_cfg.c **** *   settings in the Clock tab of the DWR.  This includes enabling the requested
 200:Generated_Source\PSoC4/cyfitter_cfg.c **** *   clocks and setting the necessary dividers to produce the desired frequency. 
 201:Generated_Source\PSoC4/cyfitter_cfg.c **** *
 202:Generated_Source\PSoC4/cyfitter_cfg.c **** * Parameters:
 203:Generated_Source\PSoC4/cyfitter_cfg.c **** *   void
 204:Generated_Source\PSoC4/cyfitter_cfg.c **** *
 205:Generated_Source\PSoC4/cyfitter_cfg.c **** * Return:
ARM GAS  C:\Users\Henrique\AppData\Local\Temp\ccU4M1lB.s 			page 7


 206:Generated_Source\PSoC4/cyfitter_cfg.c **** *   void
 207:Generated_Source\PSoC4/cyfitter_cfg.c **** *
 208:Generated_Source\PSoC4/cyfitter_cfg.c **** *******************************************************************************/
 209:Generated_Source\PSoC4/cyfitter_cfg.c **** static void ClockSetup(void);
 210:Generated_Source\PSoC4/cyfitter_cfg.c **** CY_CFG_SECTION
 211:Generated_Source\PSoC4/cyfitter_cfg.c **** static void ClockSetup(void)
 212:Generated_Source\PSoC4/cyfitter_cfg.c **** {
 132              		.loc 1 212 0
 133              		.cfi_startproc
 134              		@ args = 0, pretend = 0, frame = 0
 135              		@ frame_needed = 0, uses_anonymous_args = 0
 136 0000 70B5     		push	{r4, r5, r6, lr}
 137              		.cfi_def_cfa_offset 16
 138              		.cfi_offset 4, -16
 139              		.cfi_offset 5, -12
 140              		.cfi_offset 6, -8
 141              		.cfi_offset 14, -4
 213:Generated_Source\PSoC4/cyfitter_cfg.c **** 	/* Enable HALF_EN before trimming for the flash accelerator. */
 214:Generated_Source\PSoC4/cyfitter_cfg.c **** 	CY_SET_REG32((void CYXDATA *)(CYREG_CLK_SELECT), (CY_GET_REG32((void *)CYREG_CLK_SELECT) | 0x00040
 142              		.loc 1 214 0
 143 0002 134C     		ldr	r4, .L8
 144 0004 2368     		ldr	r3, [r4]
 145 0006 8022     		movs	r2, #128
 146 0008 D202     		lsls	r2, r2, #11
 147 000a 1343     		orrs	r3, r2
 148 000c 2360     		str	r3, [r4]
 215:Generated_Source\PSoC4/cyfitter_cfg.c **** 
 216:Generated_Source\PSoC4/cyfitter_cfg.c **** 	/* Setup and trim IMO based on desired frequency. */
 217:Generated_Source\PSoC4/cyfitter_cfg.c **** 	CySysClkWriteImoFreq(24u);
 149              		.loc 1 217 0
 150 000e 1820     		movs	r0, #24
 151 0010 FFF7FEFF 		bl	CySysClkWriteImoFreq
 152              	.LVL15:
 218:Generated_Source\PSoC4/cyfitter_cfg.c **** 
 219:Generated_Source\PSoC4/cyfitter_cfg.c **** 	/* Disable HALF_EN since it is not required at this IMO frequency. */
 220:Generated_Source\PSoC4/cyfitter_cfg.c **** 	CY_SET_REG32((void CYXDATA *)(CYREG_CLK_SELECT), (CY_GET_REG32((void *)CYREG_CLK_SELECT) & 0xFFFBF
 153              		.loc 1 220 0
 154 0014 2268     		ldr	r2, [r4]
 155 0016 0F4B     		ldr	r3, .L8+4
 156 0018 1340     		ands	r3, r2
 157 001a 2360     		str	r3, [r4]
 221:Generated_Source\PSoC4/cyfitter_cfg.c **** 	/* CYDEV_CLK_ILO_CONFIG Starting address: CYDEV_CLK_ILO_CONFIG */
 222:Generated_Source\PSoC4/cyfitter_cfg.c **** 	CY_SET_REG32((void *)(CYREG_CLK_ILO_CONFIG), 0x80000006u);
 158              		.loc 1 222 0
 159 001c 0E4A     		ldr	r2, .L8+8
 160 001e 0F4B     		ldr	r3, .L8+12
 161 0020 1A60     		str	r2, [r3]
 223:Generated_Source\PSoC4/cyfitter_cfg.c **** 
 224:Generated_Source\PSoC4/cyfitter_cfg.c **** 
 225:Generated_Source\PSoC4/cyfitter_cfg.c **** 	/* CYDEV_CLK_SELECT00 Starting address: CYDEV_CLK_SELECT00 */
 226:Generated_Source\PSoC4/cyfitter_cfg.c **** 	CY_SET_REG32((void *)(CYREG_CLK_SELECT08), 0x00000010u);
 162              		.loc 1 226 0
 163 0022 1022     		movs	r2, #16
 164 0024 0E4B     		ldr	r3, .L8+16
 165 0026 1A60     		str	r2, [r3]
 227:Generated_Source\PSoC4/cyfitter_cfg.c **** 
 228:Generated_Source\PSoC4/cyfitter_cfg.c **** 	/* CYDEV_CLK_IMO_CONFIG Starting address: CYDEV_CLK_IMO_CONFIG */
ARM GAS  C:\Users\Henrique\AppData\Local\Temp\ccU4M1lB.s 			page 8


 229:Generated_Source\PSoC4/cyfitter_cfg.c **** 	CY_SET_REG32((void *)(CYREG_CLK_IMO_CONFIG), 0x80000000u);
 166              		.loc 1 229 0
 167 0028 8022     		movs	r2, #128
 168 002a 1206     		lsls	r2, r2, #24
 169 002c 0D4B     		ldr	r3, .L8+20
 170 002e 1A60     		str	r2, [r3]
 230:Generated_Source\PSoC4/cyfitter_cfg.c **** 
 231:Generated_Source\PSoC4/cyfitter_cfg.c **** 	/* CYDEV_CLK_SELECT Starting address: CYDEV_CLK_SELECT */
 232:Generated_Source\PSoC4/cyfitter_cfg.c **** 	CY_SET_REG32((void *)(CYREG_CLK_SELECT), 0x00000000u);
 171              		.loc 1 232 0
 172 0030 0025     		movs	r5, #0
 173 0032 2560     		str	r5, [r4]
 233:Generated_Source\PSoC4/cyfitter_cfg.c **** 
 234:Generated_Source\PSoC4/cyfitter_cfg.c **** 	/* CYDEV_CLK_DIVIDER_A00 Starting address: CYDEV_CLK_DIVIDER_A00 */
 235:Generated_Source\PSoC4/cyfitter_cfg.c **** 	CY_SET_REG32((void *)(CYREG_CLK_DIVIDER_A00), 0x80005DBFu);
 174              		.loc 1 235 0
 175 0034 0C4A     		ldr	r2, .L8+24
 176 0036 0D4B     		ldr	r3, .L8+28
 177 0038 1A60     		str	r2, [r3]
 236:Generated_Source\PSoC4/cyfitter_cfg.c **** 
 237:Generated_Source\PSoC4/cyfitter_cfg.c **** 	(void)CyIntSetVector(9u, &CySysWdtIsr);
 178              		.loc 1 237 0
 179 003a 0D49     		ldr	r1, .L8+32
 180 003c 0920     		movs	r0, #9
 181 003e FFF7FEFF 		bl	CyIntSetVector
 182              	.LVL16:
 238:Generated_Source\PSoC4/cyfitter_cfg.c **** 	CyIntEnable(9u);
 183              		.loc 1 238 0
 184 0042 0920     		movs	r0, #9
 185 0044 FFF7FEFF 		bl	CyIntEnable
 186              	.LVL17:
 239:Generated_Source\PSoC4/cyfitter_cfg.c **** 	CY_SET_REG32((void *)(CYREG_WDT_CONFIG), 0x00000000u);
 187              		.loc 1 239 0
 188 0048 0A4B     		ldr	r3, .L8+36
 189 004a 1D60     		str	r5, [r3]
 240:Generated_Source\PSoC4/cyfitter_cfg.c **** }
 190              		.loc 1 240 0
 191              		@ sp needed
 192 004c 70BD     		pop	{r4, r5, r6, pc}
 193              	.L9:
 194 004e C046     		.align	2
 195              	.L8:
 196 0050 00010B40 		.word	1074462976
 197 0054 FFFFFBFF 		.word	-262145
 198 0058 06000080 		.word	-2147483642
 199 005c 04010B40 		.word	1074462980
 200 0060 20020240 		.word	1073873440
 201 0064 08010B40 		.word	1074462984
 202 0068 BF5D0080 		.word	-2147459649
 203 006c 00000240 		.word	1073872896
 204 0070 00000000 		.word	CySysWdtIsr
 205 0074 0C020B40 		.word	1074463244
 206              		.cfi_endproc
 207              	.LFE4:
 208              		.size	ClockSetup, .-ClockSetup
 209              		.align	2
 210              		.global	cyfitter_cfg
ARM GAS  C:\Users\Henrique\AppData\Local\Temp\ccU4M1lB.s 			page 9


 211              		.code	16
 212              		.thumb_func
 213              		.type	cyfitter_cfg, %function
 214              	cyfitter_cfg:
 215              	.LFB6:
 241:Generated_Source\PSoC4/cyfitter_cfg.c **** 
 242:Generated_Source\PSoC4/cyfitter_cfg.c **** 
 243:Generated_Source\PSoC4/cyfitter_cfg.c **** /* Analog API Functions */
 244:Generated_Source\PSoC4/cyfitter_cfg.c **** 
 245:Generated_Source\PSoC4/cyfitter_cfg.c **** 
 246:Generated_Source\PSoC4/cyfitter_cfg.c **** /*******************************************************************************
 247:Generated_Source\PSoC4/cyfitter_cfg.c **** * Function Name: AnalogSetDefault
 248:Generated_Source\PSoC4/cyfitter_cfg.c **** ********************************************************************************
 249:Generated_Source\PSoC4/cyfitter_cfg.c **** *
 250:Generated_Source\PSoC4/cyfitter_cfg.c **** * Summary:
 251:Generated_Source\PSoC4/cyfitter_cfg.c **** *  Sets up the analog portions of the chip to default values based on chip
 252:Generated_Source\PSoC4/cyfitter_cfg.c **** *  configuration options from the project.
 253:Generated_Source\PSoC4/cyfitter_cfg.c **** *
 254:Generated_Source\PSoC4/cyfitter_cfg.c **** * Parameters:
 255:Generated_Source\PSoC4/cyfitter_cfg.c **** *  void
 256:Generated_Source\PSoC4/cyfitter_cfg.c **** *
 257:Generated_Source\PSoC4/cyfitter_cfg.c **** * Return:
 258:Generated_Source\PSoC4/cyfitter_cfg.c **** *  void
 259:Generated_Source\PSoC4/cyfitter_cfg.c **** *
 260:Generated_Source\PSoC4/cyfitter_cfg.c **** *******************************************************************************/
 261:Generated_Source\PSoC4/cyfitter_cfg.c **** static void AnalogSetDefault(void);
 262:Generated_Source\PSoC4/cyfitter_cfg.c **** static void AnalogSetDefault(void)
 263:Generated_Source\PSoC4/cyfitter_cfg.c **** {
 264:Generated_Source\PSoC4/cyfitter_cfg.c **** }
 265:Generated_Source\PSoC4/cyfitter_cfg.c **** 
 266:Generated_Source\PSoC4/cyfitter_cfg.c **** 
 267:Generated_Source\PSoC4/cyfitter_cfg.c **** 
 268:Generated_Source\PSoC4/cyfitter_cfg.c **** 
 269:Generated_Source\PSoC4/cyfitter_cfg.c **** /*******************************************************************************
 270:Generated_Source\PSoC4/cyfitter_cfg.c **** * Function Name: cyfitter_cfg
 271:Generated_Source\PSoC4/cyfitter_cfg.c **** ********************************************************************************
 272:Generated_Source\PSoC4/cyfitter_cfg.c **** * Summary:
 273:Generated_Source\PSoC4/cyfitter_cfg.c **** *  This function is called by the start-up code for the selected device. It
 274:Generated_Source\PSoC4/cyfitter_cfg.c **** *  performs all of the necessary device configuration based on the design
 275:Generated_Source\PSoC4/cyfitter_cfg.c **** *  settings.  This includes settings from the Design Wide Resources (DWR) such
 276:Generated_Source\PSoC4/cyfitter_cfg.c **** *  as Clocks and Pins as well as any component configuration that is necessary.
 277:Generated_Source\PSoC4/cyfitter_cfg.c **** *
 278:Generated_Source\PSoC4/cyfitter_cfg.c **** * Parameters:
 279:Generated_Source\PSoC4/cyfitter_cfg.c **** *   void
 280:Generated_Source\PSoC4/cyfitter_cfg.c **** *
 281:Generated_Source\PSoC4/cyfitter_cfg.c **** * Return:
 282:Generated_Source\PSoC4/cyfitter_cfg.c **** *   void
 283:Generated_Source\PSoC4/cyfitter_cfg.c **** *
 284:Generated_Source\PSoC4/cyfitter_cfg.c **** *******************************************************************************/
 285:Generated_Source\PSoC4/cyfitter_cfg.c **** CY_CFG_SECTION
 286:Generated_Source\PSoC4/cyfitter_cfg.c **** void cyfitter_cfg(void)
 287:Generated_Source\PSoC4/cyfitter_cfg.c **** {
 216              		.loc 1 287 0
 217              		.cfi_startproc
 218              		@ args = 0, pretend = 0, frame = 0
 219              		@ frame_needed = 0, uses_anonymous_args = 0
 220 0078 10B5     		push	{r4, lr}
ARM GAS  C:\Users\Henrique\AppData\Local\Temp\ccU4M1lB.s 			page 10


 221              		.cfi_def_cfa_offset 8
 222              		.cfi_offset 4, -8
 223              		.cfi_offset 14, -4
 288:Generated_Source\PSoC4/cyfitter_cfg.c **** 	/* Disable interrupts by default. Let user enable if/when they want. */
 289:Generated_Source\PSoC4/cyfitter_cfg.c **** 	CyGlobalIntDisable;
 224              		.loc 1 289 0
 225              		.syntax divided
 226              	@ 289 "Generated_Source\PSoC4\cyfitter_cfg.c" 1
 227 007a 72B6     		CPSID   i
 228              	@ 0 "" 2
 229              	.LVL18:
 230              		.thumb
 231              		.syntax unified
 232              	.LBB3:
 290:Generated_Source\PSoC4/cyfitter_cfg.c **** 
 291:Generated_Source\PSoC4/cyfitter_cfg.c **** 	{
 292:Generated_Source\PSoC4/cyfitter_cfg.c **** 		static const uint32 CYCODE cy_cfg_addr_table[] = {
 293:Generated_Source\PSoC4/cyfitter_cfg.c **** 			0x400F3301u, /* Base address: 0x400F3300 Count: 1 */
 294:Generated_Source\PSoC4/cyfitter_cfg.c **** 			0x400F4103u, /* Base address: 0x400F4100 Count: 3 */
 295:Generated_Source\PSoC4/cyfitter_cfg.c **** 			0x400F4304u, /* Base address: 0x400F4300 Count: 4 */
 296:Generated_Source\PSoC4/cyfitter_cfg.c **** 		};
 297:Generated_Source\PSoC4/cyfitter_cfg.c **** 
 298:Generated_Source\PSoC4/cyfitter_cfg.c **** 		static const cy_cfg_addrvalue_t CYCODE cy_cfg_data_table[] = {
 299:Generated_Source\PSoC4/cyfitter_cfg.c **** 			{0xE6u, 0x10u},
 300:Generated_Source\PSoC4/cyfitter_cfg.c **** 			{0x62u, 0x04u},
 301:Generated_Source\PSoC4/cyfitter_cfg.c **** 			{0x8Eu, 0x04u},
 302:Generated_Source\PSoC4/cyfitter_cfg.c **** 			{0xD8u, 0x40u},
 303:Generated_Source\PSoC4/cyfitter_cfg.c **** 			{0x18u, 0x80u},
 304:Generated_Source\PSoC4/cyfitter_cfg.c **** 			{0x8Cu, 0x40u},
 305:Generated_Source\PSoC4/cyfitter_cfg.c **** 			{0xC6u, 0x08u},
 306:Generated_Source\PSoC4/cyfitter_cfg.c **** 			{0xE6u, 0x08u},
 307:Generated_Source\PSoC4/cyfitter_cfg.c **** 		};
 308:Generated_Source\PSoC4/cyfitter_cfg.c **** 
 309:Generated_Source\PSoC4/cyfitter_cfg.c **** 
 310:Generated_Source\PSoC4/cyfitter_cfg.c **** 
 311:Generated_Source\PSoC4/cyfitter_cfg.c **** 		CYPACKED typedef struct {
 312:Generated_Source\PSoC4/cyfitter_cfg.c **** 			void CYFAR *address;
 313:Generated_Source\PSoC4/cyfitter_cfg.c **** 			uint16 size;
 314:Generated_Source\PSoC4/cyfitter_cfg.c **** 		} CYPACKED_ATTR cfg_memset_t;
 315:Generated_Source\PSoC4/cyfitter_cfg.c **** 
 316:Generated_Source\PSoC4/cyfitter_cfg.c **** 		static const cfg_memset_t CYCODE cfg_memset_list[] = {
 317:Generated_Source\PSoC4/cyfitter_cfg.c **** 			/* address, size */
 318:Generated_Source\PSoC4/cyfitter_cfg.c **** 			{(void CYFAR *)(CYDEV_UDB_P0_U0_BASE), 1024u},
 319:Generated_Source\PSoC4/cyfitter_cfg.c **** 			{(void CYFAR *)(CYDEV_UDB_DSI0_BASE), 1024u},
 320:Generated_Source\PSoC4/cyfitter_cfg.c **** 		};
 321:Generated_Source\PSoC4/cyfitter_cfg.c **** 
 322:Generated_Source\PSoC4/cyfitter_cfg.c **** 		uint8 CYDATA i;
 323:Generated_Source\PSoC4/cyfitter_cfg.c **** 
 324:Generated_Source\PSoC4/cyfitter_cfg.c **** 		/* Zero out critical memory blocks before beginning configuration */
 325:Generated_Source\PSoC4/cyfitter_cfg.c **** 		for (i = 0u; i < (sizeof(cfg_memset_list)/sizeof(cfg_memset_list[0])); i++)
 233              		.loc 1 325 0
 234 007c 0024     		movs	r4, #0
 235 007e 0FE0     		b	.L11
 236              	.LVL19:
 237              	.L12:
 238              	.LBB4:
 326:Generated_Source\PSoC4/cyfitter_cfg.c **** 		{
ARM GAS  C:\Users\Henrique\AppData\Local\Temp\ccU4M1lB.s 			page 11


 327:Generated_Source\PSoC4/cyfitter_cfg.c **** 			const cfg_memset_t CYCODE * CYDATA ms = &cfg_memset_list[i];
 328:Generated_Source\PSoC4/cyfitter_cfg.c **** 			CYMEMZERO(ms->address, (size_t)(uint32)(ms->size));
 239              		.loc 1 328 0 discriminator 3
 240 0080 1E48     		ldr	r0, .L13
 241 0082 6200     		lsls	r2, r4, #1
 242 0084 1319     		adds	r3, r2, r4
 243 0086 5900     		lsls	r1, r3, #1
 244 0088 0B00     		movs	r3, r1
 245 008a 4118     		adds	r1, r0, r1
 246 008c 8988     		ldrh	r1, [r1, #4]
 247 008e 1A5A     		ldrh	r2, [r3, r0]
 248 0090 C318     		adds	r3, r0, r3
 249 0092 5888     		ldrh	r0, [r3, #2]
 250 0094 0004     		lsls	r0, r0, #16
 251 0096 1043     		orrs	r0, r2
 252 0098 FFF7FEFF 		bl	CYMEMZERO
 253              	.LVL20:
 254              	.LBE4:
 325:Generated_Source\PSoC4/cyfitter_cfg.c **** 		{
 255              		.loc 1 325 0 discriminator 3
 256 009c 0134     		adds	r4, r4, #1
 257              	.LVL21:
 258 009e E4B2     		uxtb	r4, r4
 259              	.LVL22:
 260              	.L11:
 325:Generated_Source\PSoC4/cyfitter_cfg.c **** 		{
 261              		.loc 1 325 0 is_stmt 0 discriminator 1
 262 00a0 012C     		cmp	r4, #1
 263 00a2 EDD9     		bls	.L12
 329:Generated_Source\PSoC4/cyfitter_cfg.c **** 		}
 330:Generated_Source\PSoC4/cyfitter_cfg.c **** 
 331:Generated_Source\PSoC4/cyfitter_cfg.c **** 		cfg_write_bytes32(cy_cfg_addr_table, cy_cfg_data_table);
 264              		.loc 1 331 0 is_stmt 1
 265 00a4 1548     		ldr	r0, .L13
 266 00a6 0100     		movs	r1, r0
 267 00a8 0C31     		adds	r1, r1, #12
 268 00aa 1C30     		adds	r0, r0, #28
 269 00ac FFF7FEFF 		bl	cfg_write_bytes32
 270              	.LVL23:
 332:Generated_Source\PSoC4/cyfitter_cfg.c **** 
 333:Generated_Source\PSoC4/cyfitter_cfg.c **** 		/* HSIOM Starting address: CYDEV_HSIOM_BASE */
 334:Generated_Source\PSoC4/cyfitter_cfg.c **** 		CY_SET_REG32((void *)(CYREG_HSIOM_PORT_SEL1), 0x03000000u);
 271              		.loc 1 334 0
 272 00b0 C022     		movs	r2, #192
 273 00b2 9204     		lsls	r2, r2, #18
 274 00b4 124B     		ldr	r3, .L13+4
 275 00b6 1A60     		str	r2, [r3]
 335:Generated_Source\PSoC4/cyfitter_cfg.c **** 		CY_SET_REG32((void *)(CYREG_HSIOM_PORT_SEL3), 0x0000EE00u);
 276              		.loc 1 335 0
 277 00b8 EE22     		movs	r2, #238
 278 00ba 1202     		lsls	r2, r2, #8
 279 00bc 114B     		ldr	r3, .L13+8
 280 00be 1A60     		str	r2, [r3]
 336:Generated_Source\PSoC4/cyfitter_cfg.c **** 
 337:Generated_Source\PSoC4/cyfitter_cfg.c **** 		/* UDB_PA_1 Starting address: CYDEV_UDB_PA1_BASE */
 338:Generated_Source\PSoC4/cyfitter_cfg.c **** 		CY_SET_REG32((void *)(CYDEV_UDB_PA1_BASE), 0x00990000u);
 281              		.loc 1 338 0
ARM GAS  C:\Users\Henrique\AppData\Local\Temp\ccU4M1lB.s 			page 12


 282 00c0 9923     		movs	r3, #153
 283 00c2 1B04     		lsls	r3, r3, #16
 284 00c4 104A     		ldr	r2, .L13+12
 285 00c6 1360     		str	r3, [r2]
 339:Generated_Source\PSoC4/cyfitter_cfg.c **** 		CY_SET_REG32((void *)(CYREG_UDB_PA1_CFG8), 0x20000000u);
 286              		.loc 1 339 0
 287 00c8 8021     		movs	r1, #128
 288 00ca 8905     		lsls	r1, r1, #22
 289 00cc 0F4A     		ldr	r2, .L13+16
 290 00ce 1160     		str	r1, [r2]
 340:Generated_Source\PSoC4/cyfitter_cfg.c **** 
 341:Generated_Source\PSoC4/cyfitter_cfg.c **** 		/* UDB_PA_3 Starting address: CYDEV_UDB_PA3_BASE */
 342:Generated_Source\PSoC4/cyfitter_cfg.c **** 		CY_SET_REG32((void *)(CYDEV_UDB_PA3_BASE), 0x00990000u);
 291              		.loc 1 342 0
 292 00d0 0F4A     		ldr	r2, .L13+20
 293 00d2 1360     		str	r3, [r2]
 343:Generated_Source\PSoC4/cyfitter_cfg.c **** 
 344:Generated_Source\PSoC4/cyfitter_cfg.c **** 		/* Enable digital routing */
 345:Generated_Source\PSoC4/cyfitter_cfg.c **** 		CY_SET_XTND_REG8((void *)CYREG_UDB_UDBIF_BANK_CTL, (uint8)(CY_GET_XTND_REG8((void *)CYREG_UDB_UDB
 294              		.loc 1 345 0
 295 00d4 0F4A     		ldr	r2, .L13+24
 296 00d6 1178     		ldrb	r1, [r2]
 297 00d8 0623     		movs	r3, #6
 298 00da 0B43     		orrs	r3, r1
 299 00dc DBB2     		uxtb	r3, r3
 300 00de 1370     		strb	r3, [r2]
 301              	.LBE3:
 346:Generated_Source\PSoC4/cyfitter_cfg.c **** 	}
 347:Generated_Source\PSoC4/cyfitter_cfg.c **** 
 348:Generated_Source\PSoC4/cyfitter_cfg.c **** 	/* Perform second pass device configuration. These items must be configured in specific order afte
 349:Generated_Source\PSoC4/cyfitter_cfg.c **** 	/* IOPINS0_1 Starting address: CYDEV_PRT1_BASE */
 350:Generated_Source\PSoC4/cyfitter_cfg.c **** 	CY_SET_REG32((void *)(CYDEV_PRT1_BASE), 0x00000040u);
 302              		.loc 1 350 0
 303 00e0 4022     		movs	r2, #64
 304 00e2 0D4B     		ldr	r3, .L13+28
 305 00e4 1A60     		str	r2, [r3]
 351:Generated_Source\PSoC4/cyfitter_cfg.c **** 	CY_SET_REG32((void *)(CYREG_PRT1_PC), 0x00180000u);
 306              		.loc 1 351 0
 307 00e6 C022     		movs	r2, #192
 308 00e8 5203     		lsls	r2, r2, #13
 309 00ea 0C4B     		ldr	r3, .L13+32
 310 00ec 1A60     		str	r2, [r3]
 352:Generated_Source\PSoC4/cyfitter_cfg.c **** 
 353:Generated_Source\PSoC4/cyfitter_cfg.c **** 	/* IOPINS0_3 Starting address: CYDEV_PRT3_BASE */
 354:Generated_Source\PSoC4/cyfitter_cfg.c **** 	CY_SET_REG32((void *)(CYREG_PRT3_PC), 0x00000D80u);
 311              		.loc 1 354 0
 312 00ee D822     		movs	r2, #216
 313 00f0 1201     		lsls	r2, r2, #4
 314 00f2 0B4B     		ldr	r3, .L13+36
 315 00f4 1A60     		str	r2, [r3]
 355:Generated_Source\PSoC4/cyfitter_cfg.c **** 
 356:Generated_Source\PSoC4/cyfitter_cfg.c **** 
 357:Generated_Source\PSoC4/cyfitter_cfg.c **** 	/* Setup clocks based on selections from Clock DWR */
 358:Generated_Source\PSoC4/cyfitter_cfg.c **** 	ClockSetup();
 316              		.loc 1 358 0
 317 00f6 FFF783FF 		bl	ClockSetup
 318              	.LVL24:
ARM GAS  C:\Users\Henrique\AppData\Local\Temp\ccU4M1lB.s 			page 13


 359:Generated_Source\PSoC4/cyfitter_cfg.c **** 
 360:Generated_Source\PSoC4/cyfitter_cfg.c **** 	/* Perform basic analog initialization to defaults */
 361:Generated_Source\PSoC4/cyfitter_cfg.c **** 	AnalogSetDefault();
 362:Generated_Source\PSoC4/cyfitter_cfg.c **** 
 363:Generated_Source\PSoC4/cyfitter_cfg.c **** }
 319              		.loc 1 363 0
 320              		@ sp needed
 321              	.LVL25:
 322 00fa 10BD     		pop	{r4, pc}
 323              	.L14:
 324              		.align	2
 325              	.L13:
 326 00fc 00000000 		.word	.LANCHOR0
 327 0100 04000140 		.word	1073807364
 328 0104 0C000140 		.word	1073807372
 329 0108 10500F40 		.word	1074745360
 330 010c 18500F40 		.word	1074745368
 331 0110 30500F40 		.word	1074745392
 332 0114 00700F40 		.word	1074753536
 333 0118 00010440 		.word	1074004224
 334 011c 08010440 		.word	1074004232
 335 0120 08030440 		.word	1074004744
 336              		.cfi_endproc
 337              	.LFE6:
 338              		.size	cyfitter_cfg, .-cyfitter_cfg
 339              		.section	.rodata
 340              		.align	2
 341              		.set	.LANCHOR0,. + 0
 342              		.type	cfg_memset_list.4870, %object
 343              		.size	cfg_memset_list.4870, 12
 344              	cfg_memset_list.4870:
 345 0000 00300F40 		.word	1074737152
 346 0004 0004     		.short	1024
 347 0006 00400F40 		.4byte	1074741248
 348 000a 0004     		.short	1024
 349              		.type	cy_cfg_data_table.4865, %object
 350              		.size	cy_cfg_data_table.4865, 16
 351              	cy_cfg_data_table.4865:
 352 000c E6       		.byte	-26
 353 000d 10       		.byte	16
 354 000e 62       		.byte	98
 355 000f 04       		.byte	4
 356 0010 8E       		.byte	-114
 357 0011 04       		.byte	4
 358 0012 D8       		.byte	-40
 359 0013 40       		.byte	64
 360 0014 18       		.byte	24
 361 0015 80       		.byte	-128
 362 0016 8C       		.byte	-116
 363 0017 40       		.byte	64
 364 0018 C6       		.byte	-58
 365 0019 08       		.byte	8
 366 001a E6       		.byte	-26
 367 001b 08       		.byte	8
 368              		.type	cy_cfg_addr_table.4864, %object
 369              		.size	cy_cfg_addr_table.4864, 12
 370              	cy_cfg_addr_table.4864:
ARM GAS  C:\Users\Henrique\AppData\Local\Temp\ccU4M1lB.s 			page 14


 371 001c 01330F40 		.word	1074737921
 372 0020 03410F40 		.word	1074741507
 373 0024 04430F40 		.word	1074742020
 374              		.text
 375              	.Letext0:
 376              		.file 2 "c:\\program files (x86)\\cypress\\psoc creator\\4.4\\psoc creator\\import\\gnu\\arm\\5.4.
 377              		.file 3 "Generated_Source\\PSoC4\\cytypes.h"
 378              		.file 4 "Generated_Source\\PSoC4\\CyLib.h"
 379              		.section	.debug_info,"",%progbits
 380              	.Ldebug_info0:
 381 0000 9C030000 		.4byte	0x39c
 382 0004 0400     		.2byte	0x4
 383 0006 00000000 		.4byte	.Ldebug_abbrev0
 384 000a 04       		.byte	0x4
 385 000b 01       		.uleb128 0x1
 386 000c 30010000 		.4byte	.LASF39
 387 0010 0C       		.byte	0xc
 388 0011 9E020000 		.4byte	.LASF40
 389 0015 3C020000 		.4byte	.LASF41
 390 0019 00000000 		.4byte	.Ldebug_ranges0+0
 391 001d 00000000 		.4byte	0
 392 0021 00000000 		.4byte	.Ldebug_line0
 393 0025 02       		.uleb128 0x2
 394 0026 04       		.byte	0x4
 395 0027 05       		.byte	0x5
 396 0028 696E7400 		.ascii	"int\000"
 397 002c 03       		.uleb128 0x3
 398 002d 06000000 		.4byte	.LASF12
 399 0031 02       		.byte	0x2
 400 0032 D8       		.byte	0xd8
 401 0033 37000000 		.4byte	0x37
 402 0037 04       		.uleb128 0x4
 403 0038 04       		.byte	0x4
 404 0039 07       		.byte	0x7
 405 003a F7000000 		.4byte	.LASF0
 406 003e 04       		.uleb128 0x4
 407 003f 08       		.byte	0x8
 408 0040 05       		.byte	0x5
 409 0041 F0010000 		.4byte	.LASF1
 410 0045 04       		.uleb128 0x4
 411 0046 08       		.byte	0x8
 412 0047 04       		.byte	0x4
 413 0048 86020000 		.4byte	.LASF2
 414 004c 04       		.uleb128 0x4
 415 004d 01       		.byte	0x1
 416 004e 06       		.byte	0x6
 417 004f 92020000 		.4byte	.LASF3
 418 0053 04       		.uleb128 0x4
 419 0054 01       		.byte	0x1
 420 0055 08       		.byte	0x8
 421 0056 99000000 		.4byte	.LASF4
 422 005a 04       		.uleb128 0x4
 423 005b 02       		.byte	0x2
 424 005c 05       		.byte	0x5
 425 005d 1D020000 		.4byte	.LASF5
 426 0061 04       		.uleb128 0x4
 427 0062 02       		.byte	0x2
ARM GAS  C:\Users\Henrique\AppData\Local\Temp\ccU4M1lB.s 			page 15


 428 0063 07       		.byte	0x7
 429 0064 DD010000 		.4byte	.LASF6
 430 0068 04       		.uleb128 0x4
 431 0069 04       		.byte	0x4
 432 006a 05       		.byte	0x5
 433 006b 7D020000 		.4byte	.LASF7
 434 006f 04       		.uleb128 0x4
 435 0070 04       		.byte	0x4
 436 0071 07       		.byte	0x7
 437 0072 77000000 		.4byte	.LASF8
 438 0076 04       		.uleb128 0x4
 439 0077 08       		.byte	0x8
 440 0078 07       		.byte	0x7
 441 0079 19010000 		.4byte	.LASF9
 442 007d 04       		.uleb128 0x4
 443 007e 04       		.byte	0x4
 444 007f 07       		.byte	0x7
 445 0080 D4010000 		.4byte	.LASF10
 446 0084 05       		.uleb128 0x5
 447 0085 04       		.byte	0x4
 448 0086 04       		.uleb128 0x4
 449 0087 01       		.byte	0x1
 450 0088 08       		.byte	0x8
 451 0089 FE010000 		.4byte	.LASF11
 452 008d 06       		.uleb128 0x6
 453 008e 89000000 		.4byte	.LASF13
 454 0092 03       		.byte	0x3
 455 0093 FB01     		.2byte	0x1fb
 456 0095 53000000 		.4byte	0x53
 457 0099 06       		.uleb128 0x6
 458 009a DE000000 		.4byte	.LASF14
 459 009e 03       		.byte	0x3
 460 009f FC01     		.2byte	0x1fc
 461 00a1 61000000 		.4byte	0x61
 462 00a5 06       		.uleb128 0x6
 463 00a6 F0000000 		.4byte	.LASF15
 464 00aa 03       		.byte	0x3
 465 00ab FD01     		.2byte	0x1fd
 466 00ad 6F000000 		.4byte	0x6f
 467 00b1 04       		.uleb128 0x4
 468 00b2 04       		.byte	0x4
 469 00b3 04       		.byte	0x4
 470 00b4 57000000 		.4byte	.LASF16
 471 00b8 04       		.uleb128 0x4
 472 00b9 08       		.byte	0x8
 473 00ba 04       		.byte	0x4
 474 00bb AE000000 		.4byte	.LASF17
 475 00bf 06       		.uleb128 0x6
 476 00c0 72000000 		.4byte	.LASF18
 477 00c4 03       		.byte	0x3
 478 00c5 A502     		.2byte	0x2a5
 479 00c7 CB000000 		.4byte	0xcb
 480 00cb 07       		.uleb128 0x7
 481 00cc 8D000000 		.4byte	0x8d
 482 00d0 06       		.uleb128 0x6
 483 00d1 00000000 		.4byte	.LASF19
 484 00d5 03       		.byte	0x3
ARM GAS  C:\Users\Henrique\AppData\Local\Temp\ccU4M1lB.s 			page 16


 485 00d6 A702     		.2byte	0x2a7
 486 00d8 DC000000 		.4byte	0xdc
 487 00dc 07       		.uleb128 0x7
 488 00dd A5000000 		.4byte	0xa5
 489 00e1 08       		.uleb128 0x8
 490 00e2 02       		.byte	0x2
 491 00e3 01       		.byte	0x1
 492 00e4 97       		.byte	0x97
 493 00e5 02010000 		.4byte	0x102
 494 00e9 09       		.uleb128 0x9
 495 00ea 16020000 		.4byte	.LASF20
 496 00ee 01       		.byte	0x1
 497 00ef 99       		.byte	0x99
 498 00f0 8D000000 		.4byte	0x8d
 499 00f4 00       		.byte	0
 500 00f5 09       		.uleb128 0x9
 501 00f6 1C000000 		.4byte	.LASF21
 502 00fa 01       		.byte	0x1
 503 00fb 9A       		.byte	0x9a
 504 00fc 8D000000 		.4byte	0x8d
 505 0100 01       		.byte	0x1
 506 0101 00       		.byte	0
 507 0102 03       		.uleb128 0x3
 508 0103 03020000 		.4byte	.LASF22
 509 0107 01       		.byte	0x1
 510 0108 9B       		.byte	0x9b
 511 0109 E1000000 		.4byte	0xe1
 512 010d 0A       		.uleb128 0xa
 513 010e B5000000 		.4byte	.LASF27
 514 0112 01       		.byte	0x1
 515 0113 AE       		.byte	0xae
 516 0114 00000000 		.4byte	.LFB3
 517 0118 32000000 		.4byte	.LFE3-.LFB3
 518 011c 01       		.uleb128 0x1
 519 011d 9C       		.byte	0x9c
 520 011e 7F010000 		.4byte	0x17f
 521 0122 0B       		.uleb128 0xb
 522 0123 D3000000 		.4byte	.LASF23
 523 0127 01       		.byte	0x1
 524 0128 AE       		.byte	0xae
 525 0129 7F010000 		.4byte	0x17f
 526 012d 01       		.uleb128 0x1
 527 012e 50       		.byte	0x50
 528 012f 0B       		.uleb128 0xb
 529 0130 E5000000 		.4byte	.LASF24
 530 0134 01       		.byte	0x1
 531 0135 AE       		.byte	0xae
 532 0136 8A010000 		.4byte	0x18a
 533 013a 01       		.uleb128 0x1
 534 013b 51       		.byte	0x51
 535 013c 0C       		.uleb128 0xc
 536 013d 6900     		.ascii	"i\000"
 537 013f 01       		.byte	0x1
 538 0140 B1       		.byte	0xb1
 539 0141 A5000000 		.4byte	0xa5
 540 0145 00000000 		.4byte	.LLST0
 541 0149 0C       		.uleb128 0xc
ARM GAS  C:\Users\Henrique\AppData\Local\Temp\ccU4M1lB.s 			page 17


 542 014a 6A00     		.ascii	"j\000"
 543 014c 01       		.byte	0x1
 544 014d B1       		.byte	0xb1
 545 014e A5000000 		.4byte	0xa5
 546 0152 1F000000 		.4byte	.LLST1
 547 0156 0D       		.uleb128 0xd
 548 0157 08000000 		.4byte	.LBB2
 549 015b 22000000 		.4byte	.LBE2-.LBB2
 550 015f 0E       		.uleb128 0xe
 551 0160 CB010000 		.4byte	.LASF25
 552 0164 01       		.byte	0x1
 553 0165 B4       		.byte	0xb4
 554 0166 A5000000 		.4byte	0xa5
 555 016a 3E000000 		.4byte	.LLST2
 556 016e 0E       		.uleb128 0xe
 557 016f 22000000 		.4byte	.LASF26
 558 0173 01       		.byte	0x1
 559 0174 B5       		.byte	0xb5
 560 0175 8D000000 		.4byte	0x8d
 561 0179 51000000 		.4byte	.LLST3
 562 017d 00       		.byte	0
 563 017e 00       		.byte	0
 564 017f 0F       		.uleb128 0xf
 565 0180 04       		.byte	0x4
 566 0181 85010000 		.4byte	0x185
 567 0185 10       		.uleb128 0x10
 568 0186 A5000000 		.4byte	0xa5
 569 018a 0F       		.uleb128 0xf
 570 018b 04       		.byte	0x4
 571 018c 90010000 		.4byte	0x190
 572 0190 10       		.uleb128 0x10
 573 0191 02010000 		.4byte	0x102
 574 0195 0A       		.uleb128 0xa
 575 0196 8F000000 		.4byte	.LASF28
 576 019a 01       		.byte	0x1
 577 019b 4C       		.byte	0x4c
 578 019c 00000000 		.4byte	.LFB0
 579 01a0 0C000000 		.4byte	.LFE0-.LFB0
 580 01a4 01       		.uleb128 0x1
 581 01a5 9C       		.byte	0x9c
 582 01a6 E2010000 		.4byte	0x1e2
 583 01aa 11       		.uleb128 0x11
 584 01ab 7300     		.ascii	"s\000"
 585 01ad 01       		.byte	0x1
 586 01ae 4C       		.byte	0x4c
 587 01af 84000000 		.4byte	0x84
 588 01b3 6F000000 		.4byte	.LLST4
 589 01b7 11       		.uleb128 0x11
 590 01b8 6E00     		.ascii	"n\000"
 591 01ba 01       		.byte	0x1
 592 01bb 4C       		.byte	0x4c
 593 01bc 2C000000 		.4byte	0x2c
 594 01c0 90000000 		.4byte	.LLST5
 595 01c4 12       		.uleb128 0x12
 596 01c5 0A000000 		.4byte	.LVL14
 597 01c9 75030000 		.4byte	0x375
 598 01cd 13       		.uleb128 0x13
ARM GAS  C:\Users\Henrique\AppData\Local\Temp\ccU4M1lB.s 			page 18


 599 01ce 01       		.uleb128 0x1
 600 01cf 50       		.byte	0x50
 601 01d0 03       		.uleb128 0x3
 602 01d1 F3       		.byte	0xf3
 603 01d2 01       		.uleb128 0x1
 604 01d3 50       		.byte	0x50
 605 01d4 13       		.uleb128 0x13
 606 01d5 01       		.uleb128 0x1
 607 01d6 51       		.byte	0x51
 608 01d7 01       		.uleb128 0x1
 609 01d8 30       		.byte	0x30
 610 01d9 13       		.uleb128 0x13
 611 01da 01       		.uleb128 0x1
 612 01db 52       		.byte	0x52
 613 01dc 03       		.uleb128 0x3
 614 01dd F3       		.byte	0xf3
 615 01de 01       		.uleb128 0x1
 616 01df 51       		.byte	0x51
 617 01e0 00       		.byte	0
 618 01e1 00       		.byte	0
 619 01e2 0A       		.uleb128 0xa
 620 01e3 28000000 		.4byte	.LASF29
 621 01e7 01       		.byte	0x1
 622 01e8 D3       		.byte	0xd3
 623 01e9 00000000 		.4byte	.LFB4
 624 01ed 78000000 		.4byte	.LFE4-.LFB4
 625 01f1 01       		.uleb128 0x1
 626 01f2 9C       		.byte	0x9c
 627 01f3 2D020000 		.4byte	0x22d
 628 01f7 14       		.uleb128 0x14
 629 01f8 14000000 		.4byte	.LVL15
 630 01fc 7E030000 		.4byte	0x37e
 631 0200 0A020000 		.4byte	0x20a
 632 0204 13       		.uleb128 0x13
 633 0205 01       		.uleb128 0x1
 634 0206 50       		.byte	0x50
 635 0207 01       		.uleb128 0x1
 636 0208 48       		.byte	0x48
 637 0209 00       		.byte	0
 638 020a 14       		.uleb128 0x14
 639 020b 42000000 		.4byte	.LVL16
 640 020f 89030000 		.4byte	0x389
 641 0213 1D020000 		.4byte	0x21d
 642 0217 13       		.uleb128 0x13
 643 0218 01       		.uleb128 0x1
 644 0219 50       		.byte	0x50
 645 021a 01       		.uleb128 0x1
 646 021b 39       		.byte	0x39
 647 021c 00       		.byte	0
 648 021d 12       		.uleb128 0x12
 649 021e 48000000 		.4byte	.LVL17
 650 0222 94030000 		.4byte	0x394
 651 0226 13       		.uleb128 0x13
 652 0227 01       		.uleb128 0x1
 653 0228 50       		.byte	0x50
 654 0229 01       		.uleb128 0x1
 655 022a 39       		.byte	0x39
ARM GAS  C:\Users\Henrique\AppData\Local\Temp\ccU4M1lB.s 			page 19


 656 022b 00       		.byte	0
 657 022c 00       		.byte	0
 658 022d 15       		.uleb128 0x15
 659 022e 04010000 		.4byte	.LASF42
 660 0232 01       		.byte	0x1
 661 0233 1E01     		.2byte	0x11e
 662 0235 78000000 		.4byte	.LFB6
 663 0239 AC000000 		.4byte	.LFE6-.LFB6
 664 023d 01       		.uleb128 0x1
 665 023e 9C       		.byte	0x9c
 666 023f 4B030000 		.4byte	0x34b
 667 0243 16       		.uleb128 0x16
 668 0244 7C000000 		.4byte	.LBB3
 669 0248 64000000 		.4byte	.LBE3-.LBB3
 670 024c 41030000 		.4byte	0x341
 671 0250 17       		.uleb128 0x17
 672 0251 33000000 		.4byte	.LASF30
 673 0255 01       		.byte	0x1
 674 0256 2401     		.2byte	0x124
 675 0258 5B030000 		.4byte	0x35b
 676 025c 05       		.uleb128 0x5
 677 025d 03       		.byte	0x3
 678 025e 1C000000 		.4byte	cy_cfg_addr_table.4864
 679 0262 17       		.uleb128 0x17
 680 0263 45000000 		.4byte	.LASF31
 681 0267 01       		.byte	0x1
 682 0268 2A01     		.2byte	0x12a
 683 026a 70030000 		.4byte	0x370
 684 026e 05       		.uleb128 0x5
 685 026f 03       		.byte	0x3
 686 0270 0C000000 		.4byte	cy_cfg_data_table.4865
 687 0274 18       		.uleb128 0x18
 688 0275 06       		.byte	0x6
 689 0276 01       		.byte	0x1
 690 0277 3701     		.2byte	0x137
 691 0279 98020000 		.4byte	0x298
 692 027d 19       		.uleb128 0x19
 693 027e 11010000 		.4byte	.LASF32
 694 0282 01       		.byte	0x1
 695 0283 3801     		.2byte	0x138
 696 0285 84000000 		.4byte	0x84
 697 0289 00       		.byte	0
 698 028a 19       		.uleb128 0x19
 699 028b 6D000000 		.4byte	.LASF33
 700 028f 01       		.byte	0x1
 701 0290 3901     		.2byte	0x139
 702 0292 99000000 		.4byte	0x99
 703 0296 04       		.byte	0x4
 704 0297 00       		.byte	0
 705 0298 06       		.uleb128 0x6
 706 0299 BE010000 		.4byte	.LASF34
 707 029d 01       		.byte	0x1
 708 029e 3A01     		.2byte	0x13a
 709 02a0 74020000 		.4byte	0x274
 710 02a4 1A       		.uleb128 0x1a
 711 02a5 B4020000 		.4byte	0x2b4
 712 02a9 B4020000 		.4byte	0x2b4
ARM GAS  C:\Users\Henrique\AppData\Local\Temp\ccU4M1lB.s 			page 20


 713 02ad 1B       		.uleb128 0x1b
 714 02ae 7D000000 		.4byte	0x7d
 715 02b2 01       		.byte	0x1
 716 02b3 00       		.byte	0
 717 02b4 10       		.uleb128 0x10
 718 02b5 98020000 		.4byte	0x298
 719 02b9 17       		.uleb128 0x17
 720 02ba 5D000000 		.4byte	.LASF35
 721 02be 01       		.byte	0x1
 722 02bf 3C01     		.2byte	0x13c
 723 02c1 CB020000 		.4byte	0x2cb
 724 02c5 05       		.uleb128 0x5
 725 02c6 03       		.byte	0x3
 726 02c7 00000000 		.4byte	cfg_memset_list.4870
 727 02cb 10       		.uleb128 0x10
 728 02cc A4020000 		.4byte	0x2a4
 729 02d0 1C       		.uleb128 0x1c
 730 02d1 6900     		.ascii	"i\000"
 731 02d3 01       		.byte	0x1
 732 02d4 4201     		.2byte	0x142
 733 02d6 8D000000 		.4byte	0x8d
 734 02da BC000000 		.4byte	.LLST6
 735 02de 16       		.uleb128 0x16
 736 02df 80000000 		.4byte	.LBB4
 737 02e3 1C000000 		.4byte	.LBE4-.LBB4
 738 02e7 24030000 		.4byte	0x324
 739 02eb 1C       		.uleb128 0x1c
 740 02ec 6D7300   		.ascii	"ms\000"
 741 02ef 01       		.byte	0x1
 742 02f0 4701     		.2byte	0x147
 743 02f2 FA020000 		.4byte	0x2fa
 744 02f6 E6000000 		.4byte	.LLST7
 745 02fa 0F       		.uleb128 0xf
 746 02fb 04       		.byte	0x4
 747 02fc B4020000 		.4byte	0x2b4
 748 0300 12       		.uleb128 0x12
 749 0301 9C000000 		.4byte	.LVL20
 750 0305 95010000 		.4byte	0x195
 751 0309 13       		.uleb128 0x13
 752 030a 01       		.uleb128 0x1
 753 030b 51       		.byte	0x51
 754 030c 15       		.uleb128 0x15
 755 030d 74       		.byte	0x74
 756 030e 00       		.sleb128 0
 757 030f 31       		.byte	0x31
 758 0310 24       		.byte	0x24
 759 0311 74       		.byte	0x74
 760 0312 00       		.sleb128 0
 761 0313 22       		.byte	0x22
 762 0314 31       		.byte	0x31
 763 0315 24       		.byte	0x24
 764 0316 03       		.byte	0x3
 765 0317 04000000 		.4byte	.LANCHOR0+4
 766 031b 22       		.byte	0x22
 767 031c 94       		.byte	0x94
 768 031d 02       		.byte	0x2
 769 031e 0A       		.byte	0xa
ARM GAS  C:\Users\Henrique\AppData\Local\Temp\ccU4M1lB.s 			page 21


 770 031f FFFF     		.2byte	0xffff
 771 0321 1A       		.byte	0x1a
 772 0322 00       		.byte	0
 773 0323 00       		.byte	0
 774 0324 12       		.uleb128 0x12
 775 0325 B0000000 		.4byte	.LVL23
 776 0329 0D010000 		.4byte	0x10d
 777 032d 13       		.uleb128 0x13
 778 032e 01       		.uleb128 0x1
 779 032f 50       		.byte	0x50
 780 0330 05       		.uleb128 0x5
 781 0331 03       		.byte	0x3
 782 0332 1C000000 		.4byte	.LANCHOR0+28
 783 0336 13       		.uleb128 0x13
 784 0337 01       		.uleb128 0x1
 785 0338 51       		.byte	0x51
 786 0339 05       		.uleb128 0x5
 787 033a 03       		.byte	0x3
 788 033b 0C000000 		.4byte	.LANCHOR0+12
 789 033f 00       		.byte	0
 790 0340 00       		.byte	0
 791 0341 1D       		.uleb128 0x1d
 792 0342 FA000000 		.4byte	.LVL24
 793 0346 E2010000 		.4byte	0x1e2
 794 034a 00       		.byte	0
 795 034b 1A       		.uleb128 0x1a
 796 034c 85010000 		.4byte	0x185
 797 0350 5B030000 		.4byte	0x35b
 798 0354 1B       		.uleb128 0x1b
 799 0355 7D000000 		.4byte	0x7d
 800 0359 02       		.byte	0x2
 801 035a 00       		.byte	0
 802 035b 10       		.uleb128 0x10
 803 035c 4B030000 		.4byte	0x34b
 804 0360 1A       		.uleb128 0x1a
 805 0361 90010000 		.4byte	0x190
 806 0365 70030000 		.4byte	0x370
 807 0369 1B       		.uleb128 0x1b
 808 036a 7D000000 		.4byte	0x7d
 809 036e 07       		.byte	0x7
 810 036f 00       		.byte	0
 811 0370 10       		.uleb128 0x10
 812 0371 60030000 		.4byte	0x360
 813 0375 1E       		.uleb128 0x1e
 814 0376 A7000000 		.4byte	.LASF43
 815 037a A7000000 		.4byte	.LASF43
 816 037e 1F       		.uleb128 0x1f
 817 037f 27020000 		.4byte	.LASF36
 818 0383 27020000 		.4byte	.LASF36
 819 0387 04       		.byte	0x4
 820 0388 6C       		.byte	0x6c
 821 0389 1F       		.uleb128 0x1f
 822 038a 0D000000 		.4byte	.LASF37
 823 038e 0D000000 		.4byte	.LASF37
 824 0392 04       		.byte	0x4
 825 0393 D0       		.byte	0xd0
 826 0394 1F       		.uleb128 0x1f
ARM GAS  C:\Users\Henrique\AppData\Local\Temp\ccU4M1lB.s 			page 22


 827 0395 C7000000 		.4byte	.LASF38
 828 0399 C7000000 		.4byte	.LASF38
 829 039d 04       		.byte	0x4
 830 039e D6       		.byte	0xd6
 831 039f 00       		.byte	0
 832              		.section	.debug_abbrev,"",%progbits
 833              	.Ldebug_abbrev0:
 834 0000 01       		.uleb128 0x1
 835 0001 11       		.uleb128 0x11
 836 0002 01       		.byte	0x1
 837 0003 25       		.uleb128 0x25
 838 0004 0E       		.uleb128 0xe
 839 0005 13       		.uleb128 0x13
 840 0006 0B       		.uleb128 0xb
 841 0007 03       		.uleb128 0x3
 842 0008 0E       		.uleb128 0xe
 843 0009 1B       		.uleb128 0x1b
 844 000a 0E       		.uleb128 0xe
 845 000b 55       		.uleb128 0x55
 846 000c 17       		.uleb128 0x17
 847 000d 11       		.uleb128 0x11
 848 000e 01       		.uleb128 0x1
 849 000f 10       		.uleb128 0x10
 850 0010 17       		.uleb128 0x17
 851 0011 00       		.byte	0
 852 0012 00       		.byte	0
 853 0013 02       		.uleb128 0x2
 854 0014 24       		.uleb128 0x24
 855 0015 00       		.byte	0
 856 0016 0B       		.uleb128 0xb
 857 0017 0B       		.uleb128 0xb
 858 0018 3E       		.uleb128 0x3e
 859 0019 0B       		.uleb128 0xb
 860 001a 03       		.uleb128 0x3
 861 001b 08       		.uleb128 0x8
 862 001c 00       		.byte	0
 863 001d 00       		.byte	0
 864 001e 03       		.uleb128 0x3
 865 001f 16       		.uleb128 0x16
 866 0020 00       		.byte	0
 867 0021 03       		.uleb128 0x3
 868 0022 0E       		.uleb128 0xe
 869 0023 3A       		.uleb128 0x3a
 870 0024 0B       		.uleb128 0xb
 871 0025 3B       		.uleb128 0x3b
 872 0026 0B       		.uleb128 0xb
 873 0027 49       		.uleb128 0x49
 874 0028 13       		.uleb128 0x13
 875 0029 00       		.byte	0
 876 002a 00       		.byte	0
 877 002b 04       		.uleb128 0x4
 878 002c 24       		.uleb128 0x24
 879 002d 00       		.byte	0
 880 002e 0B       		.uleb128 0xb
 881 002f 0B       		.uleb128 0xb
 882 0030 3E       		.uleb128 0x3e
 883 0031 0B       		.uleb128 0xb
ARM GAS  C:\Users\Henrique\AppData\Local\Temp\ccU4M1lB.s 			page 23


 884 0032 03       		.uleb128 0x3
 885 0033 0E       		.uleb128 0xe
 886 0034 00       		.byte	0
 887 0035 00       		.byte	0
 888 0036 05       		.uleb128 0x5
 889 0037 0F       		.uleb128 0xf
 890 0038 00       		.byte	0
 891 0039 0B       		.uleb128 0xb
 892 003a 0B       		.uleb128 0xb
 893 003b 00       		.byte	0
 894 003c 00       		.byte	0
 895 003d 06       		.uleb128 0x6
 896 003e 16       		.uleb128 0x16
 897 003f 00       		.byte	0
 898 0040 03       		.uleb128 0x3
 899 0041 0E       		.uleb128 0xe
 900 0042 3A       		.uleb128 0x3a
 901 0043 0B       		.uleb128 0xb
 902 0044 3B       		.uleb128 0x3b
 903 0045 05       		.uleb128 0x5
 904 0046 49       		.uleb128 0x49
 905 0047 13       		.uleb128 0x13
 906 0048 00       		.byte	0
 907 0049 00       		.byte	0
 908 004a 07       		.uleb128 0x7
 909 004b 35       		.uleb128 0x35
 910 004c 00       		.byte	0
 911 004d 49       		.uleb128 0x49
 912 004e 13       		.uleb128 0x13
 913 004f 00       		.byte	0
 914 0050 00       		.byte	0
 915 0051 08       		.uleb128 0x8
 916 0052 13       		.uleb128 0x13
 917 0053 01       		.byte	0x1
 918 0054 0B       		.uleb128 0xb
 919 0055 0B       		.uleb128 0xb
 920 0056 3A       		.uleb128 0x3a
 921 0057 0B       		.uleb128 0xb
 922 0058 3B       		.uleb128 0x3b
 923 0059 0B       		.uleb128 0xb
 924 005a 01       		.uleb128 0x1
 925 005b 13       		.uleb128 0x13
 926 005c 00       		.byte	0
 927 005d 00       		.byte	0
 928 005e 09       		.uleb128 0x9
 929 005f 0D       		.uleb128 0xd
 930 0060 00       		.byte	0
 931 0061 03       		.uleb128 0x3
 932 0062 0E       		.uleb128 0xe
 933 0063 3A       		.uleb128 0x3a
 934 0064 0B       		.uleb128 0xb
 935 0065 3B       		.uleb128 0x3b
 936 0066 0B       		.uleb128 0xb
 937 0067 49       		.uleb128 0x49
 938 0068 13       		.uleb128 0x13
 939 0069 38       		.uleb128 0x38
 940 006a 0B       		.uleb128 0xb
ARM GAS  C:\Users\Henrique\AppData\Local\Temp\ccU4M1lB.s 			page 24


 941 006b 00       		.byte	0
 942 006c 00       		.byte	0
 943 006d 0A       		.uleb128 0xa
 944 006e 2E       		.uleb128 0x2e
 945 006f 01       		.byte	0x1
 946 0070 03       		.uleb128 0x3
 947 0071 0E       		.uleb128 0xe
 948 0072 3A       		.uleb128 0x3a
 949 0073 0B       		.uleb128 0xb
 950 0074 3B       		.uleb128 0x3b
 951 0075 0B       		.uleb128 0xb
 952 0076 27       		.uleb128 0x27
 953 0077 19       		.uleb128 0x19
 954 0078 11       		.uleb128 0x11
 955 0079 01       		.uleb128 0x1
 956 007a 12       		.uleb128 0x12
 957 007b 06       		.uleb128 0x6
 958 007c 40       		.uleb128 0x40
 959 007d 18       		.uleb128 0x18
 960 007e 9742     		.uleb128 0x2117
 961 0080 19       		.uleb128 0x19
 962 0081 01       		.uleb128 0x1
 963 0082 13       		.uleb128 0x13
 964 0083 00       		.byte	0
 965 0084 00       		.byte	0
 966 0085 0B       		.uleb128 0xb
 967 0086 05       		.uleb128 0x5
 968 0087 00       		.byte	0
 969 0088 03       		.uleb128 0x3
 970 0089 0E       		.uleb128 0xe
 971 008a 3A       		.uleb128 0x3a
 972 008b 0B       		.uleb128 0xb
 973 008c 3B       		.uleb128 0x3b
 974 008d 0B       		.uleb128 0xb
 975 008e 49       		.uleb128 0x49
 976 008f 13       		.uleb128 0x13
 977 0090 02       		.uleb128 0x2
 978 0091 18       		.uleb128 0x18
 979 0092 00       		.byte	0
 980 0093 00       		.byte	0
 981 0094 0C       		.uleb128 0xc
 982 0095 34       		.uleb128 0x34
 983 0096 00       		.byte	0
 984 0097 03       		.uleb128 0x3
 985 0098 08       		.uleb128 0x8
 986 0099 3A       		.uleb128 0x3a
 987 009a 0B       		.uleb128 0xb
 988 009b 3B       		.uleb128 0x3b
 989 009c 0B       		.uleb128 0xb
 990 009d 49       		.uleb128 0x49
 991 009e 13       		.uleb128 0x13
 992 009f 02       		.uleb128 0x2
 993 00a0 17       		.uleb128 0x17
 994 00a1 00       		.byte	0
 995 00a2 00       		.byte	0
 996 00a3 0D       		.uleb128 0xd
 997 00a4 0B       		.uleb128 0xb
ARM GAS  C:\Users\Henrique\AppData\Local\Temp\ccU4M1lB.s 			page 25


 998 00a5 01       		.byte	0x1
 999 00a6 11       		.uleb128 0x11
 1000 00a7 01       		.uleb128 0x1
 1001 00a8 12       		.uleb128 0x12
 1002 00a9 06       		.uleb128 0x6
 1003 00aa 00       		.byte	0
 1004 00ab 00       		.byte	0
 1005 00ac 0E       		.uleb128 0xe
 1006 00ad 34       		.uleb128 0x34
 1007 00ae 00       		.byte	0
 1008 00af 03       		.uleb128 0x3
 1009 00b0 0E       		.uleb128 0xe
 1010 00b1 3A       		.uleb128 0x3a
 1011 00b2 0B       		.uleb128 0xb
 1012 00b3 3B       		.uleb128 0x3b
 1013 00b4 0B       		.uleb128 0xb
 1014 00b5 49       		.uleb128 0x49
 1015 00b6 13       		.uleb128 0x13
 1016 00b7 02       		.uleb128 0x2
 1017 00b8 17       		.uleb128 0x17
 1018 00b9 00       		.byte	0
 1019 00ba 00       		.byte	0
 1020 00bb 0F       		.uleb128 0xf
 1021 00bc 0F       		.uleb128 0xf
 1022 00bd 00       		.byte	0
 1023 00be 0B       		.uleb128 0xb
 1024 00bf 0B       		.uleb128 0xb
 1025 00c0 49       		.uleb128 0x49
 1026 00c1 13       		.uleb128 0x13
 1027 00c2 00       		.byte	0
 1028 00c3 00       		.byte	0
 1029 00c4 10       		.uleb128 0x10
 1030 00c5 26       		.uleb128 0x26
 1031 00c6 00       		.byte	0
 1032 00c7 49       		.uleb128 0x49
 1033 00c8 13       		.uleb128 0x13
 1034 00c9 00       		.byte	0
 1035 00ca 00       		.byte	0
 1036 00cb 11       		.uleb128 0x11
 1037 00cc 05       		.uleb128 0x5
 1038 00cd 00       		.byte	0
 1039 00ce 03       		.uleb128 0x3
 1040 00cf 08       		.uleb128 0x8
 1041 00d0 3A       		.uleb128 0x3a
 1042 00d1 0B       		.uleb128 0xb
 1043 00d2 3B       		.uleb128 0x3b
 1044 00d3 0B       		.uleb128 0xb
 1045 00d4 49       		.uleb128 0x49
 1046 00d5 13       		.uleb128 0x13
 1047 00d6 02       		.uleb128 0x2
 1048 00d7 17       		.uleb128 0x17
 1049 00d8 00       		.byte	0
 1050 00d9 00       		.byte	0
 1051 00da 12       		.uleb128 0x12
 1052 00db 898201   		.uleb128 0x4109
 1053 00de 01       		.byte	0x1
 1054 00df 11       		.uleb128 0x11
ARM GAS  C:\Users\Henrique\AppData\Local\Temp\ccU4M1lB.s 			page 26


 1055 00e0 01       		.uleb128 0x1
 1056 00e1 31       		.uleb128 0x31
 1057 00e2 13       		.uleb128 0x13
 1058 00e3 00       		.byte	0
 1059 00e4 00       		.byte	0
 1060 00e5 13       		.uleb128 0x13
 1061 00e6 8A8201   		.uleb128 0x410a
 1062 00e9 00       		.byte	0
 1063 00ea 02       		.uleb128 0x2
 1064 00eb 18       		.uleb128 0x18
 1065 00ec 9142     		.uleb128 0x2111
 1066 00ee 18       		.uleb128 0x18
 1067 00ef 00       		.byte	0
 1068 00f0 00       		.byte	0
 1069 00f1 14       		.uleb128 0x14
 1070 00f2 898201   		.uleb128 0x4109
 1071 00f5 01       		.byte	0x1
 1072 00f6 11       		.uleb128 0x11
 1073 00f7 01       		.uleb128 0x1
 1074 00f8 31       		.uleb128 0x31
 1075 00f9 13       		.uleb128 0x13
 1076 00fa 01       		.uleb128 0x1
 1077 00fb 13       		.uleb128 0x13
 1078 00fc 00       		.byte	0
 1079 00fd 00       		.byte	0
 1080 00fe 15       		.uleb128 0x15
 1081 00ff 2E       		.uleb128 0x2e
 1082 0100 01       		.byte	0x1
 1083 0101 3F       		.uleb128 0x3f
 1084 0102 19       		.uleb128 0x19
 1085 0103 03       		.uleb128 0x3
 1086 0104 0E       		.uleb128 0xe
 1087 0105 3A       		.uleb128 0x3a
 1088 0106 0B       		.uleb128 0xb
 1089 0107 3B       		.uleb128 0x3b
 1090 0108 05       		.uleb128 0x5
 1091 0109 27       		.uleb128 0x27
 1092 010a 19       		.uleb128 0x19
 1093 010b 11       		.uleb128 0x11
 1094 010c 01       		.uleb128 0x1
 1095 010d 12       		.uleb128 0x12
 1096 010e 06       		.uleb128 0x6
 1097 010f 40       		.uleb128 0x40
 1098 0110 18       		.uleb128 0x18
 1099 0111 9742     		.uleb128 0x2117
 1100 0113 19       		.uleb128 0x19
 1101 0114 01       		.uleb128 0x1
 1102 0115 13       		.uleb128 0x13
 1103 0116 00       		.byte	0
 1104 0117 00       		.byte	0
 1105 0118 16       		.uleb128 0x16
 1106 0119 0B       		.uleb128 0xb
 1107 011a 01       		.byte	0x1
 1108 011b 11       		.uleb128 0x11
 1109 011c 01       		.uleb128 0x1
 1110 011d 12       		.uleb128 0x12
 1111 011e 06       		.uleb128 0x6
ARM GAS  C:\Users\Henrique\AppData\Local\Temp\ccU4M1lB.s 			page 27


 1112 011f 01       		.uleb128 0x1
 1113 0120 13       		.uleb128 0x13
 1114 0121 00       		.byte	0
 1115 0122 00       		.byte	0
 1116 0123 17       		.uleb128 0x17
 1117 0124 34       		.uleb128 0x34
 1118 0125 00       		.byte	0
 1119 0126 03       		.uleb128 0x3
 1120 0127 0E       		.uleb128 0xe
 1121 0128 3A       		.uleb128 0x3a
 1122 0129 0B       		.uleb128 0xb
 1123 012a 3B       		.uleb128 0x3b
 1124 012b 05       		.uleb128 0x5
 1125 012c 49       		.uleb128 0x49
 1126 012d 13       		.uleb128 0x13
 1127 012e 02       		.uleb128 0x2
 1128 012f 18       		.uleb128 0x18
 1129 0130 00       		.byte	0
 1130 0131 00       		.byte	0
 1131 0132 18       		.uleb128 0x18
 1132 0133 13       		.uleb128 0x13
 1133 0134 01       		.byte	0x1
 1134 0135 0B       		.uleb128 0xb
 1135 0136 0B       		.uleb128 0xb
 1136 0137 3A       		.uleb128 0x3a
 1137 0138 0B       		.uleb128 0xb
 1138 0139 3B       		.uleb128 0x3b
 1139 013a 05       		.uleb128 0x5
 1140 013b 01       		.uleb128 0x1
 1141 013c 13       		.uleb128 0x13
 1142 013d 00       		.byte	0
 1143 013e 00       		.byte	0
 1144 013f 19       		.uleb128 0x19
 1145 0140 0D       		.uleb128 0xd
 1146 0141 00       		.byte	0
 1147 0142 03       		.uleb128 0x3
 1148 0143 0E       		.uleb128 0xe
 1149 0144 3A       		.uleb128 0x3a
 1150 0145 0B       		.uleb128 0xb
 1151 0146 3B       		.uleb128 0x3b
 1152 0147 05       		.uleb128 0x5
 1153 0148 49       		.uleb128 0x49
 1154 0149 13       		.uleb128 0x13
 1155 014a 38       		.uleb128 0x38
 1156 014b 0B       		.uleb128 0xb
 1157 014c 00       		.byte	0
 1158 014d 00       		.byte	0
 1159 014e 1A       		.uleb128 0x1a
 1160 014f 01       		.uleb128 0x1
 1161 0150 01       		.byte	0x1
 1162 0151 49       		.uleb128 0x49
 1163 0152 13       		.uleb128 0x13
 1164 0153 01       		.uleb128 0x1
 1165 0154 13       		.uleb128 0x13
 1166 0155 00       		.byte	0
 1167 0156 00       		.byte	0
 1168 0157 1B       		.uleb128 0x1b
ARM GAS  C:\Users\Henrique\AppData\Local\Temp\ccU4M1lB.s 			page 28


 1169 0158 21       		.uleb128 0x21
 1170 0159 00       		.byte	0
 1171 015a 49       		.uleb128 0x49
 1172 015b 13       		.uleb128 0x13
 1173 015c 2F       		.uleb128 0x2f
 1174 015d 0B       		.uleb128 0xb
 1175 015e 00       		.byte	0
 1176 015f 00       		.byte	0
 1177 0160 1C       		.uleb128 0x1c
 1178 0161 34       		.uleb128 0x34
 1179 0162 00       		.byte	0
 1180 0163 03       		.uleb128 0x3
 1181 0164 08       		.uleb128 0x8
 1182 0165 3A       		.uleb128 0x3a
 1183 0166 0B       		.uleb128 0xb
 1184 0167 3B       		.uleb128 0x3b
 1185 0168 05       		.uleb128 0x5
 1186 0169 49       		.uleb128 0x49
 1187 016a 13       		.uleb128 0x13
 1188 016b 02       		.uleb128 0x2
 1189 016c 17       		.uleb128 0x17
 1190 016d 00       		.byte	0
 1191 016e 00       		.byte	0
 1192 016f 1D       		.uleb128 0x1d
 1193 0170 898201   		.uleb128 0x4109
 1194 0173 00       		.byte	0
 1195 0174 11       		.uleb128 0x11
 1196 0175 01       		.uleb128 0x1
 1197 0176 31       		.uleb128 0x31
 1198 0177 13       		.uleb128 0x13
 1199 0178 00       		.byte	0
 1200 0179 00       		.byte	0
 1201 017a 1E       		.uleb128 0x1e
 1202 017b 2E       		.uleb128 0x2e
 1203 017c 00       		.byte	0
 1204 017d 3F       		.uleb128 0x3f
 1205 017e 19       		.uleb128 0x19
 1206 017f 3C       		.uleb128 0x3c
 1207 0180 19       		.uleb128 0x19
 1208 0181 6E       		.uleb128 0x6e
 1209 0182 0E       		.uleb128 0xe
 1210 0183 03       		.uleb128 0x3
 1211 0184 0E       		.uleb128 0xe
 1212 0185 00       		.byte	0
 1213 0186 00       		.byte	0
 1214 0187 1F       		.uleb128 0x1f
 1215 0188 2E       		.uleb128 0x2e
 1216 0189 00       		.byte	0
 1217 018a 3F       		.uleb128 0x3f
 1218 018b 19       		.uleb128 0x19
 1219 018c 3C       		.uleb128 0x3c
 1220 018d 19       		.uleb128 0x19
 1221 018e 6E       		.uleb128 0x6e
 1222 018f 0E       		.uleb128 0xe
 1223 0190 03       		.uleb128 0x3
 1224 0191 0E       		.uleb128 0xe
 1225 0192 3A       		.uleb128 0x3a
ARM GAS  C:\Users\Henrique\AppData\Local\Temp\ccU4M1lB.s 			page 29


 1226 0193 0B       		.uleb128 0xb
 1227 0194 3B       		.uleb128 0x3b
 1228 0195 0B       		.uleb128 0xb
 1229 0196 00       		.byte	0
 1230 0197 00       		.byte	0
 1231 0198 00       		.byte	0
 1232              		.section	.debug_loc,"",%progbits
 1233              	.Ldebug_loc0:
 1234              	.LLST0:
 1235 0000 02000000 		.4byte	.LVL1
 1236 0004 08000000 		.4byte	.LVL2
 1237 0008 0200     		.2byte	0x2
 1238 000a 30       		.byte	0x30
 1239 000b 9F       		.byte	0x9f
 1240 000c 08000000 		.4byte	.LVL2
 1241 0010 30000000 		.4byte	.LVL11
 1242 0014 0100     		.2byte	0x1
 1243 0016 57       		.byte	0x57
 1244 0017 00000000 		.4byte	0
 1245 001b 00000000 		.4byte	0
 1246              	.LLST1:
 1247 001f 02000000 		.4byte	.LVL1
 1248 0023 08000000 		.4byte	.LVL2
 1249 0027 0200     		.2byte	0x2
 1250 0029 30       		.byte	0x30
 1251 002a 9F       		.byte	0x9f
 1252 002b 08000000 		.4byte	.LVL2
 1253 002f 30000000 		.4byte	.LVL10
 1254 0033 0100     		.2byte	0x1
 1255 0035 55       		.byte	0x55
 1256 0036 00000000 		.4byte	0
 1257 003a 00000000 		.4byte	0
 1258              	.LLST2:
 1259 003e 0C000000 		.4byte	.LVL3
 1260 0042 2C000000 		.4byte	.LVL9
 1261 0046 0100     		.2byte	0x1
 1262 0048 56       		.byte	0x56
 1263 0049 00000000 		.4byte	0
 1264 004d 00000000 		.4byte	0
 1265              	.LLST3:
 1266 0051 0E000000 		.4byte	.LVL4
 1267 0055 24000000 		.4byte	.LVL7
 1268 0059 0100     		.2byte	0x1
 1269 005b 53       		.byte	0x53
 1270 005c 26000000 		.4byte	.LVL8
 1271 0060 2C000000 		.4byte	.LVL9
 1272 0064 0100     		.2byte	0x1
 1273 0066 53       		.byte	0x53
 1274 0067 00000000 		.4byte	0
 1275 006b 00000000 		.4byte	0
 1276              	.LLST4:
 1277 006f 00000000 		.4byte	.LVL12
 1278 0073 09000000 		.4byte	.LVL14-1
 1279 0077 0100     		.2byte	0x1
 1280 0079 50       		.byte	0x50
 1281 007a 09000000 		.4byte	.LVL14-1
 1282 007e 0C000000 		.4byte	.LFE0
ARM GAS  C:\Users\Henrique\AppData\Local\Temp\ccU4M1lB.s 			page 30


 1283 0082 0400     		.2byte	0x4
 1284 0084 F3       		.byte	0xf3
 1285 0085 01       		.uleb128 0x1
 1286 0086 50       		.byte	0x50
 1287 0087 9F       		.byte	0x9f
 1288 0088 00000000 		.4byte	0
 1289 008c 00000000 		.4byte	0
 1290              	.LLST5:
 1291 0090 00000000 		.4byte	.LVL12
 1292 0094 06000000 		.4byte	.LVL13
 1293 0098 0100     		.2byte	0x1
 1294 009a 51       		.byte	0x51
 1295 009b 06000000 		.4byte	.LVL13
 1296 009f 09000000 		.4byte	.LVL14-1
 1297 00a3 0100     		.2byte	0x1
 1298 00a5 52       		.byte	0x52
 1299 00a6 09000000 		.4byte	.LVL14-1
 1300 00aa 0C000000 		.4byte	.LFE0
 1301 00ae 0400     		.2byte	0x4
 1302 00b0 F3       		.byte	0xf3
 1303 00b1 01       		.uleb128 0x1
 1304 00b2 51       		.byte	0x51
 1305 00b3 9F       		.byte	0x9f
 1306 00b4 00000000 		.4byte	0
 1307 00b8 00000000 		.4byte	0
 1308              	.LLST6:
 1309 00bc 7C000000 		.4byte	.LVL18
 1310 00c0 80000000 		.4byte	.LVL19
 1311 00c4 0200     		.2byte	0x2
 1312 00c6 30       		.byte	0x30
 1313 00c7 9F       		.byte	0x9f
 1314 00c8 80000000 		.4byte	.LVL19
 1315 00cc 9E000000 		.4byte	.LVL21
 1316 00d0 0100     		.2byte	0x1
 1317 00d2 54       		.byte	0x54
 1318 00d3 A0000000 		.4byte	.LVL22
 1319 00d7 FA000000 		.4byte	.LVL25
 1320 00db 0100     		.2byte	0x1
 1321 00dd 54       		.byte	0x54
 1322 00de 00000000 		.4byte	0
 1323 00e2 00000000 		.4byte	0
 1324              	.LLST7:
 1325 00e6 80000000 		.4byte	.LVL19
 1326 00ea 9E000000 		.4byte	.LVL21
 1327 00ee 0B00     		.2byte	0xb
 1328 00f0 74       		.byte	0x74
 1329 00f1 00       		.sleb128 0
 1330 00f2 36       		.byte	0x36
 1331 00f3 1E       		.byte	0x1e
 1332 00f4 03       		.byte	0x3
 1333 00f5 00000000 		.4byte	cfg_memset_list.4870
 1334 00f9 22       		.byte	0x22
 1335 00fa 9F       		.byte	0x9f
 1336 00fb 9E000000 		.4byte	.LVL21
 1337 00ff A0000000 		.4byte	.LVL22
 1338 0103 0B00     		.2byte	0xb
 1339 0105 74       		.byte	0x74
ARM GAS  C:\Users\Henrique\AppData\Local\Temp\ccU4M1lB.s 			page 31


 1340 0106 7F       		.sleb128 -1
 1341 0107 36       		.byte	0x36
 1342 0108 1E       		.byte	0x1e
 1343 0109 03       		.byte	0x3
 1344 010a 00000000 		.4byte	cfg_memset_list.4870
 1345 010e 22       		.byte	0x22
 1346 010f 9F       		.byte	0x9f
 1347 0110 00000000 		.4byte	0
 1348 0114 00000000 		.4byte	0
 1349              		.section	.debug_aranges,"",%progbits
 1350 0000 34000000 		.4byte	0x34
 1351 0004 0200     		.2byte	0x2
 1352 0006 00000000 		.4byte	.Ldebug_info0
 1353 000a 04       		.byte	0x4
 1354 000b 00       		.byte	0
 1355 000c 0000     		.2byte	0
 1356 000e 0000     		.2byte	0
 1357 0010 00000000 		.4byte	.LFB3
 1358 0014 32000000 		.4byte	.LFE3-.LFB3
 1359 0018 00000000 		.4byte	.LFB0
 1360 001c 0C000000 		.4byte	.LFE0-.LFB0
 1361 0020 00000000 		.4byte	.LFB4
 1362 0024 78000000 		.4byte	.LFE4-.LFB4
 1363 0028 78000000 		.4byte	.LFB6
 1364 002c AC000000 		.4byte	.LFE6-.LFB6
 1365 0030 00000000 		.4byte	0
 1366 0034 00000000 		.4byte	0
 1367              		.section	.debug_ranges,"",%progbits
 1368              	.Ldebug_ranges0:
 1369 0000 00000000 		.4byte	.LFB3
 1370 0004 32000000 		.4byte	.LFE3
 1371 0008 00000000 		.4byte	.LFB0
 1372 000c 0C000000 		.4byte	.LFE0
 1373 0010 00000000 		.4byte	.LFB4
 1374 0014 78000000 		.4byte	.LFE4
 1375 0018 78000000 		.4byte	.LFB6
 1376 001c 24010000 		.4byte	.LFE6
 1377 0020 00000000 		.4byte	0
 1378 0024 00000000 		.4byte	0
 1379              		.section	.debug_line,"",%progbits
 1380              	.Ldebug_line0:
 1381 0000 58010000 		.section	.debug_str,"MS",%progbits,1
 1381      0200D600 
 1381      00000201 
 1381      FB0E0D00 
 1381      01010101 
 1382              	.LASF19:
 1383 0000 72656733 		.ascii	"reg32\000"
 1383      3200
 1384              	.LASF12:
 1385 0006 73697A65 		.ascii	"size_t\000"
 1385      5F7400
 1386              	.LASF37:
 1387 000d 4379496E 		.ascii	"CyIntSetVector\000"
 1387      74536574 
 1387      56656374 
 1387      6F7200
ARM GAS  C:\Users\Henrique\AppData\Local\Temp\ccU4M1lB.s 			page 32


 1388              	.LASF21:
 1389 001c 76616C75 		.ascii	"value\000"
 1389      6500
 1390              	.LASF26:
 1391 0022 636F756E 		.ascii	"count\000"
 1391      7400
 1392              	.LASF29:
 1393 0028 436C6F63 		.ascii	"ClockSetup\000"
 1393      6B536574 
 1393      757000
 1394              	.LASF30:
 1395 0033 63795F63 		.ascii	"cy_cfg_addr_table\000"
 1395      66675F61 
 1395      6464725F 
 1395      7461626C 
 1395      6500
 1396              	.LASF31:
 1397 0045 63795F63 		.ascii	"cy_cfg_data_table\000"
 1397      66675F64 
 1397      6174615F 
 1397      7461626C 
 1397      6500
 1398              	.LASF16:
 1399 0057 666C6F61 		.ascii	"float\000"
 1399      7400
 1400              	.LASF35:
 1401 005d 6366675F 		.ascii	"cfg_memset_list\000"
 1401      6D656D73 
 1401      65745F6C 
 1401      69737400 
 1402              	.LASF33:
 1403 006d 73697A65 		.ascii	"size\000"
 1403      00
 1404              	.LASF18:
 1405 0072 72656738 		.ascii	"reg8\000"
 1405      00
 1406              	.LASF8:
 1407 0077 6C6F6E67 		.ascii	"long unsigned int\000"
 1407      20756E73 
 1407      69676E65 
 1407      6420696E 
 1407      7400
 1408              	.LASF13:
 1409 0089 75696E74 		.ascii	"uint8\000"
 1409      3800
 1410              	.LASF28:
 1411 008f 43594D45 		.ascii	"CYMEMZERO\000"
 1411      4D5A4552 
 1411      4F00
 1412              	.LASF4:
 1413 0099 756E7369 		.ascii	"unsigned char\000"
 1413      676E6564 
 1413      20636861 
 1413      7200
 1414              	.LASF43:
 1415 00a7 6D656D73 		.ascii	"memset\000"
 1415      657400
ARM GAS  C:\Users\Henrique\AppData\Local\Temp\ccU4M1lB.s 			page 33


 1416              	.LASF17:
 1417 00ae 646F7562 		.ascii	"double\000"
 1417      6C6500
 1418              	.LASF27:
 1419 00b5 6366675F 		.ascii	"cfg_write_bytes32\000"
 1419      77726974 
 1419      655F6279 
 1419      74657333 
 1419      3200
 1420              	.LASF38:
 1421 00c7 4379496E 		.ascii	"CyIntEnable\000"
 1421      74456E61 
 1421      626C6500 
 1422              	.LASF23:
 1423 00d3 61646472 		.ascii	"addr_table\000"
 1423      5F746162 
 1423      6C6500
 1424              	.LASF14:
 1425 00de 75696E74 		.ascii	"uint16\000"
 1425      313600
 1426              	.LASF24:
 1427 00e5 64617461 		.ascii	"data_table\000"
 1427      5F746162 
 1427      6C6500
 1428              	.LASF15:
 1429 00f0 75696E74 		.ascii	"uint32\000"
 1429      333200
 1430              	.LASF0:
 1431 00f7 756E7369 		.ascii	"unsigned int\000"
 1431      676E6564 
 1431      20696E74 
 1431      00
 1432              	.LASF42:
 1433 0104 63796669 		.ascii	"cyfitter_cfg\000"
 1433      74746572 
 1433      5F636667 
 1433      00
 1434              	.LASF32:
 1435 0111 61646472 		.ascii	"address\000"
 1435      65737300 
 1436              	.LASF9:
 1437 0119 6C6F6E67 		.ascii	"long long unsigned int\000"
 1437      206C6F6E 
 1437      6720756E 
 1437      7369676E 
 1437      65642069 
 1438              	.LASF39:
 1439 0130 474E5520 		.ascii	"GNU C11 5.4.1 20160609 (release) [ARM/embedded-5-br"
 1439      43313120 
 1439      352E342E 
 1439      31203230 
 1439      31363036 
 1440 0163 616E6368 		.ascii	"anch revision 237715] -mcpu=cortex-m0 -mthumb -g -O"
 1440      20726576 
 1440      6973696F 
 1440      6E203233 
 1440      37373135 
ARM GAS  C:\Users\Henrique\AppData\Local\Temp\ccU4M1lB.s 			page 34


 1441 0196 67202D66 		.ascii	"g -ffunction-sections -ffat-lto-objects\000"
 1441      66756E63 
 1441      74696F6E 
 1441      2D736563 
 1441      74696F6E 
 1442              	.LASF34:
 1443 01be 6366675F 		.ascii	"cfg_memset_t\000"
 1443      6D656D73 
 1443      65745F74 
 1443      00
 1444              	.LASF25:
 1445 01cb 62617365 		.ascii	"baseAddr\000"
 1445      41646472 
 1445      00
 1446              	.LASF10:
 1447 01d4 73697A65 		.ascii	"sizetype\000"
 1447      74797065 
 1447      00
 1448              	.LASF6:
 1449 01dd 73686F72 		.ascii	"short unsigned int\000"
 1449      7420756E 
 1449      7369676E 
 1449      65642069 
 1449      6E7400
 1450              	.LASF1:
 1451 01f0 6C6F6E67 		.ascii	"long long int\000"
 1451      206C6F6E 
 1451      6720696E 
 1451      7400
 1452              	.LASF11:
 1453 01fe 63686172 		.ascii	"char\000"
 1453      00
 1454              	.LASF22:
 1455 0203 63795F63 		.ascii	"cy_cfg_addrvalue_t\000"
 1455      66675F61 
 1455      64647276 
 1455      616C7565 
 1455      5F7400
 1456              	.LASF20:
 1457 0216 6F666673 		.ascii	"offset\000"
 1457      657400
 1458              	.LASF5:
 1459 021d 73686F72 		.ascii	"short int\000"
 1459      7420696E 
 1459      7400
 1460              	.LASF36:
 1461 0227 43795379 		.ascii	"CySysClkWriteImoFreq\000"
 1461      73436C6B 
 1461      57726974 
 1461      65496D6F 
 1461      46726571 
 1462              	.LASF41:
 1463 023c 433A5C55 		.ascii	"C:\\Users\\Henrique\\Documents\\PSoC Creator\\Prati"
 1463      73657273 
 1463      5C48656E 
 1463      72697175 
 1463      655C446F 
ARM GAS  C:\Users\Henrique\AppData\Local\Temp\ccU4M1lB.s 			page 35


 1464 026a 6361375C 		.ascii	"ca7\\Pratica7.cydsn\000"
 1464      50726174 
 1464      69636137 
 1464      2E637964 
 1464      736E00
 1465              	.LASF7:
 1466 027d 6C6F6E67 		.ascii	"long int\000"
 1466      20696E74 
 1466      00
 1467              	.LASF2:
 1468 0286 6C6F6E67 		.ascii	"long double\000"
 1468      20646F75 
 1468      626C6500 
 1469              	.LASF3:
 1470 0292 7369676E 		.ascii	"signed char\000"
 1470      65642063 
 1470      68617200 
 1471              	.LASF40:
 1472 029e 47656E65 		.ascii	"Generated_Source\\PSoC4\\cyfitter_cfg.c\000"
 1472      72617465 
 1472      645F536F 
 1472      75726365 
 1472      5C50536F 
 1473              		.ident	"GCC: (GNU Tools for ARM Embedded Processors) 5.4.1 20160609 (release) [ARM/embedded-5-bran
